2025-04-23 02:15:40,318 - funding_amount_forecast - INFO - Funding Amount Forecast initialized
2025-04-23 02:15:40,318 - funding_amount_forecast - INFO - Starting funding amount forecast analysis
2025-04-23 02:15:40,318 - funding_amount_forecast - INFO - Loading data from JSON files
2025-04-23 02:15:40,321 - funding_amount_forecast - INFO - Loaded 1103 records from fundraiser data
2025-04-23 02:15:40,322 - funding_amount_forecast - INFO - Loaded 100 records from growthlist data
2025-04-23 02:15:40,324 - funding_amount_forecast - INFO - Loaded 546 records from topstartup data
2025-04-23 02:15:40,329 - funding_amount_forecast - INFO - Created DataFrame with 1749 records and 27 columns
2025-04-23 02:15:40,329 - funding_amount_forecast - INFO - Standardizing DataFrame
2025-04-23 02:15:40,359 - funding_amount_forecast - INFO - DataFrame standardization complete with 1749 records
2025-04-23 02:15:40,359 - funding_amount_forecast - INFO - Creating features for funding amount forecasting
2025-04-23 02:15:40,363 - funding_amount_forecast - INFO - Kept 1727 records with valid funding amounts
2025-04-23 02:15:40,365 - funding_amount_forecast - INFO - Converting funding_date to datetime
2025-04-23 02:15:41,350 - funding_amount_forecast - INFO - Estimating next round amounts for 623 companies without actual next round data
2025-04-23 02:15:41,514 - funding_amount_forecast - INFO - Feature engineering complete. Created 47 features.
2025-04-23 02:15:41,515 - funding_amount_forecast - INFO - Preparing data for model training
2025-04-23 02:15:41,516 - funding_amount_forecast - WARNING - Column funding_usd contains all NaN values and will be excluded from features
2025-04-23 02:15:41,517 - funding_amount_forecast - WARNING - Column avg_time_between_rounds contains all NaN values and will be excluded from features
2025-04-23 02:15:41,519 - funding_amount_forecast - INFO - Filling missing values with median
2025-04-23 02:15:41,520 - funding_amount_forecast - INFO - Using 1104 records with actual next round data for validation
2025-04-23 02:15:41,523 - funding_amount_forecast - INFO - Training set: 1395 records (772 actual, 623 estimated)
2025-04-23 02:15:41,523 - funding_amount_forecast - INFO - Test set: 332 records (all actual data)
2025-04-23 02:15:41,528 - funding_amount_forecast - INFO - Training models...
2025-04-23 02:15:41,528 - funding_amount_forecast - INFO - Training quantile regression forest with quantiles: [0.1, 0.5, 0.9]
2025-04-23 02:15:41,528 - funding_amount_forecast - INFO - Training model for quantile 0.1
2025-04-23 02:15:42,179 - funding_amount_forecast - INFO - Trained model for quantile 0.1
2025-04-23 02:15:42,179 - funding_amount_forecast - INFO - Training model for quantile 0.5
2025-04-23 02:15:42,790 - funding_amount_forecast - INFO - Trained model for quantile 0.5
2025-04-23 02:15:42,791 - funding_amount_forecast - INFO - Training model for quantile 0.9
2025-04-23 02:15:43,350 - funding_amount_forecast - INFO - Trained model for quantile 0.9
2025-04-23 02:15:43,350 - funding_amount_forecast - INFO - Training ensemble model
2025-04-23 02:15:44,173 - funding_amount_forecast - INFO - Evaluating models...
2025-04-23 02:15:44,173 - funding_amount_forecast - INFO - Evaluating model performance
2025-04-23 02:15:44,177 - funding_amount_forecast - INFO - Quantile Regression Forest Metrics: RMSE=$112297306.21, MAE=$38378558.44, R2=-0.0121, Log-R2=-0.1703, Within 20%=0.09, Same order of magnitude=0.78
2025-04-23 02:15:44,180 - funding_amount_forecast - INFO - 80% Prediction Interval Coverage: 0.6687
2025-04-23 02:15:44,180 - funding_amount_forecast - INFO - Evaluating model performance
2025-04-23 02:15:44,209 - funding_amount_forecast - INFO - random_forest Metrics: RMSE=$275907076.12, MAE=$62407458.54, R2=-5.1093, Log-R2=-0.2727, Within 20%=0.0973, Same order=0.7416
2025-04-23 02:15:44,213 - funding_amount_forecast - INFO - gradient_boosting Metrics: RMSE=$618297782.03, MAE=$103223878.80, R2=-29.6803, Log-R2=-0.3338, Within 20%=0.0906, Same order=0.7483
2025-04-23 02:15:44,241 - funding_amount_forecast - INFO - extra_trees Metrics: RMSE=$137311081.96, MAE=$62074825.53, R2=-0.5131, Log-R2=-0.3558, Within 20%=0.0671, Same order=0.6846
2025-04-23 02:15:44,243 - funding_amount_forecast - INFO - Ensemble Metrics: RMSE=$267933258.16, MAE=$74240781.30, R2=-4.7613, Log-R2=-0.3407, Within 20%=0.0973, Same order=0.7181
2025-04-23 02:15:44,307 - funding_amount_forecast - INFO - Creating visualizations...
2025-04-23 02:15:44,307 - funding_amount_forecast - INFO - Creating funding by stage visualization
2025-04-23 02:15:45,037 - funding_amount_forecast - INFO - Saved funding by stage visualization to /Users/hk/Downloads/DSFinalYearProject/output_forecast/funding_by_stage.png
2025-04-23 02:15:45,038 - funding_amount_forecast - INFO - Creating funding by industry visualization
2025-04-23 02:15:46,388 - funding_amount_forecast - INFO - Saved funding by industry visualizations to /Users/hk/Downloads/DSFinalYearProject/output_forecast/funding_by_industry_average.png and /Users/hk/Downloads/DSFinalYearProject/output_forecast/funding_by_industry_distribution.png
2025-04-23 02:15:46,389 - funding_amount_forecast - INFO - Creating prediction accuracy visualization
2025-04-23 02:15:46,731 - funding_amount_forecast - INFO - Saved prediction accuracy visualization to /Users/hk/Downloads/DSFinalYearProject/output_forecast/prediction_accuracy.png
2025-04-23 02:15:46,731 - funding_amount_forecast - INFO - Creating feature importance visualization
2025-04-23 02:15:47,087 - funding_amount_forecast - INFO - Saved feature importance visualization to /Users/hk/Downloads/DSFinalYearProject/output_forecast/feature_importance.png
2025-04-23 02:15:47,087 - funding_amount_forecast - INFO - Creating model calibration visualization
2025-04-23 02:15:47,370 - funding_amount_forecast - INFO - Saved model calibration visualization to /Users/hk/Downloads/DSFinalYearProject/output_forecast/model_calibration.png
2025-04-23 02:15:47,370 - funding_amount_forecast - INFO - Creating error distribution visualization
2025-04-23 02:15:49,196 - funding_amount_forecast - INFO - Saved error distribution visualization to /Users/hk/Downloads/DSFinalYearProject/output_forecast/error_distribution.png
2025-04-23 02:15:49,200 - funding_amount_forecast - INFO - Creating prediction intervals visualization
2025-04-23 02:15:49,542 - funding_amount_forecast - INFO - Saved prediction intervals visualization to /Users/hk/Downloads/DSFinalYearProject/output_forecast/prediction_intervals.png
2025-04-23 02:15:49,542 - funding_amount_forecast - INFO - Generating report...
2025-04-23 02:15:49,542 - funding_amount_forecast - INFO - Generating funding amount forecast report
2025-04-23 02:15:49,585 - funding_amount_forecast - INFO - Funding amount forecast report saved to /Users/hk/Downloads/DSFinalYearProject/output_forecast/funding_amount_forecast_report.md
2025-04-23 02:15:49,585 - funding_amount_forecast - INFO - markdown2 package not available, skipping HTML conversion
2025-04-23 02:15:49,585 - funding_amount_forecast - INFO - Saving model...
2025-04-23 02:15:49,585 - funding_amount_forecast - INFO - Saving model to /Users/hk/Downloads/DSFinalYearProject/output_forecast/funding_amount_forecast_model.pkl
2025-04-23 02:15:49,665 - funding_amount_forecast - INFO - Model saved successfully to /Users/hk/Downloads/DSFinalYearProject/output_forecast/funding_amount_forecast_model.pkl
2025-04-23 02:15:49,665 - funding_amount_forecast - INFO - Funding amount forecast analysis completed successfully
