2025-04-22 08:33:02,044 - funding_amount_forecast - INFO - Funding Amount Forecast initialized
2025-04-22 08:33:02,044 - funding_amount_forecast - INFO - Starting funding amount forecast analysis
2025-04-22 08:33:02,044 - funding_amount_forecast - INFO - Loading data from JSON files
2025-04-22 08:33:02,047 - funding_amount_forecast - INFO - Loaded 1103 records from fundraiser data
2025-04-22 08:33:02,048 - funding_amount_forecast - INFO - Loaded 100 records from growthlist data
2025-04-22 08:33:02,050 - funding_amount_forecast - INFO - Loaded 546 records from topstartup data
2025-04-22 08:33:02,058 - funding_amount_forecast - INFO - Created DataFrame with 1749 records and 27 columns
2025-04-22 08:33:02,058 - funding_amount_forecast - INFO - Standardizing DataFrame
2025-04-22 08:33:02,109 - funding_amount_forecast - INFO - DataFrame standardization complete with 1749 records
2025-04-22 08:35:34,097 - funding_amount_forecast - INFO - Funding Amount Forecast initialized
2025-04-22 08:35:34,100 - funding_amount_forecast - INFO - Starting funding amount forecast analysis
2025-04-22 08:35:34,100 - funding_amount_forecast - INFO - Loading data from JSON files
2025-04-22 08:35:34,104 - funding_amount_forecast - INFO - Loaded 1103 records from fundraiser data
2025-04-22 08:35:34,105 - funding_amount_forecast - INFO - Loaded 100 records from growthlist data
2025-04-22 08:35:34,106 - funding_amount_forecast - INFO - Loaded 546 records from topstartup data
2025-04-22 08:35:34,113 - funding_amount_forecast - INFO - Created DataFrame with 1749 records and 27 columns
2025-04-22 08:35:34,113 - funding_amount_forecast - INFO - Standardizing DataFrame
2025-04-22 08:35:34,151 - funding_amount_forecast - INFO - DataFrame standardization complete with 1749 records
2025-04-22 08:35:34,153 - funding_amount_forecast - INFO - Creating features for funding amount forecasting
2025-04-22 08:35:34,163 - funding_amount_forecast - INFO - Kept 1727 records with valid funding amounts
2025-04-22 08:36:24,274 - funding_amount_forecast - INFO - Funding Amount Forecast initialized
2025-04-22 08:36:24,274 - funding_amount_forecast - INFO - Starting funding amount forecast analysis
2025-04-22 08:36:24,274 - funding_amount_forecast - INFO - Loading data from JSON files
2025-04-22 08:36:24,278 - funding_amount_forecast - INFO - Loaded 1103 records from fundraiser data
2025-04-22 08:36:24,278 - funding_amount_forecast - INFO - Loaded 100 records from growthlist data
2025-04-22 08:36:24,280 - funding_amount_forecast - INFO - Loaded 546 records from topstartup data
2025-04-22 08:36:24,287 - funding_amount_forecast - INFO - Created DataFrame with 1749 records and 27 columns
2025-04-22 08:36:24,288 - funding_amount_forecast - INFO - Standardizing DataFrame
2025-04-22 08:36:24,311 - funding_amount_forecast - INFO - DataFrame standardization complete with 1749 records
2025-04-22 08:36:24,312 - funding_amount_forecast - INFO - Creating features for funding amount forecasting
2025-04-22 08:36:24,314 - funding_amount_forecast - INFO - Kept 1727 records with valid funding amounts
2025-04-22 08:36:24,315 - funding_amount_forecast - INFO - Converting funding_date to datetime
2025-04-22 08:36:25,300 - funding_amount_forecast - INFO - Feature engineering complete. Created 46 features.
2025-04-22 08:38:17,997 - funding_amount_forecast - INFO - Funding Amount Forecast initialized
2025-04-22 08:38:17,998 - funding_amount_forecast - INFO - Starting funding amount forecast analysis
2025-04-22 08:38:17,998 - funding_amount_forecast - INFO - Loading data from JSON files
2025-04-22 08:38:18,001 - funding_amount_forecast - INFO - Loaded 1103 records from fundraiser data
2025-04-22 08:38:18,002 - funding_amount_forecast - INFO - Loaded 100 records from growthlist data
2025-04-22 08:38:18,004 - funding_amount_forecast - INFO - Loaded 546 records from topstartup data
2025-04-22 08:38:18,010 - funding_amount_forecast - INFO - Created DataFrame with 1749 records and 27 columns
2025-04-22 08:38:18,010 - funding_amount_forecast - INFO - Standardizing DataFrame
2025-04-22 08:38:18,034 - funding_amount_forecast - INFO - DataFrame standardization complete with 1749 records
2025-04-22 08:38:18,035 - funding_amount_forecast - INFO - Creating features for funding amount forecasting
2025-04-22 08:38:18,037 - funding_amount_forecast - INFO - Kept 1727 records with valid funding amounts
2025-04-22 08:38:18,037 - funding_amount_forecast - INFO - Converting funding_date to datetime
2025-04-22 08:38:18,921 - funding_amount_forecast - INFO - Feature engineering complete. Created 46 features.
2025-04-22 08:38:18,922 - funding_amount_forecast - INFO - Preparing data for model training
2025-04-22 08:38:18,923 - funding_amount_forecast - WARNING - Very few samples (0) for model training after removing NaN values
2025-04-22 08:38:18,927 - funding_amount_forecast - INFO - Using time-based split with 1381 training and 346 test samples
2025-04-22 08:38:18,935 - funding_amount_forecast - INFO - Training models...
2025-04-22 08:38:18,935 - funding_amount_forecast - INFO - Training quantile regression forest with quantiles: [0.1, 0.5, 0.9]
2025-04-22 08:38:18,936 - funding_amount_forecast - INFO - Training model for quantile 0.1
2025-04-22 08:39:05,835 - funding_amount_forecast - INFO - Funding Amount Forecast initialized
2025-04-22 08:39:05,835 - funding_amount_forecast - INFO - Starting funding amount forecast analysis
2025-04-22 08:39:05,836 - funding_amount_forecast - INFO - Loading data from JSON files
2025-04-22 08:39:05,839 - funding_amount_forecast - INFO - Loaded 1103 records from fundraiser data
2025-04-22 08:39:05,839 - funding_amount_forecast - INFO - Loaded 100 records from growthlist data
2025-04-22 08:39:05,841 - funding_amount_forecast - INFO - Loaded 546 records from topstartup data
2025-04-22 08:39:05,849 - funding_amount_forecast - INFO - Created DataFrame with 1749 records and 27 columns
2025-04-22 08:39:05,849 - funding_amount_forecast - INFO - Standardizing DataFrame
2025-04-22 08:39:05,886 - funding_amount_forecast - INFO - DataFrame standardization complete with 1749 records
2025-04-22 08:39:05,887 - funding_amount_forecast - INFO - Creating features for funding amount forecasting
2025-04-22 08:39:05,890 - funding_amount_forecast - INFO - Kept 1727 records with valid funding amounts
2025-04-22 08:39:05,892 - funding_amount_forecast - INFO - Converting funding_date to datetime
2025-04-22 08:39:06,801 - funding_amount_forecast - INFO - Feature engineering complete. Created 46 features.
2025-04-22 08:39:06,802 - funding_amount_forecast - INFO - Preparing data for model training
2025-04-22 08:39:06,802 - funding_amount_forecast - INFO - Filling missing values with median
2025-04-22 08:39:06,804 - funding_amount_forecast - INFO - Filled avg_time_between_rounds with median: nan
2025-04-22 08:39:06,804 - funding_amount_forecast - WARNING - Column avg_time_between_rounds still has 1727 NaN values after imputation
2025-04-22 08:39:06,807 - funding_amount_forecast - INFO - Using time-based split with 1381 training and 346 test samples
2025-04-22 08:39:06,812 - funding_amount_forecast - INFO - Training models...
2025-04-22 08:39:06,812 - funding_amount_forecast - INFO - Training quantile regression forest with quantiles: [0.1, 0.5, 0.9]
2025-04-22 08:39:06,813 - funding_amount_forecast - INFO - Training model for quantile 0.1
2025-04-22 08:39:07,268 - funding_amount_forecast - INFO - Trained model for quantile 0.1
2025-04-22 08:39:07,268 - funding_amount_forecast - INFO - Training model for quantile 0.5
2025-04-22 08:39:07,474 - funding_amount_forecast - INFO - Trained model for quantile 0.5
2025-04-22 08:39:07,474 - funding_amount_forecast - INFO - Training model for quantile 0.9
2025-04-22 08:39:07,686 - funding_amount_forecast - INFO - Trained model for quantile 0.9
2025-04-22 08:39:07,687 - funding_amount_forecast - INFO - Training ensemble model
2025-04-22 08:39:08,458 - funding_amount_forecast - INFO - Evaluating models...
2025-04-22 08:39:08,459 - funding_amount_forecast - INFO - Evaluating model performance
2025-04-22 08:39:08,468 - funding_amount_forecast - INFO - Quantile Regression Forest Metrics: RMSE=0.00, MAE=0.00, R2=1.00, Within 20%=1.00
2025-04-22 08:39:08,469 - funding_amount_forecast - INFO - 80% Prediction Interval Coverage: 1.00
2025-04-22 08:39:08,469 - funding_amount_forecast - INFO - Evaluating model performance
2025-04-22 08:39:08,498 - funding_amount_forecast - INFO - random_forest Metrics: RMSE=3422442.17, MAE=663391.18, R2=0.00, Within 20%=0.96
2025-04-22 08:39:08,499 - funding_amount_forecast - INFO - gradient_boosting Metrics: RMSE=6407408.31, MAE=1134428.26, R2=0.00, Within 20%=0.97
2025-04-22 08:39:08,528 - funding_amount_forecast - INFO - extra_trees Metrics: RMSE=453964.34, MAE=59029.48, R2=0.00, Within 20%=1.00
2025-04-22 08:39:08,532 - funding_amount_forecast - INFO - Ensemble Metrics: RMSE=2710148.37, MAE=617613.20, R2=0.00, Within 20%=0.97
2025-04-22 08:39:08,533 - funding_amount_forecast - INFO - Creating visualizations...
2025-04-22 08:39:08,533 - funding_amount_forecast - INFO - Creating funding by stage visualization
2025-04-22 08:39:09,280 - funding_amount_forecast - INFO - Saved funding by stage visualization to outputFundingForecast/funding_by_stage.png
2025-04-22 08:39:09,280 - funding_amount_forecast - INFO - Creating funding by industry visualization
2025-04-22 08:39:10,449 - funding_amount_forecast - INFO - Saved funding by industry visualizations to outputFundingForecast/funding_by_industry_average.png and outputFundingForecast/funding_by_industry_distribution.png
2025-04-22 08:39:10,449 - funding_amount_forecast - INFO - Creating prediction accuracy visualization
2025-04-22 08:39:10,825 - funding_amount_forecast - INFO - Saved prediction accuracy visualization to outputFundingForecast/prediction_accuracy.png
2025-04-22 08:39:10,825 - funding_amount_forecast - INFO - Creating feature importance visualization
2025-04-22 08:39:11,184 - funding_amount_forecast - INFO - Saved feature importance visualization to outputFundingForecast/feature_importance.png
2025-04-22 08:39:11,184 - funding_amount_forecast - INFO - Creating model calibration visualization
2025-04-22 08:39:11,437 - funding_amount_forecast - INFO - Saved model calibration visualization to outputFundingForecast/model_calibration.png
2025-04-22 08:39:11,438 - funding_amount_forecast - INFO - Creating error distribution visualization
2025-04-22 08:39:11,991 - funding_amount_forecast - INFO - Saved error distribution visualization to outputFundingForecast/error_distribution.png
2025-04-22 08:39:11,991 - funding_amount_forecast - INFO - Creating prediction intervals visualization
2025-04-22 08:41:45,517 - funding_amount_forecast - INFO - Funding Amount Forecast initialized
2025-04-22 08:41:45,518 - funding_amount_forecast - INFO - Starting funding amount forecast analysis
2025-04-22 08:41:45,518 - funding_amount_forecast - INFO - Loading data from JSON files
2025-04-22 08:41:45,521 - funding_amount_forecast - INFO - Loaded 1103 records from fundraiser data
2025-04-22 08:41:45,521 - funding_amount_forecast - INFO - Loaded 100 records from growthlist data
2025-04-22 08:41:45,523 - funding_amount_forecast - INFO - Loaded 546 records from topstartup data
2025-04-22 08:41:45,530 - funding_amount_forecast - INFO - Created DataFrame with 1749 records and 27 columns
2025-04-22 08:41:45,530 - funding_amount_forecast - INFO - Standardizing DataFrame
2025-04-22 08:41:45,554 - funding_amount_forecast - INFO - DataFrame standardization complete with 1749 records
2025-04-22 08:41:45,555 - funding_amount_forecast - INFO - Creating features for funding amount forecasting
2025-04-22 08:41:45,557 - funding_amount_forecast - INFO - Kept 1727 records with valid funding amounts
2025-04-22 08:41:45,557 - funding_amount_forecast - INFO - Converting funding_date to datetime
2025-04-22 08:41:46,354 - funding_amount_forecast - INFO - Feature engineering complete. Created 46 features.
2025-04-22 08:41:46,355 - funding_amount_forecast - INFO - Preparing data for model training
2025-04-22 08:41:46,355 - funding_amount_forecast - INFO - Filling missing values with median
2025-04-22 08:41:46,357 - funding_amount_forecast - INFO - Filled avg_time_between_rounds with median: nan
2025-04-22 08:41:46,357 - funding_amount_forecast - WARNING - Column avg_time_between_rounds still has 1727 NaN values after imputation
2025-04-22 08:41:46,360 - funding_amount_forecast - INFO - Using time-based split with 1381 training and 346 test samples
2025-04-22 08:41:46,366 - funding_amount_forecast - INFO - Training models...
2025-04-22 08:41:46,366 - funding_amount_forecast - INFO - Training quantile regression forest with quantiles: [0.1, 0.5, 0.9]
2025-04-22 08:41:46,366 - funding_amount_forecast - INFO - Training model for quantile 0.1
2025-04-22 08:41:46,692 - funding_amount_forecast - INFO - Trained model for quantile 0.1
2025-04-22 08:41:46,693 - funding_amount_forecast - INFO - Training model for quantile 0.5
2025-04-22 08:41:46,854 - funding_amount_forecast - INFO - Trained model for quantile 0.5
2025-04-22 08:41:46,855 - funding_amount_forecast - INFO - Training model for quantile 0.9
2025-04-22 08:41:47,037 - funding_amount_forecast - INFO - Trained model for quantile 0.9
2025-04-22 08:41:47,038 - funding_amount_forecast - INFO - Training ensemble model
2025-04-22 08:41:47,771 - funding_amount_forecast - INFO - Evaluating models...
2025-04-22 08:41:47,771 - funding_amount_forecast - INFO - Evaluating model performance
2025-04-22 08:41:47,778 - funding_amount_forecast - INFO - Quantile Regression Forest Metrics: RMSE=0.00, MAE=0.00, R2=1.00, Within 20%=1.00
2025-04-22 08:41:47,782 - funding_amount_forecast - INFO - 80% Prediction Interval Coverage: 1.00
2025-04-22 08:41:47,782 - funding_amount_forecast - INFO - Evaluating model performance
2025-04-22 08:41:47,813 - funding_amount_forecast - INFO - random_forest Metrics: RMSE=3422442.17, MAE=663391.18, R2=0.00, Within 20%=0.96
2025-04-22 08:41:47,816 - funding_amount_forecast - INFO - gradient_boosting Metrics: RMSE=6407408.31, MAE=1134428.26, R2=0.00, Within 20%=0.97
2025-04-22 08:41:47,848 - funding_amount_forecast - INFO - extra_trees Metrics: RMSE=453964.34, MAE=59029.48, R2=0.00, Within 20%=1.00
2025-04-22 08:41:47,849 - funding_amount_forecast - INFO - Ensemble Metrics: RMSE=2710148.37, MAE=617613.20, R2=0.00, Within 20%=0.97
2025-04-22 08:41:47,850 - funding_amount_forecast - INFO - Creating visualizations...
2025-04-22 08:41:47,850 - funding_amount_forecast - INFO - Creating funding by stage visualization
2025-04-22 08:41:48,511 - funding_amount_forecast - INFO - Saved funding by stage visualization to outputFundingForecast/funding_by_stage.png
2025-04-22 08:41:48,511 - funding_amount_forecast - INFO - Creating funding by industry visualization
2025-04-22 08:41:49,484 - funding_amount_forecast - INFO - Saved funding by industry visualizations to outputFundingForecast/funding_by_industry_average.png and outputFundingForecast/funding_by_industry_distribution.png
2025-04-22 08:41:49,484 - funding_amount_forecast - INFO - Creating prediction accuracy visualization
2025-04-22 08:41:49,728 - funding_amount_forecast - INFO - Saved prediction accuracy visualization to outputFundingForecast/prediction_accuracy.png
2025-04-22 08:41:49,729 - funding_amount_forecast - INFO - Creating feature importance visualization
2025-04-22 08:41:50,061 - funding_amount_forecast - INFO - Saved feature importance visualization to outputFundingForecast/feature_importance.png
2025-04-22 08:41:50,061 - funding_amount_forecast - INFO - Creating model calibration visualization
2025-04-22 08:41:50,286 - funding_amount_forecast - INFO - Saved model calibration visualization to outputFundingForecast/model_calibration.png
2025-04-22 08:41:50,286 - funding_amount_forecast - INFO - Creating error distribution visualization
2025-04-22 08:41:50,793 - funding_amount_forecast - INFO - Saved error distribution visualization to outputFundingForecast/error_distribution.png
2025-04-22 08:41:50,794 - funding_amount_forecast - INFO - Creating prediction intervals visualization
2025-04-22 08:41:51,037 - funding_amount_forecast - INFO - Saved prediction intervals visualization to outputFundingForecast/prediction_intervals.png
2025-04-22 08:41:51,037 - funding_amount_forecast - INFO - Generating report...
2025-04-22 08:41:51,037 - funding_amount_forecast - INFO - Generating funding amount forecast report
2025-04-22 08:43:02,234 - funding_amount_forecast - INFO - Funding Amount Forecast initialized
2025-04-22 08:43:02,235 - funding_amount_forecast - INFO - Starting funding amount forecast analysis
2025-04-22 08:43:02,235 - funding_amount_forecast - INFO - Loading data from JSON files
2025-04-22 08:43:02,240 - funding_amount_forecast - INFO - Loaded 1103 records from fundraiser data
2025-04-22 08:43:02,241 - funding_amount_forecast - INFO - Loaded 100 records from growthlist data
2025-04-22 08:43:02,244 - funding_amount_forecast - INFO - Loaded 546 records from topstartup data
2025-04-22 08:43:02,251 - funding_amount_forecast - INFO - Created DataFrame with 1749 records and 27 columns
2025-04-22 08:43:02,251 - funding_amount_forecast - INFO - Standardizing DataFrame
2025-04-22 08:43:02,303 - funding_amount_forecast - INFO - DataFrame standardization complete with 1749 records
2025-04-22 08:43:02,304 - funding_amount_forecast - INFO - Creating features for funding amount forecasting
2025-04-22 08:43:02,308 - funding_amount_forecast - INFO - Kept 1727 records with valid funding amounts
2025-04-22 08:43:02,309 - funding_amount_forecast - INFO - Converting funding_date to datetime
2025-04-22 08:43:03,336 - funding_amount_forecast - INFO - Feature engineering complete. Created 46 features.
2025-04-22 08:43:03,337 - funding_amount_forecast - INFO - Preparing data for model training
2025-04-22 08:43:03,338 - funding_amount_forecast - INFO - Filling missing values with median
2025-04-22 08:43:03,339 - funding_amount_forecast - INFO - Filled avg_time_between_rounds with median: nan
2025-04-22 08:43:03,339 - funding_amount_forecast - WARNING - Column avg_time_between_rounds still has 1727 NaN values after imputation
2025-04-22 08:43:03,343 - funding_amount_forecast - INFO - Using time-based split with 1381 training and 346 test samples
2025-04-22 08:43:03,348 - funding_amount_forecast - INFO - Training models...
2025-04-22 08:43:03,348 - funding_amount_forecast - INFO - Training quantile regression forest with quantiles: [0.1, 0.5, 0.9]
2025-04-22 08:43:03,348 - funding_amount_forecast - INFO - Training model for quantile 0.1
2025-04-22 08:43:03,799 - funding_amount_forecast - INFO - Trained model for quantile 0.1
2025-04-22 08:43:03,799 - funding_amount_forecast - INFO - Training model for quantile 0.5
2025-04-22 08:43:04,011 - funding_amount_forecast - INFO - Trained model for quantile 0.5
2025-04-22 08:43:04,011 - funding_amount_forecast - INFO - Training model for quantile 0.9
2025-04-22 08:43:04,288 - funding_amount_forecast - INFO - Trained model for quantile 0.9
2025-04-22 08:43:04,289 - funding_amount_forecast - INFO - Training ensemble model
2025-04-22 08:43:05,694 - funding_amount_forecast - INFO - Evaluating models...
2025-04-22 08:43:05,695 - funding_amount_forecast - INFO - Evaluating model performance
2025-04-22 08:43:05,707 - funding_amount_forecast - INFO - Quantile Regression Forest Metrics: RMSE=0.00, MAE=0.00, R2=1.00, Within 20%=1.00
2025-04-22 08:43:05,715 - funding_amount_forecast - INFO - 80% Prediction Interval Coverage: 1.00
2025-04-22 08:43:05,715 - funding_amount_forecast - INFO - Evaluating model performance
2025-04-22 08:43:05,780 - funding_amount_forecast - INFO - random_forest Metrics: RMSE=3422442.17, MAE=663391.18, R2=0.00, Within 20%=0.96
2025-04-22 08:43:05,788 - funding_amount_forecast - INFO - gradient_boosting Metrics: RMSE=6407408.31, MAE=1134428.26, R2=0.00, Within 20%=0.97
2025-04-22 08:43:05,826 - funding_amount_forecast - INFO - extra_trees Metrics: RMSE=453964.34, MAE=59029.48, R2=0.00, Within 20%=1.00
2025-04-22 08:43:05,827 - funding_amount_forecast - INFO - Ensemble Metrics: RMSE=2710148.37, MAE=617613.20, R2=0.00, Within 20%=0.97
2025-04-22 08:43:05,828 - funding_amount_forecast - INFO - Creating visualizations...
2025-04-22 08:43:05,828 - funding_amount_forecast - INFO - Creating funding by stage visualization
2025-04-22 08:43:06,597 - funding_amount_forecast - INFO - Saved funding by stage visualization to outputFundingForecast/funding_by_stage.png
2025-04-22 08:43:06,597 - funding_amount_forecast - INFO - Creating funding by industry visualization
2025-04-22 08:43:07,984 - funding_amount_forecast - INFO - Saved funding by industry visualizations to outputFundingForecast/funding_by_industry_average.png and outputFundingForecast/funding_by_industry_distribution.png
2025-04-22 08:43:07,984 - funding_amount_forecast - INFO - Creating prediction accuracy visualization
2025-04-22 08:43:08,342 - funding_amount_forecast - INFO - Saved prediction accuracy visualization to outputFundingForecast/prediction_accuracy.png
2025-04-22 08:43:08,342 - funding_amount_forecast - INFO - Creating feature importance visualization
2025-04-22 08:43:08,717 - funding_amount_forecast - INFO - Saved feature importance visualization to outputFundingForecast/feature_importance.png
2025-04-22 08:43:08,717 - funding_amount_forecast - INFO - Creating model calibration visualization
2025-04-22 08:43:08,973 - funding_amount_forecast - INFO - Saved model calibration visualization to outputFundingForecast/model_calibration.png
2025-04-22 08:43:08,973 - funding_amount_forecast - INFO - Creating error distribution visualization
2025-04-22 08:43:09,525 - funding_amount_forecast - INFO - Saved error distribution visualization to outputFundingForecast/error_distribution.png
2025-04-22 08:43:09,526 - funding_amount_forecast - INFO - Creating prediction intervals visualization
2025-04-22 08:43:09,840 - funding_amount_forecast - INFO - Saved prediction intervals visualization to outputFundingForecast/prediction_intervals.png
2025-04-22 08:43:09,840 - funding_amount_forecast - INFO - Generating report...
2025-04-22 08:43:09,840 - funding_amount_forecast - INFO - Generating funding amount forecast report
2025-04-22 08:44:06,376 - funding_amount_forecast - INFO - Funding Amount Forecast initialized
2025-04-22 08:44:06,376 - funding_amount_forecast - INFO - Starting funding amount forecast analysis
2025-04-22 08:44:06,377 - funding_amount_forecast - INFO - Loading data from JSON files
2025-04-22 08:44:06,380 - funding_amount_forecast - INFO - Loaded 1103 records from fundraiser data
2025-04-22 08:44:06,381 - funding_amount_forecast - INFO - Loaded 100 records from growthlist data
2025-04-22 08:44:06,383 - funding_amount_forecast - INFO - Loaded 546 records from topstartup data
2025-04-22 08:44:06,390 - funding_amount_forecast - INFO - Created DataFrame with 1749 records and 27 columns
2025-04-22 08:44:06,391 - funding_amount_forecast - INFO - Standardizing DataFrame
2025-04-22 08:44:06,432 - funding_amount_forecast - INFO - DataFrame standardization complete with 1749 records
2025-04-22 08:44:06,433 - funding_amount_forecast - INFO - Creating features for funding amount forecasting
2025-04-22 08:44:06,436 - funding_amount_forecast - INFO - Kept 1727 records with valid funding amounts
2025-04-22 08:44:06,437 - funding_amount_forecast - INFO - Converting funding_date to datetime
2025-04-22 08:44:07,577 - funding_amount_forecast - INFO - Feature engineering complete. Created 46 features.
2025-04-22 08:44:07,578 - funding_amount_forecast - INFO - Preparing data for model training
2025-04-22 08:44:07,579 - funding_amount_forecast - INFO - Filling missing values with median
2025-04-22 08:44:07,580 - funding_amount_forecast - INFO - Filled avg_time_between_rounds with median: nan
2025-04-22 08:44:07,580 - funding_amount_forecast - WARNING - Column avg_time_between_rounds still has 1727 NaN values after imputation
2025-04-22 08:44:07,583 - funding_amount_forecast - INFO - Using time-based split with 1381 training and 346 test samples
2025-04-22 08:44:07,589 - funding_amount_forecast - INFO - Training models...
2025-04-22 08:44:07,590 - funding_amount_forecast - INFO - Training quantile regression forest with quantiles: [0.1, 0.5, 0.9]
2025-04-22 08:44:07,590 - funding_amount_forecast - INFO - Training model for quantile 0.1
2025-04-22 08:44:08,005 - funding_amount_forecast - INFO - Trained model for quantile 0.1
2025-04-22 08:44:08,005 - funding_amount_forecast - INFO - Training model for quantile 0.5
2025-04-22 08:44:08,216 - funding_amount_forecast - INFO - Trained model for quantile 0.5
2025-04-22 08:44:08,216 - funding_amount_forecast - INFO - Training model for quantile 0.9
2025-04-22 08:44:08,398 - funding_amount_forecast - INFO - Trained model for quantile 0.9
2025-04-22 08:44:08,398 - funding_amount_forecast - INFO - Training ensemble model
2025-04-22 08:44:09,216 - funding_amount_forecast - INFO - Evaluating models...
2025-04-22 08:44:09,216 - funding_amount_forecast - INFO - Evaluating model performance
2025-04-22 08:44:09,219 - funding_amount_forecast - INFO - Quantile Regression Forest Metrics: RMSE=0.00, MAE=0.00, R2=1.00, Within 20%=1.00
2025-04-22 08:44:09,221 - funding_amount_forecast - INFO - 80% Prediction Interval Coverage: 1.00
2025-04-22 08:44:09,221 - funding_amount_forecast - INFO - Evaluating model performance
2025-04-22 08:44:09,251 - funding_amount_forecast - INFO - random_forest Metrics: RMSE=3422442.17, MAE=663391.18, R2=0.00, Within 20%=0.96
2025-04-22 08:44:09,253 - funding_amount_forecast - INFO - gradient_boosting Metrics: RMSE=6407408.31, MAE=1134428.26, R2=0.00, Within 20%=0.97
2025-04-22 08:44:09,283 - funding_amount_forecast - INFO - extra_trees Metrics: RMSE=453964.34, MAE=59029.48, R2=0.00, Within 20%=1.00
2025-04-22 08:44:09,284 - funding_amount_forecast - INFO - Ensemble Metrics: RMSE=2710148.37, MAE=617613.20, R2=0.00, Within 20%=0.97
2025-04-22 08:44:09,284 - funding_amount_forecast - INFO - Creating visualizations...
2025-04-22 08:44:09,284 - funding_amount_forecast - INFO - Creating funding by stage visualization
2025-04-22 08:44:10,021 - funding_amount_forecast - INFO - Saved funding by stage visualization to outputFundingForecast/funding_by_stage.png
2025-04-22 08:44:10,021 - funding_amount_forecast - INFO - Creating funding by industry visualization
2025-04-22 08:44:11,365 - funding_amount_forecast - INFO - Saved funding by industry visualizations to outputFundingForecast/funding_by_industry_average.png and outputFundingForecast/funding_by_industry_distribution.png
2025-04-22 08:44:11,365 - funding_amount_forecast - INFO - Creating prediction accuracy visualization
2025-04-22 08:44:11,678 - funding_amount_forecast - INFO - Saved prediction accuracy visualization to outputFundingForecast/prediction_accuracy.png
2025-04-22 08:44:11,678 - funding_amount_forecast - INFO - Creating feature importance visualization
2025-04-22 08:44:12,051 - funding_amount_forecast - INFO - Saved feature importance visualization to outputFundingForecast/feature_importance.png
2025-04-22 08:44:12,051 - funding_amount_forecast - INFO - Creating model calibration visualization
2025-04-22 08:44:12,312 - funding_amount_forecast - INFO - Saved model calibration visualization to outputFundingForecast/model_calibration.png
2025-04-22 08:44:12,312 - funding_amount_forecast - INFO - Creating error distribution visualization
2025-04-22 08:44:12,862 - funding_amount_forecast - INFO - Saved error distribution visualization to outputFundingForecast/error_distribution.png
2025-04-22 08:44:12,862 - funding_amount_forecast - INFO - Creating prediction intervals visualization
2025-04-22 08:44:13,172 - funding_amount_forecast - INFO - Saved prediction intervals visualization to outputFundingForecast/prediction_intervals.png
2025-04-22 08:44:13,172 - funding_amount_forecast - INFO - Generating report...
2025-04-22 08:44:13,172 - funding_amount_forecast - INFO - Generating funding amount forecast report
2025-04-22 08:46:32,051 - funding_amount_forecast - INFO - Funding Amount Forecast initialized
2025-04-22 08:46:32,052 - funding_amount_forecast - INFO - Starting funding amount forecast analysis
2025-04-22 08:46:32,052 - funding_amount_forecast - INFO - Loading data from JSON files
2025-04-22 08:46:32,055 - funding_amount_forecast - INFO - Loaded 1103 records from fundraiser data
2025-04-22 08:46:32,056 - funding_amount_forecast - INFO - Loaded 100 records from growthlist data
2025-04-22 08:46:32,058 - funding_amount_forecast - INFO - Loaded 546 records from topstartup data
2025-04-22 08:46:32,066 - funding_amount_forecast - INFO - Created DataFrame with 1749 records and 27 columns
2025-04-22 08:46:32,066 - funding_amount_forecast - INFO - Standardizing DataFrame
2025-04-22 08:46:32,103 - funding_amount_forecast - INFO - DataFrame standardization complete with 1749 records
2025-04-22 08:46:32,104 - funding_amount_forecast - INFO - Creating features for funding amount forecasting
2025-04-22 08:46:32,106 - funding_amount_forecast - INFO - Kept 1727 records with valid funding amounts
2025-04-22 08:46:32,107 - funding_amount_forecast - INFO - Converting funding_date to datetime
2025-04-22 08:46:33,015 - funding_amount_forecast - INFO - Feature engineering complete. Created 46 features.
2025-04-22 08:46:33,016 - funding_amount_forecast - INFO - Preparing data for model training
2025-04-22 08:46:33,017 - funding_amount_forecast - WARNING - Column funding_usd contains all NaN values and will be excluded from features
2025-04-22 08:46:33,018 - funding_amount_forecast - WARNING - Column avg_time_between_rounds contains all NaN values and will be excluded from features
2025-04-22 08:46:33,019 - funding_amount_forecast - INFO - Filling missing values with median
2025-04-22 08:46:33,029 - funding_amount_forecast - INFO - Using time-based split with 1381 training and 346 test samples
2025-04-22 08:46:33,035 - funding_amount_forecast - INFO - Training models...
2025-04-22 08:46:33,035 - funding_amount_forecast - INFO - Training quantile regression forest with quantiles: [0.1, 0.5, 0.9]
2025-04-22 08:46:33,035 - funding_amount_forecast - INFO - Training model for quantile 0.1
2025-04-22 08:46:33,423 - funding_amount_forecast - INFO - Trained model for quantile 0.1
2025-04-22 08:46:33,423 - funding_amount_forecast - INFO - Training model for quantile 0.5
2025-04-22 08:46:33,975 - funding_amount_forecast - INFO - Trained model for quantile 0.5
2025-04-22 08:46:33,975 - funding_amount_forecast - INFO - Training model for quantile 0.9
2025-04-22 08:46:34,183 - funding_amount_forecast - INFO - Trained model for quantile 0.9
2025-04-22 08:46:34,183 - funding_amount_forecast - INFO - Training ensemble model
2025-04-22 08:46:34,983 - funding_amount_forecast - INFO - Evaluating models...
2025-04-22 08:46:34,983 - funding_amount_forecast - INFO - Evaluating model performance
2025-04-22 08:46:34,987 - funding_amount_forecast - INFO - Quantile Regression Forest Metrics: RMSE=0.00, MAE=0.00, R2=1.00, Within 20%=1.00
2025-04-22 08:46:34,988 - funding_amount_forecast - INFO - 80% Prediction Interval Coverage: 1.00
2025-04-22 08:46:34,988 - funding_amount_forecast - INFO - Evaluating model performance
2025-04-22 08:46:35,017 - funding_amount_forecast - INFO - random_forest Metrics: RMSE=3422442.17, MAE=663391.18, R2=0.00, Within 20%=0.96
2025-04-22 08:46:35,019 - funding_amount_forecast - INFO - gradient_boosting Metrics: RMSE=7226774.37, MAE=1221672.00, R2=0.00, Within 20%=0.97
2025-04-22 08:46:35,048 - funding_amount_forecast - INFO - extra_trees Metrics: RMSE=271155.29, MAE=36811.99, R2=0.00, Within 20%=1.00
2025-04-22 08:46:35,049 - funding_amount_forecast - INFO - Ensemble Metrics: RMSE=2916806.43, MAE=639408.65, R2=0.00, Within 20%=0.97
2025-04-22 08:46:35,050 - funding_amount_forecast - INFO - Creating visualizations...
2025-04-22 08:46:35,050 - funding_amount_forecast - INFO - Creating funding by stage visualization
2025-04-22 08:46:35,836 - funding_amount_forecast - INFO - Saved funding by stage visualization to outputFundingForecast/funding_by_stage.png
2025-04-22 08:46:35,837 - funding_amount_forecast - INFO - Creating funding by industry visualization
2025-04-22 08:46:36,908 - funding_amount_forecast - INFO - Saved funding by industry visualizations to outputFundingForecast/funding_by_industry_average.png and outputFundingForecast/funding_by_industry_distribution.png
2025-04-22 08:46:36,908 - funding_amount_forecast - INFO - Creating prediction accuracy visualization
2025-04-22 08:46:37,204 - funding_amount_forecast - INFO - Saved prediction accuracy visualization to outputFundingForecast/prediction_accuracy.png
2025-04-22 08:46:37,204 - funding_amount_forecast - INFO - Creating feature importance visualization
2025-04-22 08:46:37,528 - funding_amount_forecast - INFO - Saved feature importance visualization to outputFundingForecast/feature_importance.png
2025-04-22 08:46:37,528 - funding_amount_forecast - INFO - Creating model calibration visualization
2025-04-22 08:46:37,779 - funding_amount_forecast - INFO - Saved model calibration visualization to outputFundingForecast/model_calibration.png
2025-04-22 08:46:37,779 - funding_amount_forecast - INFO - Creating error distribution visualization
2025-04-22 08:46:38,345 - funding_amount_forecast - INFO - Saved error distribution visualization to outputFundingForecast/error_distribution.png
2025-04-22 08:46:38,345 - funding_amount_forecast - INFO - Creating prediction intervals visualization
2025-04-22 08:46:38,618 - funding_amount_forecast - INFO - Saved prediction intervals visualization to outputFundingForecast/prediction_intervals.png
2025-04-22 08:46:38,619 - funding_amount_forecast - INFO - Generating report...
2025-04-22 08:46:38,619 - funding_amount_forecast - INFO - Generating funding amount forecast report
2025-04-22 08:46:38,626 - funding_amount_forecast - ERROR - Error generating report: Unknown format code 'f' for object of type 'str'
2025-04-22 08:46:38,627 - funding_amount_forecast - INFO - Saving model...
2025-04-22 08:46:38,627 - funding_amount_forecast - INFO - Saving model to outputFundingForecast/funding_amount_forecast_model.pkl
2025-04-22 08:46:38,777 - funding_amount_forecast - INFO - Model saved successfully to outputFundingForecast/funding_amount_forecast_model.pkl
2025-04-22 08:46:38,778 - funding_amount_forecast - INFO - Funding amount forecast analysis completed successfully
2025-04-22 08:47:27,110 - funding_amount_forecast - INFO - Funding Amount Forecast initialized
2025-04-22 08:47:27,111 - funding_amount_forecast - INFO - Starting funding amount forecast analysis
2025-04-22 08:47:27,111 - funding_amount_forecast - INFO - Loading data from JSON files
2025-04-22 08:47:27,114 - funding_amount_forecast - INFO - Loaded 1103 records from fundraiser data
2025-04-22 08:47:27,115 - funding_amount_forecast - INFO - Loaded 100 records from growthlist data
2025-04-22 08:47:27,117 - funding_amount_forecast - INFO - Loaded 546 records from topstartup data
2025-04-22 08:47:27,127 - funding_amount_forecast - INFO - Created DataFrame with 1749 records and 27 columns
2025-04-22 08:47:27,127 - funding_amount_forecast - INFO - Standardizing DataFrame
2025-04-22 08:47:27,162 - funding_amount_forecast - INFO - DataFrame standardization complete with 1749 records
2025-04-22 08:47:27,162 - funding_amount_forecast - INFO - Creating features for funding amount forecasting
2025-04-22 08:47:27,166 - funding_amount_forecast - INFO - Kept 1727 records with valid funding amounts
2025-04-22 08:47:27,166 - funding_amount_forecast - INFO - Converting funding_date to datetime
2025-04-22 08:47:28,093 - funding_amount_forecast - INFO - Feature engineering complete. Created 46 features.
2025-04-22 08:47:28,094 - funding_amount_forecast - INFO - Preparing data for model training
2025-04-22 08:47:28,096 - funding_amount_forecast - WARNING - Column funding_usd contains all NaN values and will be excluded from features
2025-04-22 08:47:28,097 - funding_amount_forecast - WARNING - Column avg_time_between_rounds contains all NaN values and will be excluded from features
2025-04-22 08:47:28,098 - funding_amount_forecast - INFO - Filling missing values with median
2025-04-22 08:47:28,103 - funding_amount_forecast - INFO - Using time-based split with 1381 training and 346 test samples
2025-04-22 08:47:28,111 - funding_amount_forecast - INFO - Training models...
2025-04-22 08:47:28,111 - funding_amount_forecast - INFO - Training quantile regression forest with quantiles: [0.1, 0.5, 0.9]
2025-04-22 08:47:28,111 - funding_amount_forecast - INFO - Training model for quantile 0.1
2025-04-22 08:47:28,500 - funding_amount_forecast - INFO - Trained model for quantile 0.1
2025-04-22 08:47:28,500 - funding_amount_forecast - INFO - Training model for quantile 0.5
2025-04-22 08:47:28,705 - funding_amount_forecast - INFO - Trained model for quantile 0.5
2025-04-22 08:47:28,706 - funding_amount_forecast - INFO - Training model for quantile 0.9
2025-04-22 08:47:28,914 - funding_amount_forecast - INFO - Trained model for quantile 0.9
2025-04-22 08:47:28,914 - funding_amount_forecast - INFO - Training ensemble model
2025-04-22 08:47:29,878 - funding_amount_forecast - INFO - Evaluating models...
2025-04-22 08:47:29,878 - funding_amount_forecast - INFO - Evaluating model performance
2025-04-22 08:47:29,881 - funding_amount_forecast - INFO - Quantile Regression Forest Metrics: RMSE=0.00, MAE=0.00, R2=1.00, Within 20%=1.00
2025-04-22 08:47:29,883 - funding_amount_forecast - INFO - 80% Prediction Interval Coverage: 1.00
2025-04-22 08:47:29,883 - funding_amount_forecast - INFO - Evaluating model performance
2025-04-22 08:47:29,913 - funding_amount_forecast - INFO - random_forest Metrics: RMSE=3422442.17, MAE=663391.18, R2=0.00, Within 20%=0.96
2025-04-22 08:47:29,915 - funding_amount_forecast - INFO - gradient_boosting Metrics: RMSE=7226774.37, MAE=1221672.00, R2=0.00, Within 20%=0.97
2025-04-22 08:47:29,944 - funding_amount_forecast - INFO - extra_trees Metrics: RMSE=271155.29, MAE=36811.99, R2=0.00, Within 20%=1.00
2025-04-22 08:47:29,945 - funding_amount_forecast - INFO - Ensemble Metrics: RMSE=2916806.43, MAE=639408.65, R2=0.00, Within 20%=0.97
2025-04-22 08:47:29,945 - funding_amount_forecast - INFO - Creating visualizations...
2025-04-22 08:47:29,945 - funding_amount_forecast - INFO - Creating funding by stage visualization
2025-04-22 08:47:30,710 - funding_amount_forecast - INFO - Saved funding by stage visualization to outputFundingForecast/funding_by_stage.png
2025-04-22 08:47:30,710 - funding_amount_forecast - INFO - Creating funding by industry visualization
2025-04-22 08:47:31,701 - funding_amount_forecast - INFO - Saved funding by industry visualizations to outputFundingForecast/funding_by_industry_average.png and outputFundingForecast/funding_by_industry_distribution.png
2025-04-22 08:47:31,701 - funding_amount_forecast - INFO - Creating prediction accuracy visualization
2025-04-22 08:47:31,964 - funding_amount_forecast - INFO - Saved prediction accuracy visualization to outputFundingForecast/prediction_accuracy.png
2025-04-22 08:47:31,964 - funding_amount_forecast - INFO - Creating feature importance visualization
2025-04-22 08:47:32,763 - funding_amount_forecast - INFO - Saved feature importance visualization to outputFundingForecast/feature_importance.png
2025-04-22 08:47:32,764 - funding_amount_forecast - INFO - Creating model calibration visualization
2025-04-22 08:47:33,012 - funding_amount_forecast - INFO - Saved model calibration visualization to outputFundingForecast/model_calibration.png
2025-04-22 08:47:33,012 - funding_amount_forecast - INFO - Creating error distribution visualization
2025-04-22 08:47:33,614 - funding_amount_forecast - INFO - Saved error distribution visualization to outputFundingForecast/error_distribution.png
2025-04-22 08:47:33,614 - funding_amount_forecast - INFO - Creating prediction intervals visualization
2025-04-22 08:47:33,896 - funding_amount_forecast - INFO - Saved prediction intervals visualization to outputFundingForecast/prediction_intervals.png
2025-04-22 08:47:33,896 - funding_amount_forecast - INFO - Generating report...
2025-04-22 08:47:33,896 - funding_amount_forecast - INFO - Generating funding amount forecast report
2025-04-22 08:47:33,903 - funding_amount_forecast - INFO - Saved funding amount forecast report to outputFundingForecast/funding_amount_forecast_report.md
2025-04-22 08:47:33,903 - funding_amount_forecast - INFO - Saving model...
2025-04-22 08:47:33,903 - funding_amount_forecast - INFO - Saving model to outputFundingForecast/funding_amount_forecast_model.pkl
2025-04-22 08:47:34,089 - funding_amount_forecast - INFO - Model saved successfully to outputFundingForecast/funding_amount_forecast_model.pkl
2025-04-22 08:47:34,089 - funding_amount_forecast - INFO - Funding amount forecast analysis completed successfully
2025-04-22 08:49:14,937 - funding_amount_forecast - INFO - Funding Amount Forecast initialized
2025-04-22 08:49:14,938 - funding_amount_forecast - INFO - Starting funding amount forecast analysis
2025-04-22 08:49:14,938 - funding_amount_forecast - INFO - Loading data from JSON files
2025-04-22 08:49:14,941 - funding_amount_forecast - INFO - Loaded 1103 records from fundraiser data
2025-04-22 08:49:14,942 - funding_amount_forecast - INFO - Loaded 100 records from growthlist data
2025-04-22 08:49:14,944 - funding_amount_forecast - INFO - Loaded 546 records from topstartup data
2025-04-22 08:49:14,950 - funding_amount_forecast - INFO - Created DataFrame with 1749 records and 27 columns
2025-04-22 08:49:14,950 - funding_amount_forecast - INFO - Standardizing DataFrame
2025-04-22 08:49:14,976 - funding_amount_forecast - INFO - DataFrame standardization complete with 1749 records
2025-04-22 08:49:14,976 - funding_amount_forecast - INFO - Creating features for funding amount forecasting
2025-04-22 08:49:14,979 - funding_amount_forecast - INFO - Kept 1727 records with valid funding amounts
2025-04-22 08:49:14,979 - funding_amount_forecast - INFO - Converting funding_date to datetime
2025-04-22 08:49:16,035 - funding_amount_forecast - INFO - Feature engineering complete. Created 46 features.
2025-04-22 08:49:16,036 - funding_amount_forecast - INFO - Preparing data for model training
2025-04-22 08:49:16,038 - funding_amount_forecast - WARNING - Column funding_usd contains all NaN values and will be excluded from features
2025-04-22 08:49:16,041 - funding_amount_forecast - WARNING - Column avg_time_between_rounds contains all NaN values and will be excluded from features
2025-04-22 08:49:16,043 - funding_amount_forecast - INFO - Filling missing values with median
2025-04-22 08:49:16,048 - funding_amount_forecast - INFO - Using time-based split with 1381 training and 346 test samples
2025-04-22 08:49:16,053 - funding_amount_forecast - INFO - Training models...
2025-04-22 08:49:16,053 - funding_amount_forecast - INFO - Training quantile regression forest with quantiles: [0.1, 0.5, 0.9]
2025-04-22 08:49:16,053 - funding_amount_forecast - INFO - Training model for quantile 0.1
2025-04-22 08:49:16,466 - funding_amount_forecast - INFO - Trained model for quantile 0.1
2025-04-22 08:49:16,466 - funding_amount_forecast - INFO - Training model for quantile 0.5
2025-04-22 08:49:16,716 - funding_amount_forecast - INFO - Trained model for quantile 0.5
2025-04-22 08:49:16,716 - funding_amount_forecast - INFO - Training model for quantile 0.9
2025-04-22 08:49:16,930 - funding_amount_forecast - INFO - Trained model for quantile 0.9
2025-04-22 08:49:16,930 - funding_amount_forecast - INFO - Training ensemble model
2025-04-22 08:49:17,639 - funding_amount_forecast - INFO - Evaluating models...
2025-04-22 08:49:17,640 - funding_amount_forecast - INFO - Evaluating model performance
2025-04-22 08:49:17,644 - funding_amount_forecast - INFO - Quantile Regression Forest Metrics: RMSE=0.00, MAE=0.00, R2=1.00, Within 20%=1.00
2025-04-22 08:49:17,647 - funding_amount_forecast - INFO - 80% Prediction Interval Coverage: 1.00
2025-04-22 08:49:17,647 - funding_amount_forecast - INFO - Evaluating model performance
2025-04-22 08:49:17,834 - funding_amount_forecast - INFO - random_forest Metrics: RMSE=3422442.17, MAE=663391.18, R2=0.00, Within 20%=0.96
2025-04-22 08:49:17,915 - funding_amount_forecast - INFO - gradient_boosting Metrics: RMSE=7226774.37, MAE=1221672.00, R2=0.00, Within 20%=0.97
2025-04-22 08:49:18,056 - funding_amount_forecast - INFO - extra_trees Metrics: RMSE=271155.29, MAE=36811.99, R2=0.00, Within 20%=1.00
2025-04-22 08:49:18,058 - funding_amount_forecast - INFO - Ensemble Metrics: RMSE=2916806.43, MAE=639408.65, R2=0.00, Within 20%=0.97
2025-04-22 08:49:18,059 - funding_amount_forecast - INFO - Creating visualizations...
2025-04-22 08:49:18,059 - funding_amount_forecast - INFO - Creating funding by stage visualization
2025-04-22 08:49:19,650 - funding_amount_forecast - INFO - Saved funding by stage visualization to outputFundingForecast/funding_by_stage.png
2025-04-22 08:49:19,650 - funding_amount_forecast - INFO - Creating funding by industry visualization
2025-04-22 08:49:21,647 - funding_amount_forecast - INFO - Saved funding by industry visualizations to outputFundingForecast/funding_by_industry_average.png and outputFundingForecast/funding_by_industry_distribution.png
2025-04-22 08:49:21,654 - funding_amount_forecast - INFO - Creating prediction accuracy visualization
2025-04-22 08:49:21,982 - funding_amount_forecast - INFO - Saved prediction accuracy visualization to outputFundingForecast/prediction_accuracy.png
2025-04-22 08:49:21,982 - funding_amount_forecast - INFO - Creating feature importance visualization
2025-04-22 08:49:22,448 - funding_amount_forecast - INFO - Saved feature importance visualization to outputFundingForecast/feature_importance.png
2025-04-22 08:49:22,448 - funding_amount_forecast - INFO - Creating model calibration visualization
2025-04-22 08:49:22,877 - funding_amount_forecast - INFO - Saved model calibration visualization to outputFundingForecast/model_calibration.png
2025-04-22 08:49:22,877 - funding_amount_forecast - INFO - Creating error distribution visualization
2025-04-22 08:49:24,689 - funding_amount_forecast - INFO - Saved error distribution visualization to outputFundingForecast/error_distribution.png
2025-04-22 08:49:24,690 - funding_amount_forecast - INFO - Creating prediction intervals visualization
2025-04-22 08:49:25,216 - funding_amount_forecast - INFO - Saved prediction intervals visualization to outputFundingForecast/prediction_intervals.png
2025-04-22 08:49:25,216 - funding_amount_forecast - INFO - Generating report...
2025-04-22 08:49:25,217 - funding_amount_forecast - INFO - Generating funding amount forecast report
2025-04-22 08:49:25,230 - funding_amount_forecast - INFO - Saved funding amount forecast report to outputFundingForecast/funding_amount_forecast_report.md
2025-04-22 08:49:25,230 - funding_amount_forecast - INFO - Saving model...
2025-04-22 08:49:25,230 - funding_amount_forecast - INFO - Saving model to outputFundingForecast/funding_amount_forecast_model.pkl
2025-04-22 08:49:25,458 - funding_amount_forecast - INFO - Model saved successfully to outputFundingForecast/funding_amount_forecast_model.pkl
2025-04-22 08:49:25,458 - funding_amount_forecast - INFO - Funding amount forecast analysis completed successfully
2025-04-22 08:50:16,990 - funding_amount_forecast - INFO - Funding Amount Forecast initialized
2025-04-22 08:50:16,991 - funding_amount_forecast - INFO - Starting funding amount forecast analysis
2025-04-22 08:50:16,991 - funding_amount_forecast - INFO - Loading data from JSON files
2025-04-22 08:50:16,994 - funding_amount_forecast - INFO - Loaded 1103 records from fundraiser data
2025-04-22 08:50:16,995 - funding_amount_forecast - INFO - Loaded 100 records from growthlist data
2025-04-22 08:50:16,996 - funding_amount_forecast - INFO - Loaded 546 records from topstartup data
2025-04-22 08:50:17,004 - funding_amount_forecast - INFO - Created DataFrame with 1749 records and 27 columns
2025-04-22 08:50:17,004 - funding_amount_forecast - INFO - Standardizing DataFrame
2025-04-22 08:50:17,028 - funding_amount_forecast - INFO - DataFrame standardization complete with 1749 records
2025-04-22 08:50:17,028 - funding_amount_forecast - INFO - Creating features for funding amount forecasting
2025-04-22 08:50:17,030 - funding_amount_forecast - INFO - Kept 1727 records with valid funding amounts
2025-04-22 08:50:17,031 - funding_amount_forecast - INFO - Converting funding_date to datetime
2025-04-22 08:50:17,902 - funding_amount_forecast - INFO - Feature engineering complete. Created 46 features.
2025-04-22 08:50:17,902 - funding_amount_forecast - INFO - Preparing data for model training
2025-04-22 08:50:17,903 - funding_amount_forecast - WARNING - Column funding_usd contains all NaN values and will be excluded from features
2025-04-22 08:50:17,904 - funding_amount_forecast - WARNING - Column avg_time_between_rounds contains all NaN values and will be excluded from features
2025-04-22 08:50:17,906 - funding_amount_forecast - INFO - Filling missing values with median
2025-04-22 08:50:17,910 - funding_amount_forecast - INFO - Using time-based split with 1381 training and 346 test samples
2025-04-22 08:50:17,914 - funding_amount_forecast - INFO - Training models...
2025-04-22 08:50:17,915 - funding_amount_forecast - INFO - Training quantile regression forest with quantiles: [0.1, 0.5, 0.9]
2025-04-22 08:50:17,915 - funding_amount_forecast - INFO - Training model for quantile 0.1
2025-04-22 08:50:18,301 - funding_amount_forecast - INFO - Trained model for quantile 0.1
2025-04-22 08:50:18,301 - funding_amount_forecast - INFO - Training model for quantile 0.5
2025-04-22 08:50:18,492 - funding_amount_forecast - INFO - Trained model for quantile 0.5
2025-04-22 08:50:18,492 - funding_amount_forecast - INFO - Training model for quantile 0.9
2025-04-22 08:50:18,677 - funding_amount_forecast - INFO - Trained model for quantile 0.9
2025-04-22 08:50:18,677 - funding_amount_forecast - INFO - Training ensemble model
2025-04-22 08:50:19,351 - funding_amount_forecast - INFO - Evaluating models...
2025-04-22 08:50:19,351 - funding_amount_forecast - INFO - Evaluating model performance
2025-04-22 08:50:19,355 - funding_amount_forecast - INFO - Quantile Regression Forest Metrics: RMSE=0.00, MAE=0.00, R2=1.00, Within 20%=1.00
2025-04-22 08:50:19,356 - funding_amount_forecast - INFO - 80% Prediction Interval Coverage: 1.00
2025-04-22 08:50:19,357 - funding_amount_forecast - INFO - Evaluating model performance
2025-04-22 08:50:19,386 - funding_amount_forecast - INFO - random_forest Metrics: RMSE=3422442.17, MAE=663391.18, R2=0.00, Within 20%=0.96
2025-04-22 08:50:19,388 - funding_amount_forecast - INFO - gradient_boosting Metrics: RMSE=7226774.37, MAE=1221672.00, R2=0.00, Within 20%=0.97
2025-04-22 08:50:19,417 - funding_amount_forecast - INFO - extra_trees Metrics: RMSE=271155.29, MAE=36811.99, R2=0.00, Within 20%=1.00
2025-04-22 08:50:19,418 - funding_amount_forecast - INFO - Ensemble Metrics: RMSE=2916806.43, MAE=639408.65, R2=0.00, Within 20%=0.97
2025-04-22 08:50:19,419 - funding_amount_forecast - INFO - Creating visualizations...
2025-04-22 08:50:19,419 - funding_amount_forecast - INFO - Creating funding by stage visualization
2025-04-22 08:50:20,063 - funding_amount_forecast - INFO - Saved funding by stage visualization to outputFundingForecast/funding_by_stage.png
2025-04-22 08:50:20,063 - funding_amount_forecast - INFO - Creating funding by industry visualization
2025-04-22 08:50:21,560 - funding_amount_forecast - INFO - Saved funding by industry visualizations to outputFundingForecast/funding_by_industry_average.png and outputFundingForecast/funding_by_industry_distribution.png
2025-04-22 08:50:21,560 - funding_amount_forecast - INFO - Creating prediction accuracy visualization
2025-04-22 08:50:21,854 - funding_amount_forecast - INFO - Saved prediction accuracy visualization to outputFundingForecast/prediction_accuracy.png
2025-04-22 08:50:21,854 - funding_amount_forecast - INFO - Creating feature importance visualization
2025-04-22 08:50:22,152 - funding_amount_forecast - INFO - Saved feature importance visualization to outputFundingForecast/feature_importance.png
2025-04-22 08:50:22,153 - funding_amount_forecast - INFO - Creating model calibration visualization
2025-04-22 08:50:22,429 - funding_amount_forecast - INFO - Saved model calibration visualization to outputFundingForecast/model_calibration.png
2025-04-22 08:50:22,430 - funding_amount_forecast - INFO - Creating error distribution visualization
2025-04-22 08:50:22,952 - funding_amount_forecast - INFO - Saved error distribution visualization to outputFundingForecast/error_distribution.png
2025-04-22 08:50:22,953 - funding_amount_forecast - INFO - Creating prediction intervals visualization
2025-04-22 08:50:23,199 - funding_amount_forecast - INFO - Saved prediction intervals visualization to outputFundingForecast/prediction_intervals.png
2025-04-22 08:50:23,199 - funding_amount_forecast - INFO - Generating report...
2025-04-22 08:50:23,199 - funding_amount_forecast - INFO - Generating funding amount forecast report
2025-04-22 08:50:23,205 - funding_amount_forecast - INFO - Saved funding amount forecast report to outputFundingForecast/funding_amount_forecast_report.md
2025-04-22 08:50:23,206 - funding_amount_forecast - INFO - Saving model...
2025-04-22 08:50:23,206 - funding_amount_forecast - INFO - Saving model to outputFundingForecast/funding_amount_forecast_model.pkl
2025-04-22 08:50:23,369 - funding_amount_forecast - INFO - Model saved successfully to outputFundingForecast/funding_amount_forecast_model.pkl
2025-04-22 08:50:23,369 - funding_amount_forecast - INFO - Funding amount forecast analysis completed successfully
2025-04-22 09:39:14,024 - funding_amount_forecast - INFO - Funding Amount Forecast initialized
2025-04-22 09:39:14,024 - funding_amount_forecast - INFO - Starting funding amount forecast analysis
2025-04-22 09:39:14,024 - funding_amount_forecast - INFO - Loading data from JSON files
2025-04-22 09:39:14,027 - funding_amount_forecast - INFO - Loaded 1103 records from fundraiser data
2025-04-22 09:39:14,028 - funding_amount_forecast - INFO - Loaded 100 records from growthlist data
2025-04-22 09:39:14,029 - funding_amount_forecast - INFO - Loaded 546 records from topstartup data
2025-04-22 09:39:14,036 - funding_amount_forecast - INFO - Created DataFrame with 1749 records and 27 columns
2025-04-22 09:39:14,036 - funding_amount_forecast - INFO - Standardizing DataFrame
2025-04-22 09:39:14,056 - funding_amount_forecast - INFO - DataFrame standardization complete with 1749 records
2025-04-22 09:39:14,056 - funding_amount_forecast - INFO - Creating features for funding amount forecasting
2025-04-22 09:39:14,058 - funding_amount_forecast - INFO - Kept 1727 records with valid funding amounts
2025-04-22 09:39:14,058 - funding_amount_forecast - INFO - Converting funding_date to datetime
2025-04-22 09:39:14,900 - funding_amount_forecast - INFO - Feature engineering complete. Created 46 features.
2025-04-22 09:39:14,901 - funding_amount_forecast - INFO - Preparing data for model training
2025-04-22 09:39:14,902 - funding_amount_forecast - WARNING - Column funding_usd contains all NaN values and will be excluded from features
2025-04-22 09:39:14,903 - funding_amount_forecast - WARNING - Column avg_time_between_rounds contains all NaN values and will be excluded from features
2025-04-22 09:39:14,904 - funding_amount_forecast - INFO - Filling missing values with median
2025-04-22 09:39:14,909 - funding_amount_forecast - INFO - Using time-based split with 1381 training and 346 test samples
2025-04-22 09:39:14,916 - funding_amount_forecast - INFO - Training models...
2025-04-22 09:39:14,916 - funding_amount_forecast - INFO - Training quantile regression forest with quantiles: [0.1, 0.5, 0.9]
2025-04-22 09:39:14,916 - funding_amount_forecast - INFO - Training model for quantile 0.1
2025-04-22 09:39:15,314 - funding_amount_forecast - INFO - Trained model for quantile 0.1
2025-04-22 09:39:15,314 - funding_amount_forecast - INFO - Training model for quantile 0.5
2025-04-22 09:39:15,662 - funding_amount_forecast - INFO - Trained model for quantile 0.5
2025-04-22 09:39:15,662 - funding_amount_forecast - INFO - Training model for quantile 0.9
2025-04-22 09:39:16,004 - funding_amount_forecast - INFO - Trained model for quantile 0.9
2025-04-22 09:39:16,005 - funding_amount_forecast - INFO - Training ensemble model
2025-04-22 09:39:17,325 - funding_amount_forecast - INFO - Evaluating models...
2025-04-22 09:39:17,326 - funding_amount_forecast - INFO - Evaluating model performance
2025-04-22 09:39:17,334 - funding_amount_forecast - INFO - Quantile Regression Forest Metrics: RMSE=0.00, MAE=0.00, R2=1.00, Within 20%=1.00
2025-04-22 09:39:17,340 - funding_amount_forecast - INFO - 80% Prediction Interval Coverage: 1.00
2025-04-22 09:39:17,341 - funding_amount_forecast - INFO - Evaluating model performance
2025-04-22 09:39:17,467 - funding_amount_forecast - INFO - random_forest Metrics: RMSE=3422442.17, MAE=663391.18, R2=0.00, Within 20%=0.96
2025-04-22 09:39:17,472 - funding_amount_forecast - INFO - gradient_boosting Metrics: RMSE=7226774.37, MAE=1221672.00, R2=0.00, Within 20%=0.97
2025-04-22 09:39:17,533 - funding_amount_forecast - INFO - extra_trees Metrics: RMSE=271155.29, MAE=36811.99, R2=0.00, Within 20%=1.00
2025-04-22 09:39:17,534 - funding_amount_forecast - INFO - Ensemble Metrics: RMSE=2916806.43, MAE=639408.65, R2=0.00, Within 20%=0.97
2025-04-22 09:39:17,536 - funding_amount_forecast - INFO - Creating visualizations...
2025-04-22 09:39:17,536 - funding_amount_forecast - INFO - Creating funding by stage visualization
2025-04-22 09:39:18,745 - funding_amount_forecast - INFO - Saved funding by stage visualization to outputFundingForecast/funding_by_stage.png
2025-04-22 09:39:18,745 - funding_amount_forecast - INFO - Creating funding by industry visualization
2025-04-22 09:39:19,889 - funding_amount_forecast - INFO - Saved funding by industry visualizations to outputFundingForecast/funding_by_industry_average.png and outputFundingForecast/funding_by_industry_distribution.png
2025-04-22 09:39:19,890 - funding_amount_forecast - INFO - Creating prediction accuracy visualization
2025-04-22 09:39:20,162 - funding_amount_forecast - INFO - Saved prediction accuracy visualization to outputFundingForecast/prediction_accuracy.png
2025-04-22 09:39:20,162 - funding_amount_forecast - INFO - Creating feature importance visualization
2025-04-22 09:39:20,541 - funding_amount_forecast - INFO - Saved feature importance visualization to outputFundingForecast/feature_importance.png
2025-04-22 09:39:20,541 - funding_amount_forecast - INFO - Creating model calibration visualization
2025-04-22 09:39:20,787 - funding_amount_forecast - INFO - Saved model calibration visualization to outputFundingForecast/model_calibration.png
2025-04-22 09:39:20,788 - funding_amount_forecast - INFO - Creating error distribution visualization
2025-04-22 09:39:21,737 - funding_amount_forecast - INFO - Saved error distribution visualization to outputFundingForecast/error_distribution.png
2025-04-22 09:39:21,737 - funding_amount_forecast - INFO - Creating prediction intervals visualization
2025-04-22 09:39:22,032 - funding_amount_forecast - INFO - Saved prediction intervals visualization to outputFundingForecast/prediction_intervals.png
2025-04-22 09:39:22,032 - funding_amount_forecast - INFO - Generating report...
2025-04-22 09:39:22,032 - funding_amount_forecast - INFO - Generating funding amount forecast report
2025-04-22 09:39:22,042 - funding_amount_forecast - INFO - Saved funding amount forecast report to outputFundingForecast/funding_amount_forecast_report.md
2025-04-22 09:39:22,042 - funding_amount_forecast - INFO - Saving model...
2025-04-22 09:39:22,042 - funding_amount_forecast - INFO - Saving model to outputFundingForecast/funding_amount_forecast_model.pkl
2025-04-22 09:39:22,200 - funding_amount_forecast - INFO - Model saved successfully to outputFundingForecast/funding_amount_forecast_model.pkl
2025-04-22 09:39:22,200 - funding_amount_forecast - INFO - Funding amount forecast analysis completed successfully
2025-04-22 09:49:32,739 - funding_amount_forecast - INFO - Funding Amount Forecast initialized
2025-04-22 09:49:32,739 - funding_amount_forecast - INFO - Starting funding amount forecast analysis
2025-04-22 09:49:32,740 - funding_amount_forecast - INFO - Loading data from JSON files
2025-04-22 09:49:32,743 - funding_amount_forecast - INFO - Loaded 1103 records from fundraiser data
2025-04-22 09:49:32,743 - funding_amount_forecast - INFO - Loaded 100 records from growthlist data
2025-04-22 09:49:32,745 - funding_amount_forecast - INFO - Loaded 546 records from topstartup data
2025-04-22 09:49:32,751 - funding_amount_forecast - INFO - Created DataFrame with 1749 records and 27 columns
2025-04-22 09:49:32,751 - funding_amount_forecast - INFO - Standardizing DataFrame
2025-04-22 09:49:32,772 - funding_amount_forecast - INFO - DataFrame standardization complete with 1749 records
2025-04-22 09:49:32,773 - funding_amount_forecast - INFO - Creating features for funding amount forecasting
2025-04-22 09:49:32,775 - funding_amount_forecast - INFO - Kept 1727 records with valid funding amounts
2025-04-22 09:49:32,776 - funding_amount_forecast - INFO - Converting funding_date to datetime
2025-04-22 09:49:33,687 - funding_amount_forecast - INFO - Estimating next round amounts for 623 companies without actual next round data
2025-04-22 09:49:33,842 - funding_amount_forecast - INFO - Feature engineering complete. Created 47 features.
2025-04-22 09:49:33,843 - funding_amount_forecast - INFO - Preparing data for model training
2025-04-22 09:49:33,844 - funding_amount_forecast - WARNING - Column funding_usd contains all NaN values and will be excluded from features
2025-04-22 09:49:33,845 - funding_amount_forecast - WARNING - Column avg_time_between_rounds contains all NaN values and will be excluded from features
2025-04-22 09:49:33,846 - funding_amount_forecast - INFO - Filling missing values with median
2025-04-22 09:49:33,848 - funding_amount_forecast - INFO - Using 1104 records with actual next round data for validation
2025-04-22 09:49:33,851 - funding_amount_forecast - INFO - Training set: 1395 records (772 actual, 623 estimated)
2025-04-22 09:49:33,851 - funding_amount_forecast - INFO - Test set: 332 records (all actual data)
2025-04-22 09:49:33,855 - funding_amount_forecast - INFO - Training models...
2025-04-22 09:49:33,855 - funding_amount_forecast - INFO - Training quantile regression forest with quantiles: [0.1, 0.5, 0.9]
2025-04-22 09:49:33,855 - funding_amount_forecast - INFO - Training model for quantile 0.1
2025-04-22 09:49:34,326 - funding_amount_forecast - INFO - Trained model for quantile 0.1
2025-04-22 09:49:34,326 - funding_amount_forecast - INFO - Training model for quantile 0.5
2025-04-22 09:49:34,767 - funding_amount_forecast - INFO - Trained model for quantile 0.5
2025-04-22 09:49:34,767 - funding_amount_forecast - INFO - Training model for quantile 0.9
2025-04-22 09:49:35,195 - funding_amount_forecast - INFO - Trained model for quantile 0.9
2025-04-22 09:49:35,195 - funding_amount_forecast - INFO - Training ensemble model
2025-04-22 09:49:35,904 - funding_amount_forecast - INFO - Evaluating models...
2025-04-22 09:49:35,904 - funding_amount_forecast - INFO - Evaluating model performance
2025-04-22 09:49:35,908 - funding_amount_forecast - INFO - Quantile Regression Forest Metrics: RMSE=$112345855.69, MAE=$38254775.83, R2=-0.0129, Log-R2=-0.1637, Within 20%=0.09, Same order of magnitude=0.77
2025-04-22 09:49:35,910 - funding_amount_forecast - INFO - 80% Prediction Interval Coverage: 0.6566
2025-04-22 09:49:35,911 - funding_amount_forecast - INFO - Evaluating model performance
2025-04-22 09:49:35,938 - funding_amount_forecast - INFO - random_forest Metrics: RMSE=$269872856.31, MAE=$62069254.11, R2=-4.8450, Log-R2=-0.2729, Within 20%=0.1007, Same order=0.7450
2025-04-22 09:49:35,941 - funding_amount_forecast - INFO - gradient_boosting Metrics: RMSE=$619681559.54, MAE=$100506031.16, R2=-29.8178, Log-R2=-0.3928, Within 20%=0.1007, Same order=0.7383
2025-04-22 09:49:35,968 - funding_amount_forecast - INFO - extra_trees Metrics: RMSE=$145421579.45, MAE=$63010742.80, R2=-0.6972, Log-R2=-0.3566, Within 20%=0.0671, Same order=0.6812
2025-04-22 09:49:35,969 - funding_amount_forecast - INFO - Ensemble Metrics: RMSE=$260893951.58, MAE=$73426803.34, R2=-4.4625, Log-R2=-0.3418, Within 20%=0.0973, Same order=0.7114
2025-04-22 09:49:35,970 - funding_amount_forecast - INFO - Creating visualizations...
2025-04-22 09:49:35,971 - funding_amount_forecast - INFO - Creating funding by stage visualization
2025-04-22 09:49:36,638 - funding_amount_forecast - INFO - Saved funding by stage visualization to outputFundingForecast/funding_by_stage.png
2025-04-22 09:49:36,638 - funding_amount_forecast - INFO - Creating funding by industry visualization
2025-04-22 09:49:37,561 - funding_amount_forecast - INFO - Saved funding by industry visualizations to outputFundingForecast/funding_by_industry_average.png and outputFundingForecast/funding_by_industry_distribution.png
2025-04-22 09:49:37,561 - funding_amount_forecast - INFO - Creating prediction accuracy visualization
2025-04-22 09:49:37,866 - funding_amount_forecast - INFO - Saved prediction accuracy visualization to outputFundingForecast/prediction_accuracy.png
2025-04-22 09:49:37,866 - funding_amount_forecast - INFO - Creating feature importance visualization
2025-04-22 09:49:38,178 - funding_amount_forecast - INFO - Saved feature importance visualization to outputFundingForecast/feature_importance.png
2025-04-22 09:49:38,178 - funding_amount_forecast - INFO - Creating model calibration visualization
2025-04-22 09:49:38,440 - funding_amount_forecast - INFO - Saved model calibration visualization to outputFundingForecast/model_calibration.png
2025-04-22 09:49:38,441 - funding_amount_forecast - INFO - Creating error distribution visualization
2025-04-22 09:49:39,710 - funding_amount_forecast - INFO - Saved error distribution visualization to outputFundingForecast/error_distribution.png
2025-04-22 09:49:39,711 - funding_amount_forecast - INFO - Creating prediction intervals visualization
2025-04-22 09:49:39,990 - funding_amount_forecast - INFO - Saved prediction intervals visualization to outputFundingForecast/prediction_intervals.png
2025-04-22 09:49:39,990 - funding_amount_forecast - INFO - Generating report...
2025-04-22 09:49:39,990 - funding_amount_forecast - INFO - Generating funding amount forecast report
2025-04-22 09:49:39,996 - funding_amount_forecast - INFO - Saved funding amount forecast report to outputFundingForecast/funding_amount_forecast_report.md
2025-04-22 09:49:39,996 - funding_amount_forecast - INFO - Saving model...
2025-04-22 09:49:39,997 - funding_amount_forecast - INFO - Saving model to outputFundingForecast/funding_amount_forecast_model.pkl
2025-04-22 09:49:40,078 - funding_amount_forecast - INFO - Model saved successfully to outputFundingForecast/funding_amount_forecast_model.pkl
2025-04-22 09:49:40,078 - funding_amount_forecast - INFO - Funding amount forecast analysis completed successfully
2025-04-22 09:52:21,608 - funding_amount_forecast - INFO - Funding Amount Forecast initialized
2025-04-22 09:52:21,608 - funding_amount_forecast - INFO - Starting funding amount forecast analysis
2025-04-22 09:52:21,608 - funding_amount_forecast - INFO - Loading data from JSON files
2025-04-22 09:52:21,611 - funding_amount_forecast - INFO - Loaded 1103 records from fundraiser data
2025-04-22 09:52:21,612 - funding_amount_forecast - INFO - Loaded 100 records from growthlist data
2025-04-22 09:52:21,614 - funding_amount_forecast - INFO - Loaded 546 records from topstartup data
2025-04-22 09:52:21,631 - funding_amount_forecast - INFO - Created DataFrame with 1749 records and 27 columns
2025-04-22 09:52:21,631 - funding_amount_forecast - INFO - Standardizing DataFrame
2025-04-22 09:52:21,661 - funding_amount_forecast - INFO - DataFrame standardization complete with 1749 records
2025-04-22 09:52:21,662 - funding_amount_forecast - INFO - Creating features for funding amount forecasting
2025-04-22 09:52:21,664 - funding_amount_forecast - INFO - Kept 1727 records with valid funding amounts
2025-04-22 09:52:21,665 - funding_amount_forecast - INFO - Converting funding_date to datetime
2025-04-22 09:52:22,818 - funding_amount_forecast - INFO - Estimating next round amounts for 623 companies without actual next round data
2025-04-22 09:52:23,030 - funding_amount_forecast - INFO - Feature engineering complete. Created 47 features.
2025-04-22 09:52:23,032 - funding_amount_forecast - INFO - Preparing data for model training
2025-04-22 09:52:23,034 - funding_amount_forecast - WARNING - Column funding_usd contains all NaN values and will be excluded from features
2025-04-22 09:52:23,035 - funding_amount_forecast - WARNING - Column avg_time_between_rounds contains all NaN values and will be excluded from features
2025-04-22 09:52:23,037 - funding_amount_forecast - INFO - Filling missing values with median
2025-04-22 09:52:23,039 - funding_amount_forecast - INFO - Using 1104 records with actual next round data for validation
2025-04-22 09:52:23,043 - funding_amount_forecast - INFO - Training set: 1395 records (772 actual, 623 estimated)
2025-04-22 09:52:23,044 - funding_amount_forecast - INFO - Test set: 332 records (all actual data)
2025-04-22 09:52:23,053 - funding_amount_forecast - INFO - Training models...
2025-04-22 09:52:23,053 - funding_amount_forecast - INFO - Training quantile regression forest with quantiles: [0.1, 0.5, 0.9]
2025-04-22 09:52:23,053 - funding_amount_forecast - INFO - Training model for quantile 0.1
2025-04-22 09:52:23,849 - funding_amount_forecast - INFO - Trained model for quantile 0.1
2025-04-22 09:52:23,850 - funding_amount_forecast - INFO - Training model for quantile 0.5
2025-04-22 09:52:25,063 - funding_amount_forecast - INFO - Trained model for quantile 0.5
2025-04-22 09:52:25,063 - funding_amount_forecast - INFO - Training model for quantile 0.9
2025-04-22 09:52:25,619 - funding_amount_forecast - INFO - Trained model for quantile 0.9
2025-04-22 09:52:25,620 - funding_amount_forecast - INFO - Training ensemble model
2025-04-22 09:52:27,079 - funding_amount_forecast - INFO - Evaluating models...
2025-04-22 09:52:27,080 - funding_amount_forecast - INFO - Evaluating model performance
2025-04-22 09:52:27,091 - funding_amount_forecast - INFO - Quantile Regression Forest Metrics: RMSE=$112288626.25, MAE=$38474418.44, R2=-0.0119, Log-R2=-0.1680, Within 20%=0.09, Same order of magnitude=0.77
2025-04-22 09:52:27,104 - funding_amount_forecast - INFO - 80% Prediction Interval Coverage: 0.6687
2025-04-22 09:52:27,104 - funding_amount_forecast - INFO - Evaluating model performance
2025-04-22 09:52:27,191 - funding_amount_forecast - INFO - random_forest Metrics: RMSE=$263925460.53, MAE=$61665097.30, R2=-4.5902, Log-R2=-0.2724, Within 20%=0.0973, Same order=0.7450
2025-04-22 09:52:27,198 - funding_amount_forecast - INFO - gradient_boosting Metrics: RMSE=$526315947.60, MAE=$94136464.27, R2=-21.2309, Log-R2=-0.3708, Within 20%=0.0839, Same order=0.7416
2025-04-22 09:52:27,244 - funding_amount_forecast - INFO - extra_trees Metrics: RMSE=$141719597.91, MAE=$62526008.23, R2=-0.6118, Log-R2=-0.3558, Within 20%=0.0671, Same order=0.6812
2025-04-22 09:52:27,246 - funding_amount_forecast - INFO - Ensemble Metrics: RMSE=$242439334.93, MAE=$71004585.96, R2=-3.7170, Log-R2=-0.3412, Within 20%=0.0872, Same order=0.7181
2025-04-22 09:52:27,249 - funding_amount_forecast - INFO - Creating visualizations...
2025-04-22 09:52:27,249 - funding_amount_forecast - INFO - Creating funding by stage visualization
2025-04-22 09:52:28,418 - funding_amount_forecast - INFO - Saved funding by stage visualization to outputFundingForecast/funding_by_stage.png
2025-04-22 09:52:28,418 - funding_amount_forecast - INFO - Creating funding by industry visualization
2025-04-22 09:52:29,516 - funding_amount_forecast - INFO - Saved funding by industry visualizations to outputFundingForecast/funding_by_industry_average.png and outputFundingForecast/funding_by_industry_distribution.png
2025-04-22 09:52:29,516 - funding_amount_forecast - INFO - Creating prediction accuracy visualization
2025-04-22 09:52:29,852 - funding_amount_forecast - INFO - Saved prediction accuracy visualization to outputFundingForecast/prediction_accuracy.png
2025-04-22 09:52:29,852 - funding_amount_forecast - INFO - Creating feature importance visualization
2025-04-22 09:52:30,196 - funding_amount_forecast - INFO - Saved feature importance visualization to outputFundingForecast/feature_importance.png
2025-04-22 09:52:30,197 - funding_amount_forecast - INFO - Creating model calibration visualization
2025-04-22 09:52:30,494 - funding_amount_forecast - INFO - Saved model calibration visualization to outputFundingForecast/model_calibration.png
2025-04-22 09:52:30,494 - funding_amount_forecast - INFO - Creating error distribution visualization
2025-04-22 09:52:32,678 - funding_amount_forecast - INFO - Saved error distribution visualization to outputFundingForecast/error_distribution.png
2025-04-22 09:52:32,680 - funding_amount_forecast - INFO - Creating prediction intervals visualization
2025-04-22 09:52:33,200 - funding_amount_forecast - INFO - Saved prediction intervals visualization to outputFundingForecast/prediction_intervals.png
2025-04-22 09:52:33,200 - funding_amount_forecast - INFO - Generating report...
2025-04-22 09:52:33,201 - funding_amount_forecast - INFO - Generating funding amount forecast report
2025-04-22 09:52:33,217 - funding_amount_forecast - INFO - Saved funding amount forecast report to outputFundingForecast/funding_amount_forecast_report.md
2025-04-22 09:52:33,217 - funding_amount_forecast - INFO - Saving model...
2025-04-22 09:52:33,217 - funding_amount_forecast - INFO - Saving model to outputFundingForecast/funding_amount_forecast_model.pkl
2025-04-22 09:52:33,391 - funding_amount_forecast - INFO - Model saved successfully to outputFundingForecast/funding_amount_forecast_model.pkl
2025-04-22 09:52:33,394 - funding_amount_forecast - INFO - Funding amount forecast analysis completed successfully
2025-04-22 10:00:07,664 - funding_amount_forecast - INFO - Funding Amount Forecast initialized
2025-04-22 10:00:07,665 - funding_amount_forecast - INFO - Starting funding amount forecast analysis
2025-04-22 10:00:07,665 - funding_amount_forecast - INFO - Loading data from JSON files
2025-04-22 10:00:07,668 - funding_amount_forecast - INFO - Loaded 1103 records from fundraiser data
2025-04-22 10:00:07,668 - funding_amount_forecast - INFO - Loaded 100 records from growthlist data
2025-04-22 10:00:07,670 - funding_amount_forecast - INFO - Loaded 546 records from topstartup data
2025-04-22 10:00:07,677 - funding_amount_forecast - INFO - Created DataFrame with 1749 records and 27 columns
2025-04-22 10:00:07,678 - funding_amount_forecast - INFO - Standardizing DataFrame
2025-04-22 10:00:07,706 - funding_amount_forecast - INFO - DataFrame standardization complete with 1749 records
2025-04-22 10:00:07,706 - funding_amount_forecast - INFO - Creating features for funding amount forecasting
2025-04-22 10:00:07,711 - funding_amount_forecast - INFO - Kept 1727 records with valid funding amounts
2025-04-22 10:00:07,713 - funding_amount_forecast - INFO - Converting funding_date to datetime
2025-04-22 10:00:08,614 - funding_amount_forecast - INFO - Estimating next round amounts for 623 companies without actual next round data
2025-04-22 10:00:08,799 - funding_amount_forecast - INFO - Feature engineering complete. Created 47 features.
2025-04-22 10:00:08,800 - funding_amount_forecast - INFO - Preparing data for model training
2025-04-22 10:00:08,801 - funding_amount_forecast - WARNING - Column funding_usd contains all NaN values and will be excluded from features
2025-04-22 10:00:08,802 - funding_amount_forecast - WARNING - Column avg_time_between_rounds contains all NaN values and will be excluded from features
2025-04-22 10:00:08,803 - funding_amount_forecast - INFO - Filling missing values with median
2025-04-22 10:00:08,806 - funding_amount_forecast - INFO - Using 1104 records with actual next round data for validation
2025-04-22 10:00:08,810 - funding_amount_forecast - INFO - Training set: 1395 records (772 actual, 623 estimated)
2025-04-22 10:00:08,810 - funding_amount_forecast - INFO - Test set: 332 records (all actual data)
2025-04-22 10:00:08,815 - funding_amount_forecast - INFO - Training models...
2025-04-22 10:00:08,815 - funding_amount_forecast - INFO - Training quantile regression forest with quantiles: [0.1, 0.5, 0.9]
2025-04-22 10:00:08,815 - funding_amount_forecast - INFO - Training model for quantile 0.1
2025-04-22 10:00:09,263 - funding_amount_forecast - INFO - Trained model for quantile 0.1
2025-04-22 10:00:09,263 - funding_amount_forecast - INFO - Training model for quantile 0.5
2025-04-22 10:00:09,721 - funding_amount_forecast - INFO - Trained model for quantile 0.5
2025-04-22 10:00:09,721 - funding_amount_forecast - INFO - Training model for quantile 0.9
2025-04-22 10:00:10,148 - funding_amount_forecast - INFO - Trained model for quantile 0.9
2025-04-22 10:00:10,148 - funding_amount_forecast - INFO - Training ensemble model
2025-04-22 10:00:10,852 - funding_amount_forecast - INFO - Evaluating models...
2025-04-22 10:00:10,852 - funding_amount_forecast - INFO - Evaluating model performance
2025-04-22 10:00:10,856 - funding_amount_forecast - INFO - Quantile Regression Forest Metrics: RMSE=$112382509.57, MAE=$38470265.61, R2=-0.0136, Log-R2=-0.1680, Within 20%=0.09, Same order of magnitude=0.77
2025-04-22 10:00:10,859 - funding_amount_forecast - INFO - 80% Prediction Interval Coverage: 0.6687
2025-04-22 10:00:10,859 - funding_amount_forecast - INFO - Evaluating model performance
2025-04-22 10:00:10,890 - funding_amount_forecast - INFO - random_forest Metrics: RMSE=$269884088.17, MAE=$62009682.46, R2=-4.8455, Log-R2=-0.2722, Within 20%=0.0973, Same order=0.7450
2025-04-22 10:00:10,893 - funding_amount_forecast - INFO - gradient_boosting Metrics: RMSE=$642000061.22, MAE=$105373040.82, R2=-32.0776, Log-R2=-0.3663, Within 20%=0.0738, Same order=0.7450
2025-04-22 10:00:10,921 - funding_amount_forecast - INFO - extra_trees Metrics: RMSE=$141754231.06, MAE=$62587652.98, R2=-0.6126, Log-R2=-0.3562, Within 20%=0.0671, Same order=0.6812
2025-04-22 10:00:10,922 - funding_amount_forecast - INFO - Ensemble Metrics: RMSE=$272706945.68, MAE=$74961071.45, R2=-4.9684, Log-R2=-0.3406, Within 20%=0.1007, Same order=0.7181
2025-04-22 10:00:10,993 - funding_amount_forecast - INFO - Creating visualizations...
2025-04-22 10:00:10,994 - funding_amount_forecast - INFO - Creating funding by stage visualization
2025-04-22 10:00:11,650 - funding_amount_forecast - INFO - Saved funding by stage visualization to outputFundingForecast/funding_by_stage.png
2025-04-22 10:00:11,650 - funding_amount_forecast - INFO - Creating funding by industry visualization
2025-04-22 10:00:12,590 - funding_amount_forecast - INFO - Saved funding by industry visualizations to outputFundingForecast/funding_by_industry_average.png and outputFundingForecast/funding_by_industry_distribution.png
2025-04-22 10:00:12,590 - funding_amount_forecast - INFO - Creating prediction accuracy visualization
2025-04-22 10:00:12,920 - funding_amount_forecast - INFO - Saved prediction accuracy visualization to outputFundingForecast/prediction_accuracy.png
2025-04-22 10:00:12,920 - funding_amount_forecast - INFO - Creating feature importance visualization
2025-04-22 10:00:13,231 - funding_amount_forecast - INFO - Saved feature importance visualization to outputFundingForecast/feature_importance.png
2025-04-22 10:00:13,232 - funding_amount_forecast - INFO - Creating model calibration visualization
2025-04-22 10:00:13,487 - funding_amount_forecast - INFO - Saved model calibration visualization to outputFundingForecast/model_calibration.png
2025-04-22 10:00:13,487 - funding_amount_forecast - INFO - Creating error distribution visualization
2025-04-22 10:00:14,820 - funding_amount_forecast - INFO - Saved error distribution visualization to outputFundingForecast/error_distribution.png
2025-04-22 10:00:14,820 - funding_amount_forecast - INFO - Creating prediction intervals visualization
2025-04-22 10:00:15,105 - funding_amount_forecast - INFO - Saved prediction intervals visualization to outputFundingForecast/prediction_intervals.png
2025-04-22 10:00:15,106 - funding_amount_forecast - INFO - Generating report...
2025-04-22 10:00:15,106 - funding_amount_forecast - INFO - Generating funding amount forecast report
2025-04-22 10:00:15,156 - funding_amount_forecast - INFO - Saved funding amount forecast report to outputFundingForecast/funding_amount_forecast_report.md
2025-04-22 10:00:15,157 - funding_amount_forecast - INFO - Saving model...
2025-04-22 10:00:15,157 - funding_amount_forecast - INFO - Saving model to outputFundingForecast/funding_amount_forecast_model.pkl
2025-04-22 10:00:15,243 - funding_amount_forecast - INFO - Model saved successfully to outputFundingForecast/funding_amount_forecast_model.pkl
2025-04-22 10:00:15,243 - funding_amount_forecast - INFO - Funding amount forecast analysis completed successfully
2025-04-22 17:04:45,962 - funding_amount_forecast - INFO - Funding Amount Forecast initialized
2025-04-22 17:04:45,963 - funding_amount_forecast - INFO - Starting funding amount forecast analysis
2025-04-22 17:04:45,963 - funding_amount_forecast - INFO - Loading data from JSON files
2025-04-22 17:04:45,966 - funding_amount_forecast - INFO - Loaded 1103 records from fundraiser data
2025-04-22 17:04:45,967 - funding_amount_forecast - INFO - Loaded 100 records from growthlist data
2025-04-22 17:04:45,968 - funding_amount_forecast - INFO - Loaded 546 records from topstartup data
2025-04-22 17:04:45,975 - funding_amount_forecast - INFO - Created DataFrame with 1749 records and 27 columns
2025-04-22 17:04:45,975 - funding_amount_forecast - INFO - Standardizing DataFrame
2025-04-22 17:04:45,997 - funding_amount_forecast - INFO - DataFrame standardization complete with 1749 records
2025-04-22 17:04:45,998 - funding_amount_forecast - INFO - Creating features for funding amount forecasting
2025-04-22 17:04:46,000 - funding_amount_forecast - INFO - Kept 1727 records with valid funding amounts
2025-04-22 17:04:46,000 - funding_amount_forecast - INFO - Converting funding_date to datetime
2025-04-22 17:04:46,919 - funding_amount_forecast - INFO - Estimating next round amounts for 623 companies without actual next round data
2025-04-22 17:04:47,129 - funding_amount_forecast - INFO - Feature engineering complete. Created 47 features.
2025-04-22 17:04:47,130 - funding_amount_forecast - INFO - Preparing data for model training
2025-04-22 17:04:47,131 - funding_amount_forecast - WARNING - Column funding_usd contains all NaN values and will be excluded from features
2025-04-22 17:04:47,132 - funding_amount_forecast - WARNING - Column avg_time_between_rounds contains all NaN values and will be excluded from features
2025-04-22 17:04:47,134 - funding_amount_forecast - INFO - Filling missing values with median
2025-04-22 17:04:47,136 - funding_amount_forecast - INFO - Using 1104 records with actual next round data for validation
2025-04-22 17:04:47,138 - funding_amount_forecast - INFO - Training set: 1395 records (772 actual, 623 estimated)
2025-04-22 17:04:47,138 - funding_amount_forecast - INFO - Test set: 332 records (all actual data)
2025-04-22 17:04:47,145 - funding_amount_forecast - INFO - Training models...
2025-04-22 17:04:47,145 - funding_amount_forecast - INFO - Training quantile regression forest with quantiles: [0.1, 0.5, 0.9]
2025-04-22 17:04:47,145 - funding_amount_forecast - INFO - Training model for quantile 0.1
2025-04-22 17:04:47,614 - funding_amount_forecast - INFO - Trained model for quantile 0.1
2025-04-22 17:04:47,614 - funding_amount_forecast - INFO - Training model for quantile 0.5
2025-04-22 17:04:48,089 - funding_amount_forecast - INFO - Trained model for quantile 0.5
2025-04-22 17:04:48,089 - funding_amount_forecast - INFO - Training model for quantile 0.9
2025-04-22 17:04:48,548 - funding_amount_forecast - INFO - Trained model for quantile 0.9
2025-04-22 17:04:48,548 - funding_amount_forecast - INFO - Training ensemble model
2025-04-22 17:04:49,273 - funding_amount_forecast - INFO - Evaluating models...
2025-04-22 17:04:49,273 - funding_amount_forecast - INFO - Evaluating model performance
2025-04-22 17:04:49,277 - funding_amount_forecast - INFO - Quantile Regression Forest Metrics: RMSE=$112307860.06, MAE=$38480683.33, R2=-0.0122, Log-R2=-0.1673, Within 20%=0.09, Same order of magnitude=0.77
2025-04-22 17:04:49,280 - funding_amount_forecast - INFO - 80% Prediction Interval Coverage: 0.6536
2025-04-22 17:04:49,280 - funding_amount_forecast - INFO - Evaluating model performance
2025-04-22 17:04:49,308 - funding_amount_forecast - INFO - random_forest Metrics: RMSE=$261896943.73, MAE=$61520449.82, R2=-4.5046, Log-R2=-0.2724, Within 20%=0.1007, Same order=0.7450
2025-04-22 17:04:49,312 - funding_amount_forecast - INFO - gradient_boosting Metrics: RMSE=$637108286.20, MAE=$105810450.62, R2=-31.5755, Log-R2=-0.3692, Within 20%=0.0772, Same order=0.7416
2025-04-22 17:04:49,339 - funding_amount_forecast - INFO - extra_trees Metrics: RMSE=$144976864.19, MAE=$62768317.52, R2=-0.6868, Log-R2=-0.3559, Within 20%=0.0671, Same order=0.6846
2025-04-22 17:04:49,340 - funding_amount_forecast - INFO - Ensemble Metrics: RMSE=$272299970.43, MAE=$75031783.32, R2=-4.9506, Log-R2=-0.3417, Within 20%=0.1007, Same order=0.7148
2025-04-22 17:04:49,398 - funding_amount_forecast - INFO - Creating visualizations...
2025-04-22 17:04:49,398 - funding_amount_forecast - INFO - Creating funding by stage visualization
2025-04-22 17:04:50,065 - funding_amount_forecast - INFO - Saved funding by stage visualization to /Users/hk/Downloads/DSFinalYearProject/outputFundingForecast/funding_by_stage.png
2025-04-22 17:04:50,065 - funding_amount_forecast - INFO - Creating funding by industry visualization
2025-04-22 17:04:51,055 - funding_amount_forecast - INFO - Saved funding by industry visualizations to /Users/hk/Downloads/DSFinalYearProject/outputFundingForecast/funding_by_industry_average.png and /Users/hk/Downloads/DSFinalYearProject/outputFundingForecast/funding_by_industry_distribution.png
2025-04-22 17:04:51,055 - funding_amount_forecast - INFO - Creating prediction accuracy visualization
2025-04-22 17:04:51,391 - funding_amount_forecast - INFO - Saved prediction accuracy visualization to /Users/hk/Downloads/DSFinalYearProject/outputFundingForecast/prediction_accuracy.png
2025-04-22 17:04:51,391 - funding_amount_forecast - INFO - Creating feature importance visualization
2025-04-22 17:04:51,717 - funding_amount_forecast - INFO - Saved feature importance visualization to /Users/hk/Downloads/DSFinalYearProject/outputFundingForecast/feature_importance.png
2025-04-22 17:04:51,717 - funding_amount_forecast - INFO - Creating model calibration visualization
2025-04-22 17:04:51,974 - funding_amount_forecast - INFO - Saved model calibration visualization to /Users/hk/Downloads/DSFinalYearProject/outputFundingForecast/model_calibration.png
2025-04-22 17:04:51,974 - funding_amount_forecast - INFO - Creating error distribution visualization
2025-04-22 17:04:53,436 - funding_amount_forecast - INFO - Saved error distribution visualization to /Users/hk/Downloads/DSFinalYearProject/outputFundingForecast/error_distribution.png
2025-04-22 17:04:53,436 - funding_amount_forecast - INFO - Creating prediction intervals visualization
2025-04-22 17:04:54,054 - funding_amount_forecast - INFO - Saved prediction intervals visualization to /Users/hk/Downloads/DSFinalYearProject/outputFundingForecast/prediction_intervals.png
2025-04-22 17:04:54,054 - funding_amount_forecast - INFO - Generating report...
2025-04-22 17:04:54,055 - funding_amount_forecast - INFO - Generating funding amount forecast report
2025-04-22 17:04:54,099 - funding_amount_forecast - INFO - Funding amount forecast report saved to /Users/hk/Downloads/DSFinalYearProject/outputFundingForecast/funding_amount_forecast_report.md
2025-04-22 17:04:54,099 - funding_amount_forecast - INFO - markdown2 package not available, skipping HTML conversion
2025-04-22 17:04:54,099 - funding_amount_forecast - INFO - Saving model...
2025-04-22 17:04:54,099 - funding_amount_forecast - INFO - Saving model to /Users/hk/Downloads/DSFinalYearProject/outputFundingForecast/funding_amount_forecast_model.pkl
2025-04-22 17:04:54,183 - funding_amount_forecast - INFO - Model saved successfully to /Users/hk/Downloads/DSFinalYearProject/outputFundingForecast/funding_amount_forecast_model.pkl
2025-04-22 17:04:54,183 - funding_amount_forecast - INFO - Funding amount forecast analysis completed successfully
