2025-04-22 18:18:42,962 - industry_trend_analyzer - INFO - Loading data from JSON sources
2025-04-22 18:18:42,962 - industry_trend_analyzer - INFO - Loading topstartup data from ./JSONFolder/topstartupio50.json
2025-04-22 18:18:42,974 - industry_trend_analyzer - INFO - Loading fundraise data from ./JSONFolder/fundraisestartup50.json
2025-04-22 18:18:42,986 - industry_trend_analyzer - INFO - Loading growthlist data from ./JSONFolder/growthlistscrapper.json
2025-04-22 18:18:42,988 - industry_trend_analyzer - INFO - Merging and processing data from all sources
2025-04-22 18:18:42,997 - industry_trend_analyzer - INFO - Successfully merged 1748 records
2025-04-22 18:18:42,997 - industry_trend_analyzer - INFO - Starting industry trend analysis
2025-04-22 18:18:42,997 - industry_trend_analyzer - INFO - Calculating industry metrics
2025-04-22 18:18:43,044 - industry_trend_analyzer - INFO - Identifying emerging industries
2025-04-22 18:18:43,045 - industry_trend_analyzer - INFO - Identifying saturated industries
2025-04-22 18:18:43,047 - industry_trend_analyzer - INFO - Generating trend visualizations
2025-04-22 18:18:43,886 - industry_trend_analyzer - INFO - Generating analysis report
2025-04-22 18:18:43,886 - industry_trend_analyzer - INFO - Report generated at ./outputIndustryTrends/industry_trend_report.html
2025-04-22 18:20:55,049 - industry_trend_analyzer - INFO - Loading data from JSON sources
2025-04-22 18:20:55,049 - industry_trend_analyzer - INFO - Loading topstartup data from ./JSONFolder/topstartupio50.json
2025-04-22 18:20:55,062 - industry_trend_analyzer - INFO - Loading fundraise data from ./JSONFolder/fundraisestartup50.json
2025-04-22 18:20:55,073 - industry_trend_analyzer - INFO - Loading growthlist data from ./JSONFolder/growthlistscrapper.json
2025-04-22 18:20:55,075 - industry_trend_analyzer - INFO - Merging and processing data from all sources
2025-04-22 18:20:55,084 - industry_trend_analyzer - INFO - Successfully merged 1748 records
2025-04-22 18:20:55,085 - industry_trend_analyzer - INFO - Starting industry trend analysis
2025-04-22 18:20:55,085 - industry_trend_analyzer - INFO - Calculating industry metrics
2025-04-22 18:20:55,174 - industry_trend_analyzer - INFO - Identifying emerging industries
2025-04-22 18:20:55,175 - industry_trend_analyzer - INFO - Identifying saturated industries
2025-04-22 18:20:55,178 - industry_trend_analyzer - INFO - Generating trend visualizations
2025-04-22 18:20:55,754 - industry_trend_analyzer - INFO - Generating analysis report
2025-04-22 18:20:55,754 - industry_trend_analyzer - INFO - Report generated at ./outputIndustryTrends/industry_trend_report.html
