2025-03-23 22:32:37,741 - WDM - INFO - ====== WebDriver manager ======
2025-03-23 22:32:37,899 - WDM - INFO - Get LATEST chromedriver version for google-chrome
2025-03-23 22:32:37,960 - WDM - INFO - Get LATEST chromedriver version for google-chrome
2025-03-23 22:32:38,002 - WDM - INFO - Driver [/Users/hk/.wdm/drivers/chromedriver/mac64/134.0.6998.165/chromedriver-mac-arm64/chromedriver] found in cache
2025-03-23 22:32:41,187 - BayAreaScraperPro - INFO - Starting enhanced scraping process...
2025-03-23 22:32:41,187 - BayAreaScraperPro - INFO - Scraping Y Combinator...
2025-03-23 22:32:41,766 - BayAreaScraperPro - ERROR - YC API scraping failed: Message: invalid argument: log type 'performance' not found
  (Session info: chrome=134.0.6998.118)
Stacktrace:
0   chromedriver                        0x00000001008d76c8 cxxbridge1$str$ptr + 2791212
1   chromedriver                        0x00000001008cfc9c cxxbridge1$str$ptr + 2759936
2   chromedriver                        0x0000000100421e30 cxxbridge1$string$len + 92928
3   chromedriver                        0x000000010049e384 cxxbridge1$string$len + 602196
4   chromedriver                        0x000000010045d2fc cxxbridge1$string$len + 335820
5   chromedriver                        0x000000010089c6c4 cxxbridge1$str$ptr + 2549544
6   chromedriver                        0x000000010089f988 cxxbridge1$str$ptr + 2562540
7   chromedriver                        0x000000010087c71c cxxbridge1$str$ptr + 2418560
8   chromedriver                        0x00000001008a01e8 cxxbridge1$str$ptr + 2564684
9   chromedriver                        0x000000010086d750 cxxbridge1$str$ptr + 2357172
10  chromedriver                        0x00000001008bff58 cxxbridge1$str$ptr + 2695100
11  chromedriver                        0x00000001008c00e0 cxxbridge1$str$ptr + 2695492
12  chromedriver                        0x00000001008cf910 cxxbridge1$str$ptr + 2759028
13  libsystem_pthread.dylib             0x0000000187e23fa8 _pthread_start + 148
14  libsystem_pthread.dylib             0x0000000187e1eda0 thread_start + 8

2025-03-23 22:32:41,768 - BayAreaScraperPro - WARNING - No data to save for ycombinator.csv
2025-03-23 22:32:41,769 - BayAreaScraperPro - INFO - Scraping Growth List...
2025-03-23 22:32:45,651 - BayAreaScraperPro - WARNING - No data to save for growth_list.csv
2025-03-23 22:32:45,651 - BayAreaScraperPro - INFO - Scraping Crunchbase...
2025-03-23 22:32:53,872 - BayAreaScraperPro - ERROR - Crunchbase scrape failed: Message: no such element: Unable to locate element: {"method":"xpath","selector":"//script[@type='application/ld+json']"}
  (Session info: chrome=134.0.6998.118); For documentation on this error, please visit: https://www.selenium.dev/documentation/webdriver/troubleshooting/errors#no-such-element-exception
Stacktrace:
0   chromedriver                        0x00000001008d76c8 cxxbridge1$str$ptr + 2791212
1   chromedriver                        0x00000001008cfc9c cxxbridge1$str$ptr + 2759936
2   chromedriver                        0x0000000100421e30 cxxbridge1$string$len + 92928
3   chromedriver                        0x0000000100469170 cxxbridge1$string$len + 384576
4   chromedriver                        0x00000001004aa5f8 cxxbridge1$string$len + 651976
5   chromedriver                        0x000000010045d2fc cxxbridge1$string$len + 335820
6   chromedriver                        0x000000010089c6c4 cxxbridge1$str$ptr + 2549544
7   chromedriver                        0x000000010089f988 cxxbridge1$str$ptr + 2562540
8   chromedriver                        0x000000010087c71c cxxbridge1$str$ptr + 2418560
9   chromedriver                        0x00000001008a01e8 cxxbridge1$str$ptr + 2564684
10  chromedriver                        0x000000010086d750 cxxbridge1$str$ptr + 2357172
11  chromedriver                        0x00000001008bff58 cxxbridge1$str$ptr + 2695100
12  chromedriver                        0x00000001008c00e0 cxxbridge1$str$ptr + 2695492
13  chromedriver                        0x00000001008cf910 cxxbridge1$str$ptr + 2759028
14  libsystem_pthread.dylib             0x0000000187e23fa8 _pthread_start + 148
15  libsystem_pthread.dylib             0x0000000187e1eda0 thread_start + 8

2025-03-23 22:32:53,873 - BayAreaScraperPro - WARNING - No data to save for crunchbase.csv
