2025-03-23 21:17:23,747 - bay_area_startup_scraper - INFO - Starting Bay Area startup data collection
2025-03-23 21:17:23,747 - bay_area_startup_scraper - INFO - Created output directory: startup_data
2025-03-23 21:17:23,747 - bay_area_startup_scraper - INFO - Scraping Y Combinator data for san-francisco-bay-area
2025-03-23 21:17:24,798 - bay_area_startup_scraper - INFO - Scraped 0 startups from Y Combinator
2025-03-23 21:17:29,125 - bay_area_startup_scraper - INFO - Scraping Growth List data
2025-03-23 21:17:29,546 - bay_area_startup_scraper - INFO - Scraped 50 startups from Growth List
2025-03-23 21:17:34,433 - bay_area_startup_scraper - INFO - Collected data on 50 unique startups
2025-03-23 21:17:34,451 - bay_area_startup_scraper - INFO - Data saved to startup_data/bay_area_startups.csv
2025-03-23 21:17:34,452 - bay_area_startup_scraper - INFO - Data saved to startup_data/bay_area_startups.json
2025-03-23 21:17:34,452 - bay_area_startup_scraper - INFO - Data analysis complete
2025-03-23 21:17:34,453 - bay_area_startup_scraper - INFO - Data collection complete
2025-03-23 21:41:38,960 - WDM - INFO - ====== WebDriver manager ======
2025-03-23 21:41:39,508 - WDM - INFO - Get LATEST chromedriver version for google-chrome
2025-03-23 21:41:39,625 - WDM - INFO - Get LATEST chromedriver version for google-chrome
2025-03-23 21:41:39,667 - WDM - INFO - Driver [/Users/hk/.wdm/drivers/chromedriver/mac64/134.0.6998.165/chromedriver-mac-arm64/chromedriver] found in cache
2025-03-23 21:41:42,555 - BayAreaStartupScraper - INFO - Starting Y Combinator scrape
2025-03-23 21:41:42,557 - BayAreaStartupScraper - INFO - Starting Growth List scrape
2025-03-23 21:41:42,557 - BayAreaStartupScraper - INFO - Starting Crunchbase scrape
2025-03-23 21:41:42,906 - BayAreaStartupScraper - ERROR - Crunchbase API error: 401 Client Error: Unauthorized for url: https://api.crunchbase.com/api/v4/searches/organizations
2025-03-23 21:41:42,913 - BayAreaStartupScraper - INFO - Saved 100 records to growth_list.csv
2025-03-23 21:42:13,677 - BayAreaStartupScraper - ERROR - YC scrape failed: Message: 
Stacktrace:
0   chromedriver                        0x000000010103b6c8 cxxbridge1$str$ptr + 2791212
1   chromedriver                        0x0000000101033c9c cxxbridge1$str$ptr + 2759936
2   chromedriver                        0x0000000100b85e30 cxxbridge1$string$len + 92928
3   chromedriver                        0x0000000100bcd170 cxxbridge1$string$len + 384576
4   chromedriver                        0x0000000100c0e5f8 cxxbridge1$string$len + 651976
5   chromedriver                        0x0000000100bc12fc cxxbridge1$string$len + 335820
6   chromedriver                        0x00000001010006c4 cxxbridge1$str$ptr + 2549544
7   chromedriver                        0x0000000101003988 cxxbridge1$str$ptr + 2562540
8   chromedriver                        0x0000000100fe071c cxxbridge1$str$ptr + 2418560
9   chromedriver                        0x00000001010041e8 cxxbridge1$str$ptr + 2564684
10  chromedriver                        0x0000000100fd1750 cxxbridge1$str$ptr + 2357172
11  chromedriver                        0x0000000101023f58 cxxbridge1$str$ptr + 2695100
12  chromedriver                        0x00000001010240e0 cxxbridge1$str$ptr + 2695492
13  chromedriver                        0x0000000101033910 cxxbridge1$str$ptr + 2759028
14  libsystem_pthread.dylib             0x0000000187e23fa8 _pthread_start + 148
15  libsystem_pthread.dylib             0x0000000187e1eda0 thread_start + 8

2025-03-23 21:48:06,997 - WDM - INFO - ====== WebDriver manager ======
2025-03-23 21:48:07,155 - WDM - INFO - Get LATEST chromedriver version for google-chrome
2025-03-23 21:48:07,235 - WDM - INFO - Get LATEST chromedriver version for google-chrome
2025-03-23 21:48:07,272 - WDM - INFO - Driver [/Users/hk/.wdm/drivers/chromedriver/mac64/134.0.6998.165/chromedriver-mac-arm64/chromedriver] found in cache
2025-03-23 21:48:08,930 - BayAreaScraper - INFO - Starting data collection...
2025-03-23 21:48:08,930 - BayAreaScraper - INFO - Starting Y Combinator scrape
2025-03-23 21:48:30,221 - BayAreaScraper - ERROR - YC scrape failed: Message: 
Stacktrace:
0   chromedriver                        0x00000001013336c8 cxxbridge1$str$ptr + 2791212
1   chromedriver                        0x000000010132bc9c cxxbridge1$str$ptr + 2759936
2   chromedriver                        0x0000000100e7de30 cxxbridge1$string$len + 92928
3   chromedriver                        0x0000000100ec5170 cxxbridge1$string$len + 384576
4   chromedriver                        0x0000000100f065f8 cxxbridge1$string$len + 651976
5   chromedriver                        0x0000000100eb92fc cxxbridge1$string$len + 335820
6   chromedriver                        0x00000001012f86c4 cxxbridge1$str$ptr + 2549544
7   chromedriver                        0x00000001012fb988 cxxbridge1$str$ptr + 2562540
8   chromedriver                        0x00000001012d871c cxxbridge1$str$ptr + 2418560
9   chromedriver                        0x00000001012fc1e8 cxxbridge1$str$ptr + 2564684
10  chromedriver                        0x00000001012c9750 cxxbridge1$str$ptr + 2357172
11  chromedriver                        0x000000010131bf58 cxxbridge1$str$ptr + 2695100
12  chromedriver                        0x000000010131c0e0 cxxbridge1$str$ptr + 2695492
13  chromedriver                        0x000000010132b910 cxxbridge1$str$ptr + 2759028
14  libsystem_pthread.dylib             0x0000000187e23fa8 _pthread_start + 148
15  libsystem_pthread.dylib             0x0000000187e1eda0 thread_start + 8

2025-03-23 21:48:44,669 - BayAreaScraper - INFO - Starting Growth List scrape
2025-03-23 21:48:45,799 - BayAreaScraper - INFO - Saved 0 records to growth_list.csv
2025-03-23 21:48:56,674 - BayAreaScraper - INFO - Starting Crunchbase scrape
2025-03-23 21:49:03,826 - BayAreaScraper - INFO - Saved 0 records to crunchbase.csv
2025-03-23 21:52:37,527 - WDM - INFO - ====== WebDriver manager ======
2025-03-23 21:52:37,961 - WDM - INFO - Get LATEST chromedriver version for google-chrome
2025-03-23 21:52:38,002 - WDM - INFO - Get LATEST chromedriver version for google-chrome
2025-03-23 21:52:38,038 - WDM - INFO - Driver [/Users/hk/.wdm/drivers/chromedriver/mac64/134.0.6998.165/chromedriver-mac-arm64/chromedriver] found in cache
2025-03-23 21:52:39,445 - BayAreaScraperPro - INFO - Starting enhanced data collection...
2025-03-23 21:52:39,445 - BayAreaScraperPro - INFO - Starting Y Combinator scrape
2025-03-23 21:52:57,902 - BayAreaScraperPro - INFO - Saved 0 records to ycombinator.csv
2025-03-23 21:53:12,798 - BayAreaScraperPro - INFO - Starting Growth List scrape
2025-03-23 21:53:13,890 - BayAreaScraperPro - INFO - Saved 0 records to growth_list.csv
2025-03-23 21:53:23,912 - BayAreaScraperPro - INFO - Starting Crunchbase scrape
2025-03-23 21:53:32,184 - BayAreaScraperPro - INFO - Saved 0 records to crunchbase.csv
2025-03-23 22:37:08,429 - WDM - INFO - ====== WebDriver manager ======
2025-03-23 22:37:08,586 - WDM - INFO - Get LATEST chromedriver version for google-chrome
2025-03-23 22:37:08,630 - WDM - INFO - Get LATEST chromedriver version for google-chrome
2025-03-23 22:37:08,736 - WDM - INFO - Driver [/Users/hk/.wdm/drivers/chromedriver/mac64/134.0.6998.165/chromedriver-mac-arm64/chromedriver] found in cache
2025-03-23 22:37:13,399 - BayAreaScraperPro - INFO - Starting data collection...
2025-03-23 22:37:13,402 - BayAreaScraperPro - INFO - Starting Y Combinator scrape
2025-03-23 22:37:34,463 - BayAreaScraperPro - ERROR - YC scrape failed: Message: 
Stacktrace:
0   chromedriver                        0x00000001048736c8 cxxbridge1$str$ptr + 2791212
1   chromedriver                        0x000000010486bc9c cxxbridge1$str$ptr + 2759936
2   chromedriver                        0x00000001043bde30 cxxbridge1$string$len + 92928
3   chromedriver                        0x0000000104405170 cxxbridge1$string$len + 384576
4   chromedriver                        0x00000001044465f8 cxxbridge1$string$len + 651976
5   chromedriver                        0x00000001043f92fc cxxbridge1$string$len + 335820
6   chromedriver                        0x00000001048386c4 cxxbridge1$str$ptr + 2549544
7   chromedriver                        0x000000010483b988 cxxbridge1$str$ptr + 2562540
8   chromedriver                        0x000000010481871c cxxbridge1$str$ptr + 2418560
9   chromedriver                        0x000000010483c1e8 cxxbridge1$str$ptr + 2564684
10  chromedriver                        0x0000000104809750 cxxbridge1$str$ptr + 2357172
11  chromedriver                        0x000000010485bf58 cxxbridge1$str$ptr + 2695100
12  chromedriver                        0x000000010485c0e0 cxxbridge1$str$ptr + 2695492
13  chromedriver                        0x000000010486b910 cxxbridge1$str$ptr + 2759028
14  libsystem_pthread.dylib             0x0000000187e23fa8 _pthread_start + 148
15  libsystem_pthread.dylib             0x0000000187e1eda0 thread_start + 8

2025-03-23 22:37:39,912 - BayAreaScraperPro - INFO - Starting Growth List scrape
2025-03-23 22:37:58,258 - BayAreaScraperPro - INFO - Saved 99 records to growth_list.csv
2025-03-23 22:38:07,752 - BayAreaScraperPro - INFO - Starting Crunchbase scrape
2025-03-23 22:38:36,165 - BayAreaScraperPro - ERROR - Crunchbase scrape failed: Message: 

2025-03-23 22:53:34,524 - WDM - INFO - ====== WebDriver manager ======
2025-03-23 22:53:34,671 - WDM - INFO - Get LATEST chromedriver version for google-chrome
2025-03-23 22:53:34,750 - WDM - INFO - Get LATEST chromedriver version for google-chrome
2025-03-23 22:53:34,786 - WDM - INFO - Driver [/Users/hk/.wdm/drivers/chromedriver/mac64/134.0.6998.165/chromedriver-mac-arm64/chromedriver] found in cache
2025-03-23 22:53:35,202 - undetected_chromedriver.patcher - INFO - patching driver executable /Users/hk/Library/Application Support/undetected_chromedriver/undetected_chromedriver
2025-03-23 22:53:38,635 - BayAreaScraperPro - INFO - Starting data collection...
2025-03-23 22:53:38,636 - BayAreaScraperPro - INFO - Starting Y Combinator scrape
2025-03-23 22:54:09,635 - BayAreaScraperPro - ERROR - YC scrape failed: Message: 
Stacktrace:
0   undetected_chromedriver             0x0000000102cc3568 undetected_chromedriver + 6088040
1   undetected_chromedriver             0x0000000102cbb17a undetected_chromedriver + 6054266
2   undetected_chromedriver             0x000000010275a540 undetected_chromedriver + 415040
3   undetected_chromedriver             0x00000001027ac0a0 undetected_chromedriver + 749728
4   undetected_chromedriver             0x00000001027ac2f1 undetected_chromedriver + 750321
5   undetected_chromedriver             0x00000001027fc764 undetected_chromedriver + 1079140
6   undetected_chromedriver             0x00000001027d241d undetected_chromedriver + 906269
7   undetected_chromedriver             0x00000001027f9a19 undetected_chromedriver + 1067545
8   undetected_chromedriver             0x00000001027d21c3 undetected_chromedriver + 905667
9   undetected_chromedriver             0x000000010279e05a undetected_chromedriver + 692314
10  undetected_chromedriver             0x000000010279f1b1 undetected_chromedriver + 696753
11  undetected_chromedriver             0x0000000102c82c90 undetected_chromedriver + 5823632
12  undetected_chromedriver             0x0000000102c86b44 undetected_chromedriver + 5839684
13  undetected_chromedriver             0x0000000102c5de86 undetected_chromedriver + 5672582
14  undetected_chromedriver             0x0000000102c8753b undetected_chromedriver + 5842235
15  undetected_chromedriver             0x0000000102c4c824 undetected_chromedriver + 5601316
16  undetected_chromedriver             0x0000000102ca9618 undetected_chromedriver + 5981720
17  undetected_chromedriver             0x0000000102ca97df undetected_chromedriver + 5982175
18  undetected_chromedriver             0x0000000102cbad58 undetected_chromedriver + 6053208
19  libsystem_pthread.dylib             0x00007ff801d5f1d3 _pthread_start + 125
20  libsystem_pthread.dylib             0x00007ff801d5abd3 thread_start + 15

2025-03-23 22:54:20,261 - BayAreaScraperPro - INFO - Starting Growth List scrape
2025-03-23 22:54:25,419 - BayAreaScraperPro - WARNING - No data to save for growth_list.csv
2025-03-23 22:54:36,458 - BayAreaScraperPro - INFO - Starting Crunchbase scrape
2025-03-23 22:54:50,786 - BayAreaScraperPro - WARNING - No data to save for crunchbase.csv
2025-03-23 23:00:14,304 - WDM - INFO - ====== WebDriver manager ======
2025-03-23 23:00:14,451 - WDM - INFO - Get LATEST chromedriver version for google-chrome
2025-03-23 23:00:14,494 - WDM - INFO - Get LATEST chromedriver version for google-chrome
2025-03-23 23:00:14,526 - WDM - INFO - Driver [/Users/hk/.wdm/drivers/chromedriver/mac64/134.0.6998.165/chromedriver-mac-arm64/chromedriver] found in cache
2025-03-23 23:00:14,936 - undetected_chromedriver.patcher - INFO - patching driver executable /Users/hk/Library/Application Support/undetected_chromedriver/undetected_chromedriver
2025-03-23 23:00:18,188 - BayAreaScraperPro - INFO - Starting data collection...
2025-03-23 23:00:18,189 - BayAreaScraperPro - INFO - Starting Y Combinator scrape
2025-03-23 23:00:49,794 - BayAreaScraperPro - ERROR - YC scrape failed: Message: 
Stacktrace:
0   undetected_chromedriver             0x00000001049c5568 undetected_chromedriver + 6088040
1   undetected_chromedriver             0x00000001049bd17a undetected_chromedriver + 6054266
2   undetected_chromedriver             0x000000010445c540 undetected_chromedriver + 415040
3   undetected_chromedriver             0x00000001044ae0a0 undetected_chromedriver + 749728
4   undetected_chromedriver             0x00000001044ae2f1 undetected_chromedriver + 750321
5   undetected_chromedriver             0x00000001044fe764 undetected_chromedriver + 1079140
6   undetected_chromedriver             0x00000001044d441d undetected_chromedriver + 906269
7   undetected_chromedriver             0x00000001044fba19 undetected_chromedriver + 1067545
8   undetected_chromedriver             0x00000001044d41c3 undetected_chromedriver + 905667
9   undetected_chromedriver             0x00000001044a005a undetected_chromedriver + 692314
10  undetected_chromedriver             0x00000001044a11b1 undetected_chromedriver + 696753
11  undetected_chromedriver             0x0000000104984c90 undetected_chromedriver + 5823632
12  undetected_chromedriver             0x0000000104988b44 undetected_chromedriver + 5839684
13  undetected_chromedriver             0x000000010495fe86 undetected_chromedriver + 5672582
14  undetected_chromedriver             0x000000010498953b undetected_chromedriver + 5842235
15  undetected_chromedriver             0x000000010494e824 undetected_chromedriver + 5601316
16  undetected_chromedriver             0x00000001049ab618 undetected_chromedriver + 5981720
17  undetected_chromedriver             0x00000001049ab7df undetected_chromedriver + 5982175
18  undetected_chromedriver             0x00000001049bcd58 undetected_chromedriver + 6053208
19  libsystem_pthread.dylib             0x00007ff81b7371d3 _pthread_start + 125
20  libsystem_pthread.dylib             0x00007ff81b732bd3 thread_start + 15

2025-03-23 23:01:02,895 - BayAreaScraperPro - INFO - Starting Growth List scrape
2025-03-23 23:01:07,805 - BayAreaScraperPro - WARNING - No data to save for growth_list.csv
2025-03-23 23:01:17,525 - BayAreaScraperPro - INFO - Starting Crunchbase scrape
2025-03-23 23:01:30,348 - BayAreaScraperPro - WARNING - No data to save for crunchbase.csv
