2025-04-22 09:48:26,289 - funding_amount_forecast - INFO - Funding Amount Forecast initialized
2025-04-22 09:48:26,290 - funding_amount_forecast - INFO - Creating prediction intervals visualization
2025-04-22 09:48:26,989 - funding_amount_forecast - INFO - Saved prediction intervals visualization to test_output/prediction_intervals.png
2025-04-22 09:50:51,608 - funding_amount_forecast - INFO - Funding Amount Forecast initialized
2025-04-22 09:50:51,609 - funding_amount_forecast - INFO - Creating prediction intervals visualization
2025-04-22 09:50:52,047 - funding_amount_forecast - INFO - Saved prediction intervals visualization to test_output/prediction_intervals.png
2025-04-22 09:51:00,958 - funding_amount_forecast - INFO - Funding Amount Forecast initialized
2025-04-22 09:51:00,958 - funding_amount_forecast - INFO - Starting funding amount forecast analysis
2025-04-22 09:51:00,958 - funding_amount_forecast - INFO - Loading data from JSON files
2025-04-22 09:51:00,958 - funding_amount_forecast - WARNING - Fundraiser data file not found: JSONFolder/fundraisestartup50.json
2025-04-22 09:51:00,958 - funding_amount_forecast - WARNING - Growthlist data file not found: JSONFolder/growthlistscrapper.json
2025-04-22 09:51:00,958 - funding_amount_forecast - WARNING - Topstartup data file not found: JSONFolder/topstartupio50.json
2025-04-22 09:51:00,958 - funding_amount_forecast - ERROR - No records found in any of the data sources
2025-04-22 09:51:00,960 - funding_amount_forecast - ERROR - No data available for analysis
2025-04-22 09:51:23,783 - funding_amount_forecast - INFO - Funding Amount Forecast initialized
2025-04-22 09:51:23,784 - funding_amount_forecast - INFO - Starting funding amount forecast analysis
2025-04-22 09:51:23,784 - funding_amount_forecast - INFO - Loading data from JSON files
2025-04-22 09:51:23,789 - funding_amount_forecast - INFO - Loaded 1103 records from fundraiser data
2025-04-22 09:51:23,790 - funding_amount_forecast - INFO - Loaded 100 records from growthlist data
2025-04-22 09:51:23,795 - funding_amount_forecast - INFO - Loaded 546 records from topstartup data
2025-04-22 09:51:23,806 - funding_amount_forecast - INFO - Created DataFrame with 1749 records and 27 columns
2025-04-22 09:51:23,806 - funding_amount_forecast - INFO - Standardizing DataFrame
2025-04-22 09:51:23,847 - funding_amount_forecast - INFO - DataFrame standardization complete with 1749 records
2025-04-22 09:51:23,847 - funding_amount_forecast - INFO - Creating features for funding amount forecasting
2025-04-22 09:51:23,849 - funding_amount_forecast - INFO - Kept 1727 records with valid funding amounts
2025-04-22 09:51:23,851 - funding_amount_forecast - INFO - Converting funding_date to datetime
2025-04-22 09:51:24,943 - funding_amount_forecast - INFO - Estimating next round amounts for 623 companies without actual next round data
2025-04-22 09:51:25,136 - funding_amount_forecast - INFO - Feature engineering complete. Created 47 features.
2025-04-22 09:51:25,137 - funding_amount_forecast - INFO - Preparing data for model training
2025-04-22 09:51:25,138 - funding_amount_forecast - WARNING - Column funding_usd contains all NaN values and will be excluded from features
2025-04-22 09:51:25,139 - funding_amount_forecast - WARNING - Column avg_time_between_rounds contains all NaN values and will be excluded from features
2025-04-22 09:51:25,140 - funding_amount_forecast - INFO - Filling missing values with median
2025-04-22 09:51:25,143 - funding_amount_forecast - INFO - Using 1104 records with actual next round data for validation
2025-04-22 09:51:25,145 - funding_amount_forecast - INFO - Training set: 1395 records (772 actual, 623 estimated)
2025-04-22 09:51:25,146 - funding_amount_forecast - INFO - Test set: 332 records (all actual data)
2025-04-22 09:51:25,153 - funding_amount_forecast - INFO - Training models...
2025-04-22 09:51:25,153 - funding_amount_forecast - INFO - Training quantile regression forest with quantiles: [0.1, 0.5, 0.9]
2025-04-22 09:51:25,153 - funding_amount_forecast - INFO - Training model for quantile 0.1
2025-04-22 09:51:25,720 - funding_amount_forecast - INFO - Trained model for quantile 0.1
2025-04-22 09:51:25,721 - funding_amount_forecast - INFO - Training model for quantile 0.5
2025-04-22 09:51:26,297 - funding_amount_forecast - INFO - Trained model for quantile 0.5
2025-04-22 09:51:26,297 - funding_amount_forecast - INFO - Training model for quantile 0.9
2025-04-22 09:51:26,945 - funding_amount_forecast - INFO - Trained model for quantile 0.9
2025-04-22 09:51:26,946 - funding_amount_forecast - INFO - Training ensemble model
2025-04-22 09:51:28,278 - funding_amount_forecast - INFO - Evaluating models...
2025-04-22 09:51:28,278 - funding_amount_forecast - INFO - Evaluating model performance
2025-04-22 09:51:28,289 - funding_amount_forecast - INFO - Quantile Regression Forest Metrics: RMSE=$112235568.08, MAE=$38333338.00, R2=-0.0109, Log-R2=-0.1591, Within 20%=0.07, Same order of magnitude=0.77
2025-04-22 09:51:28,320 - funding_amount_forecast - INFO - 80% Prediction Interval Coverage: 0.6687
2025-04-22 09:51:28,322 - funding_amount_forecast - INFO - Evaluating model performance
2025-04-22 09:51:28,418 - funding_amount_forecast - INFO - random_forest Metrics: RMSE=$269957221.69, MAE=$61967591.40, R2=-4.8486, Log-R2=-0.2712, Within 20%=0.1040, Same order=0.7416
2025-04-22 09:51:28,426 - funding_amount_forecast - INFO - gradient_boosting Metrics: RMSE=$643056289.66, MAE=$105266494.49, R2=-32.1866, Log-R2=-0.3945, Within 20%=0.0772, Same order=0.7383
2025-04-22 09:51:28,510 - funding_amount_forecast - INFO - extra_trees Metrics: RMSE=$141735245.54, MAE=$62304653.23, R2=-0.6122, Log-R2=-0.3549, Within 20%=0.0604, Same order=0.6846
2025-04-22 09:51:28,513 - funding_amount_forecast - INFO - Ensemble Metrics: RMSE=$272865558.57, MAE=$74812883.23, R2=-4.9753, Log-R2=-0.3402, Within 20%=0.1007, Same order=0.7148
2025-04-22 09:51:28,515 - funding_amount_forecast - INFO - Creating visualizations...
2025-04-22 09:51:28,515 - funding_amount_forecast - INFO - Creating funding by stage visualization
2025-04-22 09:51:30,036 - funding_amount_forecast - INFO - Saved funding by stage visualization to outputFundingForecast/funding_by_stage.png
2025-04-22 09:51:30,044 - funding_amount_forecast - INFO - Creating funding by industry visualization
2025-04-22 09:51:31,434 - funding_amount_forecast - INFO - Saved funding by industry visualizations to outputFundingForecast/funding_by_industry_average.png and outputFundingForecast/funding_by_industry_distribution.png
2025-04-22 09:51:31,434 - funding_amount_forecast - INFO - Creating prediction accuracy visualization
2025-04-22 09:51:31,859 - funding_amount_forecast - INFO - Saved prediction accuracy visualization to outputFundingForecast/prediction_accuracy.png
2025-04-22 09:51:31,859 - funding_amount_forecast - INFO - Creating feature importance visualization
2025-04-22 09:51:32,268 - funding_amount_forecast - INFO - Saved feature importance visualization to outputFundingForecast/feature_importance.png
2025-04-22 09:51:32,268 - funding_amount_forecast - INFO - Creating model calibration visualization
2025-04-22 09:51:32,646 - funding_amount_forecast - INFO - Saved model calibration visualization to outputFundingForecast/model_calibration.png
2025-04-22 09:51:32,646 - funding_amount_forecast - INFO - Creating error distribution visualization
2025-04-22 09:51:34,954 - funding_amount_forecast - INFO - Saved error distribution visualization to outputFundingForecast/error_distribution.png
2025-04-22 09:51:34,954 - funding_amount_forecast - INFO - Creating prediction intervals visualization
2025-04-22 09:51:35,430 - funding_amount_forecast - INFO - Saved prediction intervals visualization to outputFundingForecast/prediction_intervals.png
2025-04-22 09:51:35,430 - funding_amount_forecast - INFO - Generating report...
2025-04-22 09:51:35,430 - funding_amount_forecast - INFO - Generating funding amount forecast report
2025-04-22 09:51:35,440 - funding_amount_forecast - INFO - Saved funding amount forecast report to outputFundingForecast/funding_amount_forecast_report.md
2025-04-22 09:51:35,440 - funding_amount_forecast - INFO - Saving model...
2025-04-22 09:51:35,440 - funding_amount_forecast - INFO - Saving model to outputFundingForecast/funding_amount_forecast_model.pkl
2025-04-22 09:51:35,543 - funding_amount_forecast - INFO - Model saved successfully to outputFundingForecast/funding_amount_forecast_model.pkl
2025-04-22 09:51:35,544 - funding_amount_forecast - INFO - Funding amount forecast analysis completed successfully
2025-04-22 09:56:27,816 - funding_amount_forecast - INFO - Funding Amount Forecast initialized
2025-04-22 09:56:27,816 - funding_amount_forecast - INFO - Starting funding amount forecast analysis
2025-04-22 09:56:27,816 - funding_amount_forecast - INFO - Loading data from JSON files
2025-04-22 09:56:27,819 - funding_amount_forecast - INFO - Loaded 1103 records from fundraiser data
2025-04-22 09:56:27,820 - funding_amount_forecast - INFO - Loaded 100 records from growthlist data
2025-04-22 09:56:27,822 - funding_amount_forecast - INFO - Loaded 546 records from topstartup data
2025-04-22 09:56:27,833 - funding_amount_forecast - INFO - Created DataFrame with 1749 records and 27 columns
2025-04-22 09:56:27,833 - funding_amount_forecast - INFO - Standardizing DataFrame
2025-04-22 09:56:27,866 - funding_amount_forecast - INFO - DataFrame standardization complete with 1749 records
2025-04-22 09:56:27,867 - funding_amount_forecast - INFO - Creating features for funding amount forecasting
2025-04-22 09:56:27,870 - funding_amount_forecast - INFO - Kept 1727 records with valid funding amounts
2025-04-22 09:56:27,870 - funding_amount_forecast - INFO - Converting funding_date to datetime
2025-04-22 09:56:28,858 - funding_amount_forecast - INFO - Estimating next round amounts for 623 companies without actual next round data
2025-04-22 09:56:29,037 - funding_amount_forecast - INFO - Feature engineering complete. Created 47 features.
2025-04-22 09:56:29,038 - funding_amount_forecast - INFO - Preparing data for model training
2025-04-22 09:56:29,039 - funding_amount_forecast - WARNING - Column funding_usd contains all NaN values and will be excluded from features
2025-04-22 09:56:29,041 - funding_amount_forecast - WARNING - Column avg_time_between_rounds contains all NaN values and will be excluded from features
2025-04-22 09:56:29,043 - funding_amount_forecast - INFO - Filling missing values with median
2025-04-22 09:56:29,045 - funding_amount_forecast - INFO - Using 1104 records with actual next round data for validation
2025-04-22 09:56:29,048 - funding_amount_forecast - INFO - Training set: 1395 records (772 actual, 623 estimated)
2025-04-22 09:56:29,048 - funding_amount_forecast - INFO - Test set: 332 records (all actual data)
2025-04-22 09:56:29,055 - funding_amount_forecast - INFO - Training models...
2025-04-22 09:56:29,055 - funding_amount_forecast - INFO - Training quantile regression forest with quantiles: [0.1, 0.5, 0.9]
2025-04-22 09:56:29,055 - funding_amount_forecast - INFO - Training model for quantile 0.1
2025-04-22 09:56:29,652 - funding_amount_forecast - INFO - Trained model for quantile 0.1
2025-04-22 09:56:29,652 - funding_amount_forecast - INFO - Training model for quantile 0.5
2025-04-22 09:56:30,253 - funding_amount_forecast - INFO - Trained model for quantile 0.5
2025-04-22 09:56:30,253 - funding_amount_forecast - INFO - Training model for quantile 0.9
2025-04-22 09:56:30,751 - funding_amount_forecast - INFO - Trained model for quantile 0.9
2025-04-22 09:56:30,751 - funding_amount_forecast - INFO - Training ensemble model
2025-04-22 09:56:31,541 - funding_amount_forecast - INFO - Evaluating models...
2025-04-22 09:56:31,541 - funding_amount_forecast - INFO - Evaluating model performance
2025-04-22 09:56:31,544 - funding_amount_forecast - INFO - Quantile Regression Forest Metrics: RMSE=$112403528.37, MAE=$38310994.52, R2=-0.0140, Log-R2=-0.1663, Within 20%=0.09, Same order of magnitude=0.77
2025-04-22 09:56:31,547 - funding_amount_forecast - INFO - 80% Prediction Interval Coverage: 0.6687
2025-04-22 09:56:31,547 - funding_amount_forecast - INFO - Evaluating model performance
2025-04-22 09:56:31,577 - funding_amount_forecast - INFO - random_forest Metrics: RMSE=$262063585.87, MAE=$61463536.10, R2=-4.5116, Log-R2=-0.2713, Within 20%=0.0973, Same order=0.7450
2025-04-22 09:56:31,580 - funding_amount_forecast - INFO - gradient_boosting Metrics: RMSE=$604169799.65, MAE=$103810233.83, R2=-28.2942, Log-R2=-0.3427, Within 20%=0.0772, Same order=0.7450
2025-04-22 09:56:31,608 - funding_amount_forecast - INFO - extra_trees Metrics: RMSE=$141003423.33, MAE=$62405621.58, R2=-0.5956, Log-R2=-0.3554, Within 20%=0.0671, Same order=0.6846
2025-04-22 09:56:31,610 - funding_amount_forecast - INFO - Ensemble Metrics: RMSE=$263970809.24, MAE=$74231619.76, R2=-4.5921, Log-R2=-0.3416, Within 20%=0.0805, Same order=0.7148
2025-04-22 09:56:31,669 - funding_amount_forecast - INFO - Creating visualizations...
2025-04-22 09:56:31,670 - funding_amount_forecast - INFO - Creating funding by stage visualization
2025-04-22 09:56:32,409 - funding_amount_forecast - INFO - Saved funding by stage visualization to outputFundingForecast/funding_by_stage.png
2025-04-22 09:56:32,409 - funding_amount_forecast - INFO - Creating funding by industry visualization
2025-04-22 09:56:33,498 - funding_amount_forecast - INFO - Saved funding by industry visualizations to outputFundingForecast/funding_by_industry_average.png and outputFundingForecast/funding_by_industry_distribution.png
2025-04-22 09:56:33,498 - funding_amount_forecast - INFO - Creating prediction accuracy visualization
2025-04-22 09:56:33,848 - funding_amount_forecast - INFO - Saved prediction accuracy visualization to outputFundingForecast/prediction_accuracy.png
2025-04-22 09:56:33,848 - funding_amount_forecast - INFO - Creating feature importance visualization
2025-04-22 09:56:34,220 - funding_amount_forecast - INFO - Saved feature importance visualization to outputFundingForecast/feature_importance.png
2025-04-22 09:56:34,220 - funding_amount_forecast - INFO - Creating model calibration visualization
2025-04-22 09:56:34,592 - funding_amount_forecast - INFO - Saved model calibration visualization to outputFundingForecast/model_calibration.png
2025-04-22 09:56:34,592 - funding_amount_forecast - INFO - Creating error distribution visualization
2025-04-22 09:56:36,859 - funding_amount_forecast - INFO - Saved error distribution visualization to outputFundingForecast/error_distribution.png
2025-04-22 09:56:36,860 - funding_amount_forecast - INFO - Creating prediction intervals visualization
2025-04-22 09:56:37,260 - funding_amount_forecast - INFO - Saved prediction intervals visualization to outputFundingForecast/prediction_intervals.png
2025-04-22 09:56:37,260 - funding_amount_forecast - INFO - Generating report...
2025-04-22 09:56:37,260 - funding_amount_forecast - INFO - Generating funding amount forecast report
2025-04-22 09:56:37,308 - funding_amount_forecast - ERROR - Error generating report: sequence item 0: expected str instance, float found
2025-04-22 09:56:37,309 - funding_amount_forecast - INFO - Saving model...
2025-04-22 09:56:37,309 - funding_amount_forecast - INFO - Saving model to outputFundingForecast/funding_amount_forecast_model.pkl
2025-04-22 09:56:37,396 - funding_amount_forecast - INFO - Model saved successfully to outputFundingForecast/funding_amount_forecast_model.pkl
2025-04-22 09:56:37,396 - funding_amount_forecast - INFO - Funding amount forecast analysis completed successfully
2025-04-22 09:58:02,154 - funding_amount_forecast - INFO - Funding Amount Forecast initialized
2025-04-22 09:58:02,154 - funding_amount_forecast - INFO - Starting funding amount forecast analysis
2025-04-22 09:58:02,154 - funding_amount_forecast - INFO - Loading data from JSON files
2025-04-22 09:58:02,158 - funding_amount_forecast - INFO - Loaded 1103 records from fundraiser data
2025-04-22 09:58:02,158 - funding_amount_forecast - INFO - Loaded 100 records from growthlist data
2025-04-22 09:58:02,160 - funding_amount_forecast - INFO - Loaded 546 records from topstartup data
2025-04-22 09:58:02,167 - funding_amount_forecast - INFO - Created DataFrame with 1749 records and 27 columns
2025-04-22 09:58:02,167 - funding_amount_forecast - INFO - Standardizing DataFrame
2025-04-22 09:58:02,190 - funding_amount_forecast - INFO - DataFrame standardization complete with 1749 records
2025-04-22 09:58:02,191 - funding_amount_forecast - INFO - Creating features for funding amount forecasting
2025-04-22 09:58:02,193 - funding_amount_forecast - INFO - Kept 1727 records with valid funding amounts
2025-04-22 09:58:02,193 - funding_amount_forecast - INFO - Converting funding_date to datetime
2025-04-22 09:58:04,400 - funding_amount_forecast - INFO - Estimating next round amounts for 623 companies without actual next round data
2025-04-22 09:58:04,589 - funding_amount_forecast - INFO - Feature engineering complete. Created 47 features.
2025-04-22 09:58:04,591 - funding_amount_forecast - INFO - Preparing data for model training
2025-04-22 09:58:04,592 - funding_amount_forecast - WARNING - Column funding_usd contains all NaN values and will be excluded from features
2025-04-22 09:58:04,593 - funding_amount_forecast - WARNING - Column avg_time_between_rounds contains all NaN values and will be excluded from features
2025-04-22 09:58:04,594 - funding_amount_forecast - INFO - Filling missing values with median
2025-04-22 09:58:04,597 - funding_amount_forecast - INFO - Using 1104 records with actual next round data for validation
2025-04-22 09:58:04,599 - funding_amount_forecast - INFO - Training set: 1395 records (772 actual, 623 estimated)
2025-04-22 09:58:04,599 - funding_amount_forecast - INFO - Test set: 332 records (all actual data)
2025-04-22 09:58:04,604 - funding_amount_forecast - INFO - Training models...
2025-04-22 09:58:04,604 - funding_amount_forecast - INFO - Training quantile regression forest with quantiles: [0.1, 0.5, 0.9]
2025-04-22 09:58:04,604 - funding_amount_forecast - INFO - Training model for quantile 0.1
2025-04-22 09:58:05,054 - funding_amount_forecast - INFO - Trained model for quantile 0.1
2025-04-22 09:58:05,055 - funding_amount_forecast - INFO - Training model for quantile 0.5
2025-04-22 09:58:06,168 - funding_amount_forecast - INFO - Trained model for quantile 0.5
2025-04-22 09:58:06,171 - funding_amount_forecast - INFO - Training model for quantile 0.9
2025-04-22 09:58:06,727 - funding_amount_forecast - INFO - Trained model for quantile 0.9
2025-04-22 09:58:06,727 - funding_amount_forecast - INFO - Training ensemble model
2025-04-22 09:58:07,854 - funding_amount_forecast - INFO - Evaluating models...
2025-04-22 09:58:07,855 - funding_amount_forecast - INFO - Evaluating model performance
2025-04-22 09:58:07,860 - funding_amount_forecast - INFO - Quantile Regression Forest Metrics: RMSE=$112245680.41, MAE=$38531849.66, R2=-0.0111, Log-R2=-0.1676, Within 20%=0.07, Same order of magnitude=0.77
2025-04-22 09:58:07,864 - funding_amount_forecast - INFO - 80% Prediction Interval Coverage: 0.6657
2025-04-22 09:58:07,864 - funding_amount_forecast - INFO - Evaluating model performance
2025-04-22 09:58:07,906 - funding_amount_forecast - INFO - random_forest Metrics: RMSE=$269998444.13, MAE=$62123836.04, R2=-4.8504, Log-R2=-0.2731, Within 20%=0.1040, Same order=0.7416
2025-04-22 09:58:07,909 - funding_amount_forecast - INFO - gradient_boosting Metrics: RMSE=$601075083.82, MAE=$102227973.00, R2=-27.9949, Log-R2=-0.3983, Within 20%=0.0772, Same order=0.7349
2025-04-22 09:58:07,936 - funding_amount_forecast - INFO - extra_trees Metrics: RMSE=$136038355.40, MAE=$61826038.30, R2=-0.4852, Log-R2=-0.3553, Within 20%=0.0671, Same order=0.6812
2025-04-22 09:58:07,937 - funding_amount_forecast - INFO - Ensemble Metrics: RMSE=$261780097.50, MAE=$73659178.02, R2=-4.4997, Log-R2=-0.3410, Within 20%=0.0940, Same order=0.7081
2025-04-22 09:58:07,997 - funding_amount_forecast - INFO - Creating visualizations...
2025-04-22 09:58:07,997 - funding_amount_forecast - INFO - Creating funding by stage visualization
2025-04-22 09:58:08,952 - funding_amount_forecast - INFO - Saved funding by stage visualization to outputFundingForecast/funding_by_stage.png
2025-04-22 09:58:08,952 - funding_amount_forecast - INFO - Creating funding by industry visualization
2025-04-22 09:58:10,117 - funding_amount_forecast - INFO - Saved funding by industry visualizations to outputFundingForecast/funding_by_industry_average.png and outputFundingForecast/funding_by_industry_distribution.png
2025-04-22 09:58:10,117 - funding_amount_forecast - INFO - Creating prediction accuracy visualization
2025-04-22 09:58:10,487 - funding_amount_forecast - INFO - Saved prediction accuracy visualization to outputFundingForecast/prediction_accuracy.png
2025-04-22 09:58:10,487 - funding_amount_forecast - INFO - Creating feature importance visualization
2025-04-22 09:58:10,847 - funding_amount_forecast - INFO - Saved feature importance visualization to outputFundingForecast/feature_importance.png
2025-04-22 09:58:10,847 - funding_amount_forecast - INFO - Creating model calibration visualization
2025-04-22 09:58:11,124 - funding_amount_forecast - INFO - Saved model calibration visualization to outputFundingForecast/model_calibration.png
2025-04-22 09:58:11,124 - funding_amount_forecast - INFO - Creating error distribution visualization
2025-04-22 09:58:12,772 - funding_amount_forecast - INFO - Saved error distribution visualization to outputFundingForecast/error_distribution.png
2025-04-22 09:58:12,773 - funding_amount_forecast - INFO - Creating prediction intervals visualization
2025-04-22 09:58:13,084 - funding_amount_forecast - INFO - Saved prediction intervals visualization to outputFundingForecast/prediction_intervals.png
2025-04-22 09:58:13,084 - funding_amount_forecast - INFO - Generating report...
2025-04-22 09:58:13,084 - funding_amount_forecast - INFO - Generating funding amount forecast report
2025-04-22 09:58:13,129 - funding_amount_forecast - INFO - Saved funding amount forecast report to outputFundingForecast/funding_amount_forecast_report.md
2025-04-22 09:58:13,129 - funding_amount_forecast - INFO - Saving model...
2025-04-22 09:58:13,129 - funding_amount_forecast - INFO - Saving model to outputFundingForecast/funding_amount_forecast_model.pkl
2025-04-22 09:58:13,212 - funding_amount_forecast - INFO - Model saved successfully to outputFundingForecast/funding_amount_forecast_model.pkl
2025-04-22 09:58:13,212 - funding_amount_forecast - INFO - Funding amount forecast analysis completed successfully
