2025-04-22 22:04:50,377 - success_failure_prediction - INFO - Success/Failure Prediction Engine initialized
2025-04-22 22:04:50,378 - success_failure_prediction - INFO - Starting success/failure prediction analysis
2025-04-22 22:04:50,378 - success_failure_prediction - INFO - Step 1: Loading data...
2025-04-22 22:04:50,378 - success_failure_prediction - INFO - Loading data from JSON files
2025-04-22 22:04:50,378 - success_failure_prediction - ERROR - File not found: /Users/hk/Downloads/DSFinalYearProject/MLPredictiveAnalysis/JSONFolder/fundraisestartup50.json
2025-04-22 22:04:50,378 - success_failure_prediction - ERROR - Error in analysis: Required data file not found: /Users/hk/Downloads/DSFinalYearProject/MLPredictiveAnalysis/JSONFolder/fundraisestartup50.json
2025-04-22 22:04:50,379 - success_failure_prediction - ERROR - Traceback (most recent call last):
  File "/Users/hk/Downloads/DSFinalYearProject/MLPredictiveAnalysis/success_failure_prediction.py", line 1753, in run_analysis
    data = self.load_data_from_json_files()
           ^^^^^^^^^^^^^^^^^^^^^^^^^^^^^^^^
  File "/Users/hk/Downloads/DSFinalYearProject/MLPredictiveAnalysis/success_failure_prediction.py", line 155, in load_data_from_json_files
    raise FileNotFoundError(f"Required data file not found: {file_path}")
FileNotFoundError: Required data file not found: /Users/hk/Downloads/DSFinalYearProject/MLPredictiveAnalysis/JSONFolder/fundraisestartup50.json

2025-04-22 22:04:56,738 - success_failure_prediction - INFO - Success/Failure Prediction Engine initialized
2025-04-22 22:04:56,738 - success_failure_prediction - INFO - Starting success/failure prediction analysis
2025-04-22 22:04:56,738 - success_failure_prediction - INFO - Step 1: Loading data...
2025-04-22 22:04:56,739 - success_failure_prediction - INFO - Loading data from JSON files
2025-04-22 22:04:56,747 - success_failure_prediction - INFO - Loaded 1103 records from fundraiser data
2025-04-22 22:04:56,752 - success_failure_prediction - INFO - Loaded 100 records from growthlist data
2025-04-22 22:04:56,755 - success_failure_prediction - INFO - Loaded 546 records from topstartup data
2025-04-22 22:04:56,857 - success_failure_prediction - INFO - Final combined dataset: 1211 records
2025-04-22 22:04:56,857 - success_failure_prediction - INFO - Step 2: Initializing component models...
2025-04-22 22:04:56,857 - success_failure_prediction - INFO - Initializing component prediction systems
2025-04-22 22:04:56,867 - success_failure_prediction - INFO - Initialized funding stage prediction model
2025-04-22 22:04:56,867 - success_failure_prediction - INFO - Initialized funding continuation analysis model
2025-04-22 22:04:56,868 - success_failure_prediction - INFO - Initialized funding amount forecast model
2025-04-22 22:04:56,868 - success_failure_prediction - INFO - Initialized funding anomaly detection model
2025-04-22 22:04:56,868 - success_failure_prediction - INFO - Initialized industry trend analysis model
2025-04-22 22:04:56,868 - success_failure_prediction - INFO - All component models initialized successfully
2025-04-22 22:04:56,868 - success_failure_prediction - INFO - Step 3: Running component analyses...
2025-04-22 22:04:56,869 - success_failure_prediction - INFO - Running component analyses
2025-04-22 22:04:56,869 - success_failure_prediction - INFO - Running funding stage prediction...
2025-04-22 22:04:56,871 - success_failure_prediction - INFO - Running funding continuation analysis...
2025-04-22 22:04:56,872 - success_failure_prediction - INFO - Running funding anomaly detection...
2025-04-22 22:04:57,168 - success_failure_prediction - INFO - Running industry trend analysis...
2025-04-22 22:04:57,202 - success_failure_prediction - INFO - Component analyses completed with available data
2025-04-22 22:04:57,202 - success_failure_prediction - INFO - Step 4: Creating meta-features...
2025-04-22 22:04:57,202 - success_failure_prediction - INFO - Creating meta-model features
2025-04-22 22:04:57,769 - success_failure_prediction - INFO - Determining success/failure labels
2025-04-22 22:04:58,986 - success_failure_prediction - INFO - Determined success labels: 64.0 successes, 576 failures
2025-04-22 22:04:58,988 - success_failure_prediction - INFO - Created meta-features for 641 companies
2025-04-22 22:04:58,988 - success_failure_prediction - INFO - Step 5: Training meta-model...
2025-04-22 22:04:58,988 - success_failure_prediction - INFO - Training success/failure meta-model
2025-04-22 22:04:58,990 - success_failure_prediction - ERROR - Error training meta-model: Cannot convert non-finite values (NA or inf) to integer
2025-04-22 22:04:59,044 - success_failure_prediction - ERROR - Traceback (most recent call last):
  File "/Users/hk/Downloads/DSFinalYearProject/MLPredictiveAnalysis/success_failure_prediction.py", line 964, in train_meta_model
    y = meta_features['success_label'].astype(int)
        ^^^^^^^^^^^^^^^^^^^^^^^^^^^^^^^^^^^^^^^^^^
  File "/Users/hk/Downloads/DSFinalYearProject/.venv/lib/python3.12/site-packages/pandas/core/generic.py", line 6643, in astype
    new_data = self._mgr.astype(dtype=dtype, copy=copy, errors=errors)
               ^^^^^^^^^^^^^^^^^^^^^^^^^^^^^^^^^^^^^^^^^^^^^^^^^^^^^^^
  File "/Users/hk/Downloads/DSFinalYearProject/.venv/lib/python3.12/site-packages/pandas/core/internals/managers.py", line 430, in astype
    return self.apply(
           ^^^^^^^^^^^
  File "/Users/hk/Downloads/DSFinalYearProject/.venv/lib/python3.12/site-packages/pandas/core/internals/managers.py", line 363, in apply
    applied = getattr(b, f)(**kwargs)
              ^^^^^^^^^^^^^^^^^^^^^^^
  File "/Users/hk/Downloads/DSFinalYearProject/.venv/lib/python3.12/site-packages/pandas/core/internals/blocks.py", line 758, in astype
    new_values = astype_array_safe(values, dtype, copy=copy, errors=errors)
                 ^^^^^^^^^^^^^^^^^^^^^^^^^^^^^^^^^^^^^^^^^^^^^^^^^^^^^^^^^^
  File "/Users/hk/Downloads/DSFinalYearProject/.venv/lib/python3.12/site-packages/pandas/core/dtypes/astype.py", line 237, in astype_array_safe
    new_values = astype_array(values, dtype, copy=copy)
                 ^^^^^^^^^^^^^^^^^^^^^^^^^^^^^^^^^^^^^^
  File "/Users/hk/Downloads/DSFinalYearProject/.venv/lib/python3.12/site-packages/pandas/core/dtypes/astype.py", line 182, in astype_array
    values = _astype_nansafe(values, dtype, copy=copy)
             ^^^^^^^^^^^^^^^^^^^^^^^^^^^^^^^^^^^^^^^^^
  File "/Users/hk/Downloads/DSFinalYearProject/.venv/lib/python3.12/site-packages/pandas/core/dtypes/astype.py", line 101, in _astype_nansafe
    return _astype_float_to_int_nansafe(arr, dtype, copy)
           ^^^^^^^^^^^^^^^^^^^^^^^^^^^^^^^^^^^^^^^^^^^^^^
  File "/Users/hk/Downloads/DSFinalYearProject/.venv/lib/python3.12/site-packages/pandas/core/dtypes/astype.py", line 145, in _astype_float_to_int_nansafe
    raise IntCastingNaNError(
pandas.errors.IntCastingNaNError: Cannot convert non-finite values (NA or inf) to integer

2025-04-22 22:04:59,113 - success_failure_prediction - INFO - Step 6: Creating visualizations...
2025-04-22 22:04:59,113 - success_failure_prediction - INFO - Creating visualizations of meta-model results
2025-04-22 22:04:59,246 - success_failure_prediction - INFO - Visualizations created successfully
2025-04-22 22:04:59,246 - success_failure_prediction - INFO - Step 7: Generating report...
2025-04-22 22:04:59,246 - success_failure_prediction - INFO - Generating success/failure prediction report
2025-04-22 22:04:59,247 - success_failure_prediction - INFO - Report generated successfully at /Users/hk/Downloads/DSFinalYearProject/MLPredictiveAnalysis/outputSuccessFailure/success_failure_report.md
2025-04-22 22:04:59,248 - success_failure_prediction - INFO - Step 8: Saving model...
2025-04-22 22:04:59,250 - success_failure_prediction - INFO - Model saved to /Users/hk/Downloads/DSFinalYearProject/MLPredictiveAnalysis/outputSuccessFailure/success_failure_model.pkl
2025-04-22 22:04:59,251 - success_failure_prediction - INFO - Success/failure prediction analysis completed successfully
2025-04-22 22:05:41,482 - success_failure_prediction - INFO - Success/Failure Prediction Engine initialized
2025-04-22 22:05:41,482 - success_failure_prediction - INFO - Starting success/failure prediction analysis
2025-04-22 22:05:41,482 - success_failure_prediction - INFO - Step 1: Loading data...
2025-04-22 22:05:41,482 - success_failure_prediction - INFO - Loading data from JSON files
2025-04-22 22:05:41,487 - success_failure_prediction - INFO - Loaded 1103 records from fundraiser data
2025-04-22 22:05:41,490 - success_failure_prediction - INFO - Loaded 100 records from growthlist data
2025-04-22 22:05:41,492 - success_failure_prediction - INFO - Loaded 546 records from topstartup data
2025-04-22 22:05:41,552 - success_failure_prediction - INFO - Final combined dataset: 1211 records
2025-04-22 22:05:41,553 - success_failure_prediction - INFO - Step 2: Initializing component models...
2025-04-22 22:05:41,553 - success_failure_prediction - INFO - Initializing component prediction systems
2025-04-22 22:05:41,558 - success_failure_prediction - INFO - Initialized funding stage prediction model
2025-04-22 22:05:41,559 - success_failure_prediction - INFO - Initialized funding continuation analysis model
2025-04-22 22:05:41,559 - success_failure_prediction - INFO - Initialized funding amount forecast model
2025-04-22 22:05:41,560 - success_failure_prediction - INFO - Initialized funding anomaly detection model
2025-04-22 22:05:41,560 - success_failure_prediction - INFO - Initialized industry trend analysis model
2025-04-22 22:05:41,560 - success_failure_prediction - INFO - All component models initialized successfully
2025-04-22 22:05:41,560 - success_failure_prediction - INFO - Step 3: Running component analyses...
2025-04-22 22:05:41,560 - success_failure_prediction - INFO - Running component analyses
2025-04-22 22:05:41,560 - success_failure_prediction - INFO - Running funding stage prediction...
2025-04-22 22:05:41,561 - success_failure_prediction - INFO - Running funding continuation analysis...
2025-04-22 22:05:41,561 - success_failure_prediction - INFO - Running funding anomaly detection...
2025-04-22 22:05:41,732 - success_failure_prediction - INFO - Running industry trend analysis...
2025-04-22 22:05:41,765 - success_failure_prediction - INFO - Component analyses completed with available data
2025-04-22 22:05:41,765 - success_failure_prediction - INFO - Step 4: Creating meta-features...
2025-04-22 22:05:41,765 - success_failure_prediction - INFO - Creating meta-model features
2025-04-22 22:05:42,298 - success_failure_prediction - INFO - Determining success/failure labels
2025-04-22 22:05:42,718 - success_failure_prediction - INFO - Determined success labels: 64.0 successes, 576 failures
2025-04-22 22:05:42,718 - success_failure_prediction - INFO - Created meta-features for 641 companies
2025-04-22 22:05:42,719 - success_failure_prediction - INFO - Step 5: Training meta-model...
2025-04-22 22:05:42,719 - success_failure_prediction - INFO - Training success/failure meta-model
2025-04-22 22:05:42,725 - success_failure_prediction - INFO - Training gradient boosting model
2025-04-22 22:05:42,726 - success_failure_prediction - ERROR - Error training meta-model: Input X contains NaN.
GradientBoostingClassifier does not accept missing values encoded as NaN natively. For supervised learning, you might want to consider sklearn.ensemble.HistGradientBoostingClassifier and Regressor which accept missing values encoded as NaNs natively. Alternatively, it is possible to preprocess the data, for instance by using an imputer transformer in a pipeline or drop samples with missing values. See https://scikit-learn.org/stable/modules/impute.html You can find a list of all estimators that handle NaN values at the following page: https://scikit-learn.org/stable/modules/impute.html#estimators-that-handle-nan-values
2025-04-22 22:05:42,729 - success_failure_prediction - ERROR - Traceback (most recent call last):
  File "/Users/hk/Downloads/DSFinalYearProject/MLPredictiveAnalysis/success_failure_prediction.py", line 1039, in train_meta_model
    model.fit(X_train_scaled, y_train)
  File "/Users/hk/Downloads/DSFinalYearProject/.venv/lib/python3.12/site-packages/sklearn/base.py", line 1389, in wrapper
    return fit_method(estimator, *args, **kwargs)
           ^^^^^^^^^^^^^^^^^^^^^^^^^^^^^^^^^^^^^^
  File "/Users/hk/Downloads/DSFinalYearProject/.venv/lib/python3.12/site-packages/sklearn/ensemble/_gb.py", line 658, in fit
    X, y = validate_data(
           ^^^^^^^^^^^^^^
  File "/Users/hk/Downloads/DSFinalYearProject/.venv/lib/python3.12/site-packages/sklearn/utils/validation.py", line 2961, in validate_data
    X, y = check_X_y(X, y, **check_params)
           ^^^^^^^^^^^^^^^^^^^^^^^^^^^^^^^
  File "/Users/hk/Downloads/DSFinalYearProject/.venv/lib/python3.12/site-packages/sklearn/utils/validation.py", line 1370, in check_X_y
    X = check_array(
        ^^^^^^^^^^^^
  File "/Users/hk/Downloads/DSFinalYearProject/.venv/lib/python3.12/site-packages/sklearn/utils/validation.py", line 1107, in check_array
    _assert_all_finite(
  File "/Users/hk/Downloads/DSFinalYearProject/.venv/lib/python3.12/site-packages/sklearn/utils/validation.py", line 120, in _assert_all_finite
    _assert_all_finite_element_wise(
  File "/Users/hk/Downloads/DSFinalYearProject/.venv/lib/python3.12/site-packages/sklearn/utils/validation.py", line 169, in _assert_all_finite_element_wise
    raise ValueError(msg_err)
ValueError: Input X contains NaN.
GradientBoostingClassifier does not accept missing values encoded as NaN natively. For supervised learning, you might want to consider sklearn.ensemble.HistGradientBoostingClassifier and Regressor which accept missing values encoded as NaNs natively. Alternatively, it is possible to preprocess the data, for instance by using an imputer transformer in a pipeline or drop samples with missing values. See https://scikit-learn.org/stable/modules/impute.html You can find a list of all estimators that handle NaN values at the following page: https://scikit-learn.org/stable/modules/impute.html#estimators-that-handle-nan-values

2025-04-22 22:05:42,760 - success_failure_prediction - INFO - Step 6: Creating visualizations...
2025-04-22 22:05:42,760 - success_failure_prediction - INFO - Creating visualizations of meta-model results
2025-04-22 22:05:42,836 - success_failure_prediction - INFO - Visualizations created successfully
2025-04-22 22:05:42,836 - success_failure_prediction - INFO - Step 7: Generating report...
2025-04-22 22:05:42,836 - success_failure_prediction - INFO - Generating success/failure prediction report
2025-04-22 22:05:42,837 - success_failure_prediction - INFO - Report generated successfully at /Users/hk/Downloads/DSFinalYearProject/MLPredictiveAnalysis/outputSuccessFailure/success_failure_report.md
2025-04-22 22:05:42,837 - success_failure_prediction - INFO - Step 8: Saving model...
2025-04-22 22:05:42,840 - success_failure_prediction - INFO - Model saved to /Users/hk/Downloads/DSFinalYearProject/MLPredictiveAnalysis/outputSuccessFailure/success_failure_model.pkl
2025-04-22 22:05:42,840 - success_failure_prediction - INFO - Success/failure prediction analysis completed successfully
2025-04-22 22:06:07,051 - success_failure_prediction - INFO - Success/Failure Prediction Engine initialized
2025-04-22 22:06:07,051 - success_failure_prediction - INFO - Starting success/failure prediction analysis
2025-04-22 22:06:07,052 - success_failure_prediction - INFO - Step 1: Loading data...
2025-04-22 22:06:07,052 - success_failure_prediction - INFO - Loading data from JSON files
2025-04-22 22:06:07,056 - success_failure_prediction - INFO - Loaded 1103 records from fundraiser data
2025-04-22 22:06:07,058 - success_failure_prediction - INFO - Loaded 100 records from growthlist data
2025-04-22 22:06:07,061 - success_failure_prediction - INFO - Loaded 546 records from topstartup data
2025-04-22 22:06:07,115 - success_failure_prediction - INFO - Final combined dataset: 1211 records
2025-04-22 22:06:07,116 - success_failure_prediction - INFO - Step 2: Initializing component models...
2025-04-22 22:06:07,116 - success_failure_prediction - INFO - Initializing component prediction systems
2025-04-22 22:06:07,122 - success_failure_prediction - INFO - Initialized funding stage prediction model
2025-04-22 22:06:07,123 - success_failure_prediction - INFO - Initialized funding continuation analysis model
2025-04-22 22:06:07,124 - success_failure_prediction - INFO - Initialized funding amount forecast model
2025-04-22 22:06:07,124 - success_failure_prediction - INFO - Initialized funding anomaly detection model
2025-04-22 22:06:07,124 - success_failure_prediction - INFO - Initialized industry trend analysis model
2025-04-22 22:06:07,124 - success_failure_prediction - INFO - All component models initialized successfully
2025-04-22 22:06:07,124 - success_failure_prediction - INFO - Step 3: Running component analyses...
2025-04-22 22:06:07,124 - success_failure_prediction - INFO - Running component analyses
2025-04-22 22:06:07,124 - success_failure_prediction - INFO - Running funding stage prediction...
2025-04-22 22:06:07,126 - success_failure_prediction - INFO - Running funding continuation analysis...
2025-04-22 22:06:07,126 - success_failure_prediction - INFO - Running funding anomaly detection...
2025-04-22 22:06:07,393 - success_failure_prediction - INFO - Running industry trend analysis...
2025-04-22 22:06:07,428 - success_failure_prediction - INFO - Component analyses completed with available data
2025-04-22 22:06:07,428 - success_failure_prediction - INFO - Step 4: Creating meta-features...
2025-04-22 22:06:07,428 - success_failure_prediction - INFO - Creating meta-model features
2025-04-22 22:06:07,897 - success_failure_prediction - INFO - Determining success/failure labels
2025-04-22 22:06:08,403 - success_failure_prediction - INFO - Determined success labels: 64.0 successes, 576 failures
2025-04-22 22:06:08,403 - success_failure_prediction - INFO - Created meta-features for 641 companies
2025-04-22 22:06:08,404 - success_failure_prediction - INFO - Step 5: Training meta-model...
2025-04-22 22:06:08,404 - success_failure_prediction - INFO - Training success/failure meta-model
2025-04-22 22:06:08,408 - success_failure_prediction - INFO - Training gradient boosting model
2025-04-22 22:06:08,653 - success_failure_prediction - INFO - Meta-model trained successfully: Accuracy=0.988, AUC=1.000
2025-04-22 22:06:08,653 - success_failure_prediction - INFO - Step 6: Creating visualizations...
2025-04-22 22:06:08,653 - success_failure_prediction - INFO - Creating visualizations of meta-model results
2025-04-22 22:06:08,757 - success_failure_prediction - INFO - Visualizations created successfully
2025-04-22 22:06:08,757 - success_failure_prediction - INFO - Step 7: Generating report...
2025-04-22 22:06:08,757 - success_failure_prediction - INFO - Generating success/failure prediction report
2025-04-22 22:06:08,759 - success_failure_prediction - INFO - Report generated successfully at /Users/hk/Downloads/DSFinalYearProject/MLPredictiveAnalysis/outputSuccessFailure/success_failure_report.md
2025-04-22 22:06:08,759 - success_failure_prediction - INFO - Step 8: Saving model...
2025-04-22 22:06:08,761 - success_failure_prediction - INFO - Model saved to /Users/hk/Downloads/DSFinalYearProject/MLPredictiveAnalysis/outputSuccessFailure/success_failure_model.pkl
2025-04-22 22:06:08,761 - success_failure_prediction - INFO - Success/failure prediction analysis completed successfully
2025-04-22 22:12:13,484 - success_failure_prediction - INFO - Success/Failure Prediction Engine initialized
2025-04-22 22:12:13,484 - success_failure_prediction - INFO - Starting success/failure prediction analysis
2025-04-22 22:12:13,485 - success_failure_prediction - INFO - Step 1: Loading data...
2025-04-22 22:12:13,485 - success_failure_prediction - INFO - Loading data from JSON files
2025-04-22 22:12:13,489 - success_failure_prediction - INFO - Loaded 1103 records from fundraiser data
2025-04-22 22:12:13,492 - success_failure_prediction - INFO - Loaded 100 records from growthlist data
2025-04-22 22:12:13,496 - success_failure_prediction - INFO - Loaded 546 records from topstartup data
2025-04-22 22:12:13,553 - success_failure_prediction - INFO - Final combined dataset: 1211 records
2025-04-22 22:12:13,554 - success_failure_prediction - INFO - Step 2: Initializing component models...
2025-04-22 22:12:13,554 - success_failure_prediction - INFO - Initializing component prediction systems
2025-04-22 22:12:13,559 - success_failure_prediction - INFO - Initialized funding stage prediction model
2025-04-22 22:12:13,560 - success_failure_prediction - INFO - Initialized funding continuation analysis model
2025-04-22 22:12:13,561 - success_failure_prediction - INFO - Initialized funding amount forecast model
2025-04-22 22:12:13,561 - success_failure_prediction - INFO - Initialized funding anomaly detection model
2025-04-22 22:12:13,561 - success_failure_prediction - INFO - Initialized industry trend analysis model
2025-04-22 22:12:13,561 - success_failure_prediction - INFO - All component models initialized successfully
2025-04-22 22:12:13,561 - success_failure_prediction - INFO - Step 3: Running component analyses...
2025-04-22 22:12:13,562 - success_failure_prediction - INFO - Running component analyses
2025-04-22 22:12:13,562 - success_failure_prediction - INFO - Running funding stage prediction...
2025-04-22 22:12:13,563 - success_failure_prediction - INFO - Running funding continuation analysis...
2025-04-22 22:12:13,563 - success_failure_prediction - INFO - Running funding anomaly detection...
2025-04-22 22:12:13,737 - success_failure_prediction - INFO - Running industry trend analysis...
2025-04-22 22:12:13,771 - success_failure_prediction - INFO - Component analyses completed with available data
2025-04-22 22:12:13,771 - success_failure_prediction - INFO - Step 4: Creating meta-features...
2025-04-22 22:12:13,772 - success_failure_prediction - INFO - Creating meta-model features
2025-04-22 22:12:14,270 - success_failure_prediction - INFO - Determining success/failure labels
2025-04-22 22:12:14,697 - success_failure_prediction - INFO - Determined success labels: 64.0 successes, 576 failures
2025-04-22 22:12:14,697 - success_failure_prediction - INFO - Created meta-features for 641 companies
2025-04-22 22:12:14,698 - success_failure_prediction - INFO - Step 5: Training meta-model...
2025-04-22 22:12:14,698 - success_failure_prediction - INFO - Training success/failure meta-model
2025-04-22 22:12:14,706 - success_failure_prediction - INFO - Training gradient boosting model
2025-04-22 22:12:14,954 - success_failure_prediction - INFO - Meta-model trained successfully: Accuracy=0.988, AUC=1.000
2025-04-22 22:12:14,955 - success_failure_prediction - INFO - Step 6: Creating visualizations...
2025-04-22 22:12:14,955 - success_failure_prediction - INFO - Creating visualizations of meta-model results
2025-04-22 22:12:15,839 - success_failure_prediction - INFO - Visualizations created successfully
2025-04-22 22:12:15,839 - success_failure_prediction - INFO - Step 7: Generating report...
2025-04-22 22:12:15,840 - success_failure_prediction - INFO - Generating success/failure prediction report
2025-04-22 22:12:15,841 - success_failure_prediction - INFO - Report generated successfully at /Users/hk/Downloads/DSFinalYearProject/MLPredictiveAnalysis/outputSuccessFailure/success_failure_report.md
2025-04-22 22:12:15,841 - success_failure_prediction - INFO - Step 8: Saving model...
2025-04-22 22:12:15,844 - success_failure_prediction - INFO - Model saved to /Users/hk/Downloads/DSFinalYearProject/MLPredictiveAnalysis/outputSuccessFailure/success_failure_model.pkl
2025-04-22 22:12:15,844 - success_failure_prediction - INFO - Success/failure prediction analysis completed successfully
2025-04-22 22:12:54,158 - success_failure_prediction - INFO - Success/Failure Prediction Engine initialized
2025-04-22 22:12:54,159 - success_failure_prediction - INFO - Starting success/failure prediction analysis
2025-04-22 22:12:54,159 - success_failure_prediction - INFO - Step 1: Loading data...
2025-04-22 22:12:54,159 - success_failure_prediction - INFO - Loading data from JSON files
2025-04-22 22:12:54,167 - success_failure_prediction - INFO - Loaded 1103 records from fundraiser data
2025-04-22 22:12:54,170 - success_failure_prediction - INFO - Loaded 100 records from growthlist data
2025-04-22 22:12:54,174 - success_failure_prediction - INFO - Loaded 546 records from topstartup data
2025-04-22 22:12:54,231 - success_failure_prediction - INFO - Final combined dataset: 1211 records
2025-04-22 22:12:54,232 - success_failure_prediction - INFO - Step 2: Initializing component models...
2025-04-22 22:12:54,232 - success_failure_prediction - INFO - Initializing component prediction systems
2025-04-22 22:12:54,236 - success_failure_prediction - INFO - Initialized funding stage prediction model
2025-04-22 22:12:54,237 - success_failure_prediction - INFO - Initialized funding continuation analysis model
2025-04-22 22:12:54,238 - success_failure_prediction - INFO - Initialized funding amount forecast model
2025-04-22 22:12:54,238 - success_failure_prediction - INFO - Initialized funding anomaly detection model
2025-04-22 22:12:54,238 - success_failure_prediction - INFO - Initialized industry trend analysis model
2025-04-22 22:12:54,238 - success_failure_prediction - INFO - All component models initialized successfully
2025-04-22 22:12:54,238 - success_failure_prediction - INFO - Step 3: Running component analyses...
2025-04-22 22:12:54,238 - success_failure_prediction - INFO - Running component analyses
2025-04-22 22:12:54,239 - success_failure_prediction - INFO - Running funding stage prediction...
2025-04-22 22:12:54,240 - success_failure_prediction - INFO - Running funding continuation analysis...
2025-04-22 22:12:54,240 - success_failure_prediction - INFO - Running funding anomaly detection...
2025-04-22 22:12:54,424 - success_failure_prediction - INFO - Running industry trend analysis...
2025-04-22 22:12:54,459 - success_failure_prediction - INFO - Component analyses completed with available data
2025-04-22 22:12:54,459 - success_failure_prediction - INFO - Step 4: Creating meta-features...
2025-04-22 22:12:54,459 - success_failure_prediction - INFO - Creating meta-model features
2025-04-22 22:12:55,052 - success_failure_prediction - INFO - Determining success/failure labels
2025-04-22 22:12:55,450 - success_failure_prediction - INFO - Determined success labels: 64.0 successes, 576 failures
2025-04-22 22:12:55,451 - success_failure_prediction - INFO - Created meta-features for 641 companies
2025-04-22 22:12:55,451 - success_failure_prediction - INFO - Step 5: Training meta-model...
2025-04-22 22:12:55,451 - success_failure_prediction - INFO - Training success/failure meta-model
2025-04-22 22:12:55,458 - success_failure_prediction - INFO - Training gradient boosting model
2025-04-22 22:12:55,701 - success_failure_prediction - INFO - Meta-model trained successfully: Accuracy=0.988, AUC=1.000
2025-04-22 22:12:55,702 - success_failure_prediction - INFO - Step 6: Creating visualizations...
2025-04-22 22:12:55,702 - success_failure_prediction - INFO - Creating visualizations of meta-model results
2025-04-22 22:12:56,531 - success_failure_prediction - INFO - Visualizations created successfully
2025-04-22 22:12:56,531 - success_failure_prediction - INFO - Step 7: Generating report...
2025-04-22 22:12:56,531 - success_failure_prediction - INFO - Generating success/failure prediction report
2025-04-22 22:12:56,532 - success_failure_prediction - INFO - Report generated successfully at /Users/hk/Downloads/DSFinalYearProject/MLPredictiveAnalysis/outputSuccessFailure/success_failure_report.md
2025-04-22 22:12:56,532 - success_failure_prediction - INFO - Step 8: Saving model...
2025-04-22 22:12:56,534 - success_failure_prediction - INFO - Model saved to /Users/hk/Downloads/DSFinalYearProject/MLPredictiveAnalysis/outputSuccessFailure/success_failure_model.pkl
2025-04-22 22:12:56,535 - success_failure_prediction - INFO - Success/failure prediction analysis completed successfully
