2025-04-22 22:07:23,105 - FundingAnomalyDetection - INFO - Creating features for anomaly detection
2025-04-22 22:07:23,106 - FundingAnomalyDetection - INFO - Created funding_per_employee feature
2025-04-22 22:07:23,129 - FundingAnomalyDetection - INFO - Created 3 features for anomaly detection
2025-04-22 22:07:23,130 - FundingAnomalyDetection - INFO - Detecting anomalies in funding data
2025-04-22 22:07:23,130 - FundingAnomalyDetection - INFO - Fitting Isolation Forest with contamination=0.01
2025-04-22 22:07:23,254 - FundingAnomalyDetection - INFO - Isolation Forest model trained successfully
2025-04-22 22:07:23,278 - FundingAnomalyDetection - INFO - Detected 14 anomalies (1.16%)
2025-04-22 22:14:11,710 - FundingAnomalyDetection - INFO - Creating features for anomaly detection
2025-04-22 22:14:11,712 - FundingAnomalyDetection - INFO - Created funding_per_employee feature
2025-04-22 22:14:11,741 - FundingAnomalyDetection - INFO - Created 3 features for anomaly detection
2025-04-22 22:14:11,742 - FundingAnomalyDetection - INFO - Detecting anomalies in funding data
2025-04-22 22:14:11,742 - FundingAnomalyDetection - INFO - Fitting Isolation Forest with contamination=0.01
2025-04-22 22:14:11,911 - FundingAnomalyDetection - INFO - Isolation Forest model trained successfully
2025-04-22 22:14:11,935 - FundingAnomalyDetection - INFO - Detected 14 anomalies (1.16%)
2025-04-22 22:14:17,154 - FundingAnomalyDetection - INFO - Creating features for anomaly detection
2025-04-22 22:14:17,156 - FundingAnomalyDetection - INFO - Created funding_per_employee feature
2025-04-22 22:14:17,183 - FundingAnomalyDetection - INFO - Created 3 features for anomaly detection
2025-04-22 22:14:17,184 - FundingAnomalyDetection - INFO - Detecting anomalies in funding data
2025-04-22 22:14:17,184 - FundingAnomalyDetection - INFO - Fitting Isolation Forest with contamination=0.01
2025-04-22 22:14:17,309 - FundingAnomalyDetection - INFO - Isolation Forest model trained successfully
2025-04-22 22:14:17,332 - FundingAnomalyDetection - INFO - Detected 14 anomalies (1.16%)
