2025-04-30 01:59:08,082 - MLPredictiveAnalysis.funding_stage_prediction - INFO - Historical database initialized
2025-04-30 01:59:08,083 - MLPredictiveAnalysis.funding_stage_prediction - ERROR - Error loading fundraiser data: 'list' object has no attribute 'get'
2025-04-30 01:59:08,088 - MLPredictiveAnalysis.funding_stage_prediction - INFO - Found funding types in growthlist data: ['Series B' 'Seed' 'Pre-Seed' 'Series A' 'Series C'
 'Venture - Series Unknown' 'Series E' 'Private Equity' 'Series G'
 'Initial Coin Offering']
2025-04-30 01:59:08,088 - MLPredictiveAnalysis.funding_stage_prediction - INFO - Loaded 100 records from growthlist data
2025-04-30 01:59:08,089 - MLPredictiveAnalysis.funding_stage_prediction - INFO - Loaded 100 records from topstartup data
2025-04-30 01:59:08,089 - MLPredictiveAnalysis.funding_stage_prediction - INFO - Loaded datasets - Fundraiser: 0 rows, Growthlist: 100 rows, Topstartup: 100 rows
2025-04-30 01:59:08,091 - MLPredictiveAnalysis.funding_stage_prediction - INFO - Processed 100 records from growthlist data
2025-04-30 01:59:08,093 - MLPredictiveAnalysis.funding_stage_prediction - INFO - Processed 100 records from topstartup data
2025-04-30 01:59:08,095 - MLPredictiveAnalysis.funding_stage_prediction - ERROR - Error saving historical data: table merged_data has no column named company_name
2025-04-30 01:59:08,095 - MLPredictiveAnalysis.funding_stage_prediction - INFO - Successfully merged 200 records
2025-04-30 01:59:08,095 - MLPredictiveAnalysis.funding_stage_prediction - INFO - Starting feature extraction for 200 records
2025-04-30 01:59:08,095 - MLPredictiveAnalysis.funding_stage_prediction - INFO - Found 10 unique funding stages: ['Series B' 'Seed' 'Pre-Seed' 'Series A' 'Series C'
 'Venture - Series Unknown' 'Series E' 'Private Equity' 'Series G'
 'Initial Coin Offering']
2025-04-30 01:59:08,095 - MLPredictiveAnalysis.funding_stage_prediction - INFO - Created funding stage mapping: {'Pre-Seed': 0, 'Seed': 1, 'Angel': 2, 'Series A': 3, 'Series B': 4, 'Series C': 5, 'Series D': 6, 'Series E': 7, 'Series F': 8, 'Series G': 9, 'Series H': 10, 'Venture - Series Unknown': 11, 'Private Equity': 12, 'Initial Coin Offering': 13, 'Unknown': 14}
2025-04-30 01:59:08,098 - MLPredictiveAnalysis.funding_stage_prediction - WARNING - Many dates failed to parse (100 NaN values)
2025-04-30 01:59:08,128 - MLPredictiveAnalysis.funding_stage_prediction - INFO - Feature engineering complete: 19 features created
2025-04-30 01:59:08,128 - MLPredictiveAnalysis.funding_stage_prediction - INFO - Created standardized output directory structure at /Users/hk/Downloads/DSFinalYearProject/FundingStageOutput
2025-04-30 01:59:08,128 - MLPredictiveAnalysis.funding_stage_prediction - INFO - Historical database initialized
2025-04-30 01:59:08,129 - MLPredictiveAnalysis.funding_stage_prediction - INFO - Archived 3 data files to ./data_archive/20250430_015908
2025-04-30 01:59:08,129 - MLPredictiveAnalysis.funding_stage_prediction - INFO -   - fundraiser.json
2025-04-30 01:59:08,129 - MLPredictiveAnalysis.funding_stage_prediction - INFO -   - growthlist.json
2025-04-30 01:59:08,129 - MLPredictiveAnalysis.funding_stage_prediction - INFO -   - topstartup.json
2025-04-30 01:59:08,129 - MLPredictiveAnalysis.funding_stage_prediction - INFO - Created visualization directory: /Users/hk/Downloads/DSFinalYearProject/FundingStageOutput/visualizations
2025-04-30 01:59:08,131 - MLPredictiveAnalysis.funding_stage_prediction - INFO - Created visualization directory: /Users/hk/Downloads/DSFinalYearProject/FundingStageOutput/visualizations
2025-04-30 01:59:08,131 - MLPredictiveAnalysis.funding_stage_prediction - INFO - Audit log initialized at /Users/hk/Downloads/DSFinalYearProject/FundingStageOutput/models/prediction_audit.csv
2025-04-30 01:59:08,132 - MLPredictiveAnalysis.funding_stage_prediction - INFO - Set up data archive directory at /Users/hk/Downloads/DSFinalYearProject/FundingStageOutput/data_archive/20250430_015908
2025-04-30 01:59:08,132 - MLPredictiveAnalysis.funding_stage_prediction - INFO - Dashboard output directory set to: /Users/hk/Downloads/DSFinalYearProject/FundingStageOutput/dashboards
2025-04-30 01:59:08,132 - MLPredictiveAnalysis.funding_stage_prediction - INFO - Created directory: /Users/hk/Downloads/DSFinalYearProject/FundingStageOutput/dashboards/classification_dashboards/model_comparison
2025-04-30 01:59:08,132 - MLPredictiveAnalysis.funding_stage_prediction - INFO - Created directory: /Users/hk/Downloads/DSFinalYearProject/FundingStageOutput/dashboards/classification_dashboards/calibration_curves
2025-04-30 01:59:08,132 - MLPredictiveAnalysis.funding_stage_prediction - INFO - Created directory: /Users/hk/Downloads/DSFinalYearProject/FundingStageOutput/dashboards/classification_dashboards/feature_importance
2025-04-30 01:59:08,132 - MLPredictiveAnalysis.funding_stage_prediction - INFO - Created directory: /Users/hk/Downloads/DSFinalYearProject/FundingStageOutput/dashboards/classification_dashboards/confusion_matrices
2025-04-30 01:59:08,132 - MLPredictiveAnalysis.funding_stage_prediction - INFO - Created directory: /Users/hk/Downloads/DSFinalYearProject/FundingStageOutput/dashboards/classification_dashboards/model_metrics
2025-04-30 01:59:08,132 - MLPredictiveAnalysis.funding_stage_prediction - INFO - Created directory: /Users/hk/Downloads/DSFinalYearProject/FundingStageOutput/dashboards/timeseries_dashboards/forecast_trends
2025-04-30 01:59:08,132 - MLPredictiveAnalysis.funding_stage_prediction - INFO - Created directory: /Users/hk/Downloads/DSFinalYearProject/FundingStageOutput/dashboards/timeseries_dashboards/industry_breakdown
2025-04-30 01:59:08,132 - MLPredictiveAnalysis.funding_stage_prediction - INFO - Created directory: /Users/hk/Downloads/DSFinalYearProject/FundingStageOutput/dashboards/timeseries_dashboards/stage_evolution
2025-04-30 01:59:08,132 - MLPredictiveAnalysis.funding_stage_prediction - INFO - Created directory: /Users/hk/Downloads/DSFinalYearProject/FundingStageOutput/dashboards/timeseries_dashboards/seasonality_analysis
2025-04-30 01:59:08,132 - MLPredictiveAnalysis.funding_stage_prediction - INFO - Set matplotlib backend to Agg
2025-04-30 01:59:08,132 - MLPredictiveAnalysis.funding_stage_prediction - INFO - Initialized model directory structure at /Users/hk/Downloads/DSFinalYearProject/FundingStageOutput/models
2025-04-30 01:59:08,132 - __main__ - WARNING - No model results loaded. Dashboard will have limited functionality.
2025-04-30 01:59:08,392 - __main__ - WARNING - App.write_html not available. Using basic HTML export.
2025-04-30 01:59:08,410 - __main__ - INFO - Basic dashboard saved to: ./interactive_dashboards/classification_dashboard_20250430_015908.html
2025-04-30 01:59:08,410 - __main__ - INFO - Classification dashboard saved to: ./interactive_dashboards/classification_dashboard_20250430_015908.html
2025-04-30 01:59:08,410 - __main__ - INFO - Starting interactive dashboard server...
2025-04-30 01:59:08,410 - __main__ - INFO - Starting dashboard server on port 8050...
2025-04-30 01:59:08,411 - dash.dash - INFO - Dash is running on http://127.0.0.1:8050/

2025-04-30 01:59:09,925 - MLPredictiveAnalysis.funding_stage_prediction - INFO - Historical database initialized
2025-04-30 01:59:09,925 - MLPredictiveAnalysis.funding_stage_prediction - ERROR - Error loading fundraiser data: 'list' object has no attribute 'get'
2025-04-30 01:59:09,929 - MLPredictiveAnalysis.funding_stage_prediction - INFO - Found funding types in growthlist data: ['Series B' 'Seed' 'Pre-Seed' 'Series A' 'Series C'
 'Venture - Series Unknown' 'Series E' 'Private Equity' 'Series G'
 'Initial Coin Offering']
2025-04-30 01:59:09,929 - MLPredictiveAnalysis.funding_stage_prediction - INFO - Loaded 100 records from growthlist data
2025-04-30 01:59:09,931 - MLPredictiveAnalysis.funding_stage_prediction - INFO - Loaded 100 records from topstartup data
2025-04-30 01:59:09,931 - MLPredictiveAnalysis.funding_stage_prediction - INFO - Loaded datasets - Fundraiser: 0 rows, Growthlist: 100 rows, Topstartup: 100 rows
2025-04-30 01:59:09,933 - MLPredictiveAnalysis.funding_stage_prediction - INFO - Processed 100 records from growthlist data
2025-04-30 01:59:09,935 - MLPredictiveAnalysis.funding_stage_prediction - INFO - Processed 100 records from topstartup data
2025-04-30 01:59:09,938 - MLPredictiveAnalysis.funding_stage_prediction - ERROR - Error saving historical data: table merged_data has no column named company_name
2025-04-30 01:59:09,938 - MLPredictiveAnalysis.funding_stage_prediction - INFO - Successfully merged 200 records
2025-04-30 01:59:09,938 - MLPredictiveAnalysis.funding_stage_prediction - INFO - Starting feature extraction for 200 records
2025-04-30 01:59:09,939 - MLPredictiveAnalysis.funding_stage_prediction - INFO - Found 10 unique funding stages: ['Series B' 'Seed' 'Pre-Seed' 'Series A' 'Series C'
 'Venture - Series Unknown' 'Series E' 'Private Equity' 'Series G'
 'Initial Coin Offering']
2025-04-30 01:59:09,939 - MLPredictiveAnalysis.funding_stage_prediction - INFO - Created funding stage mapping: {'Pre-Seed': 0, 'Seed': 1, 'Angel': 2, 'Series A': 3, 'Series B': 4, 'Series C': 5, 'Series D': 6, 'Series E': 7, 'Series F': 8, 'Series G': 9, 'Series H': 10, 'Venture - Series Unknown': 11, 'Private Equity': 12, 'Initial Coin Offering': 13, 'Unknown': 14}
2025-04-30 01:59:09,963 - MLPredictiveAnalysis.funding_stage_prediction - WARNING - Many dates failed to parse (100 NaN values)
2025-04-30 01:59:10,042 - MLPredictiveAnalysis.funding_stage_prediction - INFO - Feature engineering complete: 19 features created
2025-04-30 01:59:10,043 - MLPredictiveAnalysis.funding_stage_prediction - INFO - Created standardized output directory structure at /Users/hk/Downloads/DSFinalYearProject/FundingStageOutput
2025-04-30 01:59:10,044 - MLPredictiveAnalysis.funding_stage_prediction - INFO - Historical database initialized
2025-04-30 01:59:10,046 - MLPredictiveAnalysis.funding_stage_prediction - INFO - Archived 3 data files to ./data_archive/20250430_015910
2025-04-30 01:59:10,046 - MLPredictiveAnalysis.funding_stage_prediction - INFO -   - fundraiser.json
2025-04-30 01:59:10,046 - MLPredictiveAnalysis.funding_stage_prediction - INFO -   - growthlist.json
2025-04-30 01:59:10,046 - MLPredictiveAnalysis.funding_stage_prediction - INFO -   - topstartup.json
2025-04-30 01:59:10,047 - MLPredictiveAnalysis.funding_stage_prediction - INFO - Created visualization directory: /Users/hk/Downloads/DSFinalYearProject/FundingStageOutput/visualizations
2025-04-30 01:59:10,048 - MLPredictiveAnalysis.funding_stage_prediction - INFO - Created visualization directory: /Users/hk/Downloads/DSFinalYearProject/FundingStageOutput/visualizations
2025-04-30 01:59:10,050 - MLPredictiveAnalysis.funding_stage_prediction - INFO - Audit log initialized at /Users/hk/Downloads/DSFinalYearProject/FundingStageOutput/models/prediction_audit.csv
2025-04-30 01:59:10,050 - MLPredictiveAnalysis.funding_stage_prediction - INFO - Set up data archive directory at /Users/hk/Downloads/DSFinalYearProject/FundingStageOutput/data_archive/20250430_015910
2025-04-30 01:59:10,050 - MLPredictiveAnalysis.funding_stage_prediction - INFO - Dashboard output directory set to: /Users/hk/Downloads/DSFinalYearProject/FundingStageOutput/dashboards
2025-04-30 01:59:10,050 - MLPredictiveAnalysis.funding_stage_prediction - INFO - Created directory: /Users/hk/Downloads/DSFinalYearProject/FundingStageOutput/dashboards/classification_dashboards/model_comparison
2025-04-30 01:59:10,050 - MLPredictiveAnalysis.funding_stage_prediction - INFO - Created directory: /Users/hk/Downloads/DSFinalYearProject/FundingStageOutput/dashboards/classification_dashboards/calibration_curves
2025-04-30 01:59:10,050 - MLPredictiveAnalysis.funding_stage_prediction - INFO - Created directory: /Users/hk/Downloads/DSFinalYearProject/FundingStageOutput/dashboards/classification_dashboards/feature_importance
2025-04-30 01:59:10,050 - MLPredictiveAnalysis.funding_stage_prediction - INFO - Created directory: /Users/hk/Downloads/DSFinalYearProject/FundingStageOutput/dashboards/classification_dashboards/confusion_matrices
2025-04-30 01:59:10,051 - MLPredictiveAnalysis.funding_stage_prediction - INFO - Created directory: /Users/hk/Downloads/DSFinalYearProject/FundingStageOutput/dashboards/classification_dashboards/model_metrics
2025-04-30 01:59:10,051 - MLPredictiveAnalysis.funding_stage_prediction - INFO - Created directory: /Users/hk/Downloads/DSFinalYearProject/FundingStageOutput/dashboards/timeseries_dashboards/forecast_trends
2025-04-30 01:59:10,051 - MLPredictiveAnalysis.funding_stage_prediction - INFO - Created directory: /Users/hk/Downloads/DSFinalYearProject/FundingStageOutput/dashboards/timeseries_dashboards/industry_breakdown
2025-04-30 01:59:10,051 - MLPredictiveAnalysis.funding_stage_prediction - INFO - Created directory: /Users/hk/Downloads/DSFinalYearProject/FundingStageOutput/dashboards/timeseries_dashboards/stage_evolution
2025-04-30 01:59:10,051 - MLPredictiveAnalysis.funding_stage_prediction - INFO - Created directory: /Users/hk/Downloads/DSFinalYearProject/FundingStageOutput/dashboards/timeseries_dashboards/seasonality_analysis
2025-04-30 01:59:10,051 - MLPredictiveAnalysis.funding_stage_prediction - INFO - Set matplotlib backend to Agg
2025-04-30 01:59:10,051 - MLPredictiveAnalysis.funding_stage_prediction - INFO - Initialized model directory structure at /Users/hk/Downloads/DSFinalYearProject/FundingStageOutput/models
2025-04-30 01:59:10,051 - __main__ - WARNING - No model results loaded. Dashboard will have limited functionality.
2025-04-30 01:59:10,189 - __main__ - WARNING - App.write_html not available. Using basic HTML export.
2025-04-30 01:59:10,210 - __main__ - INFO - Basic dashboard saved to: ./interactive_dashboards/classification_dashboard_20250430_015910.html
2025-04-30 01:59:10,210 - __main__ - INFO - Classification dashboard saved to: ./interactive_dashboards/classification_dashboard_20250430_015910.html
2025-04-30 01:59:10,211 - __main__ - INFO - Starting interactive dashboard server...
2025-04-30 01:59:10,211 - __main__ - INFO - Starting dashboard server on port 8050...
2025-04-30 01:59:21,079 - MLPredictiveAnalysis.funding_stage_prediction - INFO - Historical database initialized
2025-04-30 01:59:21,079 - MLPredictiveAnalysis.funding_stage_prediction - ERROR - Error loading fundraiser data: 'list' object has no attribute 'get'
2025-04-30 01:59:21,082 - MLPredictiveAnalysis.funding_stage_prediction - INFO - Found funding types in growthlist data: ['Series B' 'Seed' 'Pre-Seed' 'Series A' 'Series C'
 'Venture - Series Unknown' 'Series E' 'Private Equity' 'Series G'
 'Initial Coin Offering']
2025-04-30 01:59:21,082 - MLPredictiveAnalysis.funding_stage_prediction - INFO - Loaded 100 records from growthlist data
2025-04-30 01:59:21,083 - MLPredictiveAnalysis.funding_stage_prediction - INFO - Loaded 100 records from topstartup data
2025-04-30 01:59:21,084 - MLPredictiveAnalysis.funding_stage_prediction - INFO - Loaded datasets - Fundraiser: 0 rows, Growthlist: 100 rows, Topstartup: 100 rows
2025-04-30 01:59:21,086 - MLPredictiveAnalysis.funding_stage_prediction - INFO - Processed 100 records from growthlist data
2025-04-30 01:59:21,089 - MLPredictiveAnalysis.funding_stage_prediction - INFO - Processed 100 records from topstartup data
2025-04-30 01:59:21,090 - MLPredictiveAnalysis.funding_stage_prediction - ERROR - Error saving historical data: table merged_data has no column named company_name
2025-04-30 01:59:21,091 - MLPredictiveAnalysis.funding_stage_prediction - INFO - Successfully merged 200 records
2025-04-30 01:59:21,091 - MLPredictiveAnalysis.funding_stage_prediction - INFO - Starting feature extraction for 200 records
2025-04-30 01:59:21,091 - MLPredictiveAnalysis.funding_stage_prediction - INFO - Found 10 unique funding stages: ['Series B' 'Seed' 'Pre-Seed' 'Series A' 'Series C'
 'Venture - Series Unknown' 'Series E' 'Private Equity' 'Series G'
 'Initial Coin Offering']
2025-04-30 01:59:21,091 - MLPredictiveAnalysis.funding_stage_prediction - INFO - Created funding stage mapping: {'Pre-Seed': 0, 'Seed': 1, 'Angel': 2, 'Series A': 3, 'Series B': 4, 'Series C': 5, 'Series D': 6, 'Series E': 7, 'Series F': 8, 'Series G': 9, 'Series H': 10, 'Venture - Series Unknown': 11, 'Private Equity': 12, 'Initial Coin Offering': 13, 'Unknown': 14}
2025-04-30 01:59:21,092 - MLPredictiveAnalysis.funding_stage_prediction - WARNING - Many dates failed to parse (100 NaN values)
2025-04-30 01:59:21,113 - MLPredictiveAnalysis.funding_stage_prediction - INFO - Feature engineering complete: 19 features created
2025-04-30 01:59:21,113 - MLPredictiveAnalysis.funding_stage_prediction - INFO - Created standardized output directory structure at /Users/hk/Downloads/DSFinalYearProject/FundingStageOutput
2025-04-30 01:59:21,113 - MLPredictiveAnalysis.funding_stage_prediction - INFO - Historical database initialized
2025-04-30 01:59:21,114 - MLPredictiveAnalysis.funding_stage_prediction - INFO - Archived 3 data files to ./data_archive/20250430_015921
2025-04-30 01:59:21,114 - MLPredictiveAnalysis.funding_stage_prediction - INFO -   - fundraiser.json
2025-04-30 01:59:21,114 - MLPredictiveAnalysis.funding_stage_prediction - INFO -   - growthlist.json
2025-04-30 01:59:21,114 - MLPredictiveAnalysis.funding_stage_prediction - INFO -   - topstartup.json
2025-04-30 01:59:21,114 - MLPredictiveAnalysis.funding_stage_prediction - INFO - Created visualization directory: /Users/hk/Downloads/DSFinalYearProject/FundingStageOutput/visualizations
2025-04-30 01:59:21,115 - MLPredictiveAnalysis.funding_stage_prediction - INFO - Created visualization directory: /Users/hk/Downloads/DSFinalYearProject/FundingStageOutput/visualizations
2025-04-30 01:59:21,115 - MLPredictiveAnalysis.funding_stage_prediction - INFO - Audit log initialized at /Users/hk/Downloads/DSFinalYearProject/FundingStageOutput/models/prediction_audit.csv
2025-04-30 01:59:21,115 - MLPredictiveAnalysis.funding_stage_prediction - INFO - Set up data archive directory at /Users/hk/Downloads/DSFinalYearProject/FundingStageOutput/data_archive/20250430_015921
2025-04-30 01:59:21,116 - MLPredictiveAnalysis.funding_stage_prediction - INFO - Dashboard output directory set to: /Users/hk/Downloads/DSFinalYearProject/FundingStageOutput/dashboards
2025-04-30 01:59:21,116 - MLPredictiveAnalysis.funding_stage_prediction - INFO - Created directory: /Users/hk/Downloads/DSFinalYearProject/FundingStageOutput/dashboards/classification_dashboards/model_comparison
2025-04-30 01:59:21,116 - MLPredictiveAnalysis.funding_stage_prediction - INFO - Created directory: /Users/hk/Downloads/DSFinalYearProject/FundingStageOutput/dashboards/classification_dashboards/calibration_curves
2025-04-30 01:59:21,116 - MLPredictiveAnalysis.funding_stage_prediction - INFO - Created directory: /Users/hk/Downloads/DSFinalYearProject/FundingStageOutput/dashboards/classification_dashboards/feature_importance
2025-04-30 01:59:21,116 - MLPredictiveAnalysis.funding_stage_prediction - INFO - Created directory: /Users/hk/Downloads/DSFinalYearProject/FundingStageOutput/dashboards/classification_dashboards/confusion_matrices
2025-04-30 01:59:21,116 - MLPredictiveAnalysis.funding_stage_prediction - INFO - Created directory: /Users/hk/Downloads/DSFinalYearProject/FundingStageOutput/dashboards/classification_dashboards/model_metrics
2025-04-30 01:59:21,116 - MLPredictiveAnalysis.funding_stage_prediction - INFO - Created directory: /Users/hk/Downloads/DSFinalYearProject/FundingStageOutput/dashboards/timeseries_dashboards/forecast_trends
2025-04-30 01:59:21,116 - MLPredictiveAnalysis.funding_stage_prediction - INFO - Created directory: /Users/hk/Downloads/DSFinalYearProject/FundingStageOutput/dashboards/timeseries_dashboards/industry_breakdown
2025-04-30 01:59:21,116 - MLPredictiveAnalysis.funding_stage_prediction - INFO - Created directory: /Users/hk/Downloads/DSFinalYearProject/FundingStageOutput/dashboards/timeseries_dashboards/stage_evolution
2025-04-30 01:59:21,116 - MLPredictiveAnalysis.funding_stage_prediction - INFO - Created directory: /Users/hk/Downloads/DSFinalYearProject/FundingStageOutput/dashboards/timeseries_dashboards/seasonality_analysis
2025-04-30 01:59:21,116 - MLPredictiveAnalysis.funding_stage_prediction - INFO - Set matplotlib backend to Agg
2025-04-30 01:59:21,116 - MLPredictiveAnalysis.funding_stage_prediction - INFO - Initialized model directory structure at /Users/hk/Downloads/DSFinalYearProject/FundingStageOutput/models
2025-04-30 01:59:21,116 - __main__ - WARNING - No model results loaded. Dashboard will have limited functionality.
2025-04-30 01:59:21,319 - __main__ - WARNING - App.write_html not available. Using basic HTML export.
2025-04-30 01:59:21,339 - __main__ - INFO - Basic dashboard saved to: ./interactive_dashboards/classification_dashboard_20250430_015921.html
2025-04-30 01:59:21,339 - __main__ - INFO - Classification dashboard saved to: ./interactive_dashboards/classification_dashboard_20250430_015921.html
2025-04-30 01:59:21,339 - __main__ - INFO - Starting interactive dashboard server...
2025-04-30 01:59:21,339 - __main__ - INFO - Starting dashboard server on port 8050...
