2025-04-23 00:09:31,497 - funding_amount_forecast - INFO - Funding Amount Forecast initialized
2025-04-23 00:09:31,498 - funding_amount_forecast - INFO - Starting funding amount forecast analysis
2025-04-23 00:09:31,499 - funding_amount_forecast - INFO - Loading data from JSON files
2025-04-23 00:09:31,528 - funding_amount_forecast - INFO - Loaded 1103 records from fundraiser data
2025-04-23 00:09:31,532 - funding_amount_forecast - INFO - Loaded 100 records from growthlist data
2025-04-23 00:09:31,538 - funding_amount_forecast - INFO - Loaded 546 records from topstartup data
2025-04-23 00:09:31,591 - funding_amount_forecast - INFO - Created DataFrame with 1749 records and 27 columns
2025-04-23 00:09:31,591 - funding_amount_forecast - INFO - Standardizing DataFrame
2025-04-23 00:09:31,757 - funding_amount_forecast - INFO - DataFrame standardization complete with 1749 records
2025-04-23 00:09:31,758 - funding_amount_forecast - INFO - Creating features for funding amount forecasting
2025-04-23 00:09:31,769 - funding_amount_forecast - INFO - Kept 1727 records with valid funding amounts
2025-04-23 00:09:31,771 - funding_amount_forecast - INFO - Converting funding_date to datetime
2025-04-23 00:09:38,539 - funding_amount_forecast - INFO - Estimating next round amounts for 623 companies without actual next round data
2025-04-23 00:09:39,156 - funding_amount_forecast - INFO - Feature engineering complete. Created 47 features.
2025-04-23 00:09:39,158 - funding_amount_forecast - INFO - Preparing data for model training
2025-04-23 00:09:39,160 - funding_amount_forecast - WARNING - Column funding_usd contains all NaN values and will be excluded from features
2025-04-23 00:09:39,162 - funding_amount_forecast - WARNING - Column avg_time_between_rounds contains all NaN values and will be excluded from features
2025-04-23 00:09:39,163 - funding_amount_forecast - INFO - Filling missing values with median
2025-04-23 00:09:39,165 - funding_amount_forecast - INFO - Using 1104 records with actual next round data for validation
2025-04-23 00:09:39,170 - funding_amount_forecast - INFO - Training set: 1395 records (772 actual, 623 estimated)
2025-04-23 00:09:39,171 - funding_amount_forecast - INFO - Test set: 332 records (all actual data)
2025-04-23 00:09:39,180 - funding_amount_forecast - INFO - Training models...
2025-04-23 00:09:39,180 - funding_amount_forecast - INFO - Training quantile regression forest with quantiles: [0.1, 0.5, 0.9]
2025-04-23 00:09:39,180 - funding_amount_forecast - INFO - Training model for quantile 0.1
2025-04-23 00:09:40,460 - funding_amount_forecast - INFO - Trained model for quantile 0.1
2025-04-23 00:09:40,461 - funding_amount_forecast - INFO - Training model for quantile 0.5
2025-04-23 00:09:41,424 - funding_amount_forecast - INFO - Trained model for quantile 0.5
2025-04-23 00:09:41,424 - funding_amount_forecast - INFO - Training model for quantile 0.9
2025-04-23 00:09:42,781 - funding_amount_forecast - INFO - Trained model for quantile 0.9
2025-04-23 00:09:42,781 - funding_amount_forecast - INFO - Training ensemble model
2025-04-23 00:09:44,950 - funding_amount_forecast - INFO - Evaluating models...
2025-04-23 00:09:44,951 - funding_amount_forecast - INFO - Evaluating model performance
2025-04-23 00:09:44,958 - funding_amount_forecast - INFO - Quantile Regression Forest Metrics: RMSE=$112193501.94, MAE=$38288360.55, R2=-0.0102, Log-R2=-0.1648, Within 20%=0.09, Same order of magnitude=0.77
2025-04-23 00:09:44,962 - funding_amount_forecast - INFO - 80% Prediction Interval Coverage: 0.6596
2025-04-23 00:09:44,962 - funding_amount_forecast - INFO - Evaluating model performance
2025-04-23 00:09:45,007 - funding_amount_forecast - INFO - random_forest Metrics: RMSE=$264003066.29, MAE=$61655527.23, R2=-4.5935, Log-R2=-0.2710, Within 20%=0.1007, Same order=0.7450
2025-04-23 00:09:45,011 - funding_amount_forecast - INFO - gradient_boosting Metrics: RMSE=$596723757.12, MAE=$101940180.52, R2=-27.5766, Log-R2=-0.3901, Within 20%=0.0738, Same order=0.7450
2025-04-23 00:09:45,041 - funding_amount_forecast - INFO - extra_trees Metrics: RMSE=$140655496.73, MAE=$62112015.69, R2=-0.5877, Log-R2=-0.3545, Within 20%=0.0604, Same order=0.6846
2025-04-23 00:09:45,043 - funding_amount_forecast - INFO - Ensemble Metrics: RMSE=$260669536.56, MAE=$73525372.37, R2=-4.4531, Log-R2=-0.3374, Within 20%=0.0940, Same order=0.7148
2025-04-23 00:09:45,279 - funding_amount_forecast - INFO - Creating visualizations...
2025-04-23 00:09:45,279 - funding_amount_forecast - INFO - Creating funding by stage visualization
2025-04-23 00:09:46,876 - funding_amount_forecast - INFO - Saved funding by stage visualization to /Users/hk/Downloads/DSFinalYearProject/outputFundingForecast/funding_by_stage.png
2025-04-23 00:09:46,876 - funding_amount_forecast - INFO - Creating funding by industry visualization
2025-04-23 00:09:48,405 - funding_amount_forecast - INFO - Saved funding by industry visualizations to /Users/hk/Downloads/DSFinalYearProject/outputFundingForecast/funding_by_industry_average.png and /Users/hk/Downloads/DSFinalYearProject/outputFundingForecast/funding_by_industry_distribution.png
2025-04-23 00:09:48,405 - funding_amount_forecast - INFO - Creating prediction accuracy visualization
2025-04-23 00:09:49,353 - funding_amount_forecast - INFO - Saved prediction accuracy visualization to /Users/hk/Downloads/DSFinalYearProject/outputFundingForecast/prediction_accuracy.png
2025-04-23 00:09:49,354 - funding_amount_forecast - INFO - Creating feature importance visualization
2025-04-23 00:09:49,803 - funding_amount_forecast - INFO - Saved feature importance visualization to /Users/hk/Downloads/DSFinalYearProject/outputFundingForecast/feature_importance.png
2025-04-23 00:09:49,803 - funding_amount_forecast - INFO - Creating model calibration visualization
2025-04-23 00:09:50,184 - funding_amount_forecast - INFO - Saved model calibration visualization to /Users/hk/Downloads/DSFinalYearProject/outputFundingForecast/model_calibration.png
2025-04-23 00:09:50,184 - funding_amount_forecast - INFO - Creating error distribution visualization
2025-04-23 00:09:54,481 - funding_amount_forecast - INFO - Saved error distribution visualization to /Users/hk/Downloads/DSFinalYearProject/outputFundingForecast/error_distribution.png
2025-04-23 00:09:54,482 - funding_amount_forecast - INFO - Creating prediction intervals visualization
2025-04-23 00:09:55,572 - funding_amount_forecast - INFO - Saved prediction intervals visualization to /Users/hk/Downloads/DSFinalYearProject/outputFundingForecast/prediction_intervals.png
2025-04-23 00:09:55,577 - funding_amount_forecast - INFO - Generating report...
2025-04-23 00:09:55,578 - funding_amount_forecast - INFO - Generating funding amount forecast report
2025-04-23 00:09:55,657 - funding_amount_forecast - INFO - Funding amount forecast report saved to /Users/hk/Downloads/DSFinalYearProject/outputFundingForecast/funding_amount_forecast_report.md
2025-04-23 00:09:55,658 - funding_amount_forecast - INFO - markdown2 package not available, skipping HTML conversion
2025-04-23 00:09:55,658 - funding_amount_forecast - INFO - Saving model...
2025-04-23 00:09:55,658 - funding_amount_forecast - INFO - Saving model to /Users/hk/Downloads/DSFinalYearProject/outputFundingForecast/funding_amount_forecast_model.pkl
2025-04-23 00:09:55,807 - funding_amount_forecast - INFO - Model saved successfully to /Users/hk/Downloads/DSFinalYearProject/outputFundingForecast/funding_amount_forecast_model.pkl
2025-04-23 00:09:55,808 - funding_amount_forecast - INFO - Funding amount forecast analysis completed successfully
