2025-04-09 06:41:58,917 - TopStartupsScraper - INFO - Starting scraping attempt 1/3
2025-04-09 06:42:00,933 - TopStartupsScraper - INFO - WebDriver initialized successfully
2025-04-09 06:42:00,933 - TopStartupsScraper - INFO - Navigating to: https://topstartups.io/?hq_location=San+Francisco+Bay+Area
2025-04-09 06:42:33,031 - TopStartupsScraper - ERROR - Timed out waiting for page to load
2025-04-09 06:42:33,033 - TopStartupsScraper - ERROR - Attempt 1 failed: Message: 
Stacktrace:
0   chromedriver                        0x0000000100ce6dec cxxbridge1$str$ptr + 2817040
1   chromedriver                        0x0000000100cdf088 cxxbridge1$str$ptr + 2784940
2   chromedriver                        0x00000001008268d8 cxxbridge1$string$len + 93028
3   chromedriver                        0x000000010086d6a0 cxxbridge1$string$len + 383276
4   chromedriver                        0x00000001008ae7b8 cxxbridge1$string$len + 649796
5   chromedriver                        0x0000000100861a80 cxxbridge1$string$len + 335116
6   chromedriver                        0x0000000100cabc74 cxxbridge1$str$ptr + 2575000
7   chromedriver                        0x0000000100caef40 cxxbridge1$str$ptr + 2588004
8   chromedriver                        0x0000000100c8b9fc cxxbridge1$str$ptr + 2443296
9   chromedriver                        0x0000000100caf7bc cxxbridge1$str$ptr + 2590176
10  chromedriver                        0x0000000100c7caf0 cxxbridge1$str$ptr + 2382100
11  chromedriver                        0x0000000100ccf9a0 cxxbridge1$str$ptr + 2721732
12  chromedriver                        0x0000000100ccfb2c cxxbridge1$str$ptr + 2722128
13  chromedriver                        0x0000000100cdecd4 cxxbridge1$str$ptr + 2783992
14  libsystem_pthread.dylib             0x0000000187e23fa8 _pthread_start + 148
15  libsystem_pthread.dylib             0x0000000187e1eda0 thread_start + 8

2025-04-09 06:42:33,270 - TopStartupsScraper - INFO - Screenshot saved: ./screenshots/error_attempt_1_064233.png
2025-04-09 06:42:33,270 - TopStartupsScraper - INFO - Retrying in 10 seconds...
2025-04-09 06:42:43,370 - TopStartupsScraper - INFO - WebDriver closed successfully
2025-04-09 06:42:43,370 - TopStartupsScraper - INFO - Starting scraping attempt 2/3
2025-04-09 06:42:44,560 - TopStartupsScraper - INFO - WebDriver initialized successfully
2025-04-09 06:42:44,561 - TopStartupsScraper - INFO - Navigating to: https://topstartups.io/?hq_location=San+Francisco+Bay+Area
2025-04-09 06:43:16,118 - TopStartupsScraper - ERROR - Timed out waiting for page to load
2025-04-09 06:43:16,119 - TopStartupsScraper - ERROR - Attempt 2 failed: Message: 
Stacktrace:
0   chromedriver                        0x0000000102cc2dec cxxbridge1$str$ptr + 2817040
1   chromedriver                        0x0000000102cbb088 cxxbridge1$str$ptr + 2784940
2   chromedriver                        0x00000001028028d8 cxxbridge1$string$len + 93028
3   chromedriver                        0x00000001028496a0 cxxbridge1$string$len + 383276
4   chromedriver                        0x000000010288a7b8 cxxbridge1$string$len + 649796
5   chromedriver                        0x000000010283da80 cxxbridge1$string$len + 335116
6   chromedriver                        0x0000000102c87c74 cxxbridge1$str$ptr + 2575000
7   chromedriver                        0x0000000102c8af40 cxxbridge1$str$ptr + 2588004
8   chromedriver                        0x0000000102c679fc cxxbridge1$str$ptr + 2443296
9   chromedriver                        0x0000000102c8b7bc cxxbridge1$str$ptr + 2590176
10  chromedriver                        0x0000000102c58af0 cxxbridge1$str$ptr + 2382100
11  chromedriver                        0x0000000102cab9a0 cxxbridge1$str$ptr + 2721732
12  chromedriver                        0x0000000102cabb2c cxxbridge1$str$ptr + 2722128
13  chromedriver                        0x0000000102cbacd4 cxxbridge1$str$ptr + 2783992
14  libsystem_pthread.dylib             0x0000000187e23fa8 _pthread_start + 148
15  libsystem_pthread.dylib             0x0000000187e1eda0 thread_start + 8

2025-04-09 06:43:16,382 - TopStartupsScraper - INFO - Screenshot saved: ./screenshots/error_attempt_2_064316.png
2025-04-09 06:43:16,382 - TopStartupsScraper - INFO - Retrying in 20 seconds...
2025-04-09 06:43:36,473 - TopStartupsScraper - INFO - WebDriver closed successfully
2025-04-09 06:43:36,474 - TopStartupsScraper - INFO - Starting scraping attempt 3/3
2025-04-09 06:43:37,539 - TopStartupsScraper - INFO - WebDriver initialized successfully
2025-04-09 06:43:37,539 - TopStartupsScraper - INFO - Navigating to: https://topstartups.io/?hq_location=San+Francisco+Bay+Area
2025-04-09 06:44:09,054 - TopStartupsScraper - ERROR - Timed out waiting for page to load
2025-04-09 06:44:09,058 - TopStartupsScraper - ERROR - Attempt 3 failed: Message: 
Stacktrace:
0   chromedriver                        0x0000000100e5adec cxxbridge1$str$ptr + 2817040
1   chromedriver                        0x0000000100e53088 cxxbridge1$str$ptr + 2784940
2   chromedriver                        0x000000010099a8d8 cxxbridge1$string$len + 93028
3   chromedriver                        0x00000001009e16a0 cxxbridge1$string$len + 383276
4   chromedriver                        0x0000000100a227b8 cxxbridge1$string$len + 649796
5   chromedriver                        0x00000001009d5a80 cxxbridge1$string$len + 335116
6   chromedriver                        0x0000000100e1fc74 cxxbridge1$str$ptr + 2575000
7   chromedriver                        0x0000000100e22f40 cxxbridge1$str$ptr + 2588004
8   chromedriver                        0x0000000100dff9fc cxxbridge1$str$ptr + 2443296
9   chromedriver                        0x0000000100e237bc cxxbridge1$str$ptr + 2590176
10  chromedriver                        0x0000000100df0af0 cxxbridge1$str$ptr + 2382100
11  chromedriver                        0x0000000100e439a0 cxxbridge1$str$ptr + 2721732
12  chromedriver                        0x0000000100e43b2c cxxbridge1$str$ptr + 2722128
13  chromedriver                        0x0000000100e52cd4 cxxbridge1$str$ptr + 2783992
14  libsystem_pthread.dylib             0x0000000187e23fa8 _pthread_start + 148
15  libsystem_pthread.dylib             0x0000000187e1eda0 thread_start + 8

2025-04-09 06:44:09,327 - TopStartupsScraper - INFO - Screenshot saved: ./screenshots/error_attempt_3_064409.png
2025-04-09 06:44:09,327 - TopStartupsScraper - ERROR - All scraping attempts failed
2025-04-09 06:44:09,404 - TopStartupsScraper - INFO - WebDriver closed successfully
