2025-04-07 05:52:18,568 - WDM - INFO - ====== WebDriver manager ======
2025-04-07 05:52:18,715 - WDM - INFO - Get LATEST chromedriver version for google-chrome
2025-04-07 05:52:18,768 - WDM - INFO - Get LATEST chromedriver version for google-chrome
2025-04-07 05:52:18,801 - WDM - INFO - Driver [/Users/hk/.wdm/drivers/chromedriver/mac64/134.0.6998.165/chromedriver-mac-arm64/chromedriver] found in cache
2025-04-07 05:52:20,174 - __main__ - INFO - Chrome WebDriver initialized successfully
2025-04-07 05:52:20,174 - __main__ - INFO - Navigating to https://topstartups.io/?hq_location=San+Francisco+Bay+Area&sort=funding
2025-04-07 05:52:21,578 - __main__ - INFO - Loading all content...
2025-04-07 05:52:28,743 - __main__ - INFO - Extracting data...
2025-04-07 05:52:28,749 - __main__ - INFO - Saving data...
2025-04-07 05:52:28,751 - __main__ - INFO - Data saved to data/json/startups_20250407_055228.json
2025-04-07 05:52:28,769 - __main__ - INFO - Data saved to data/csv/startups_20250407_055228.csv
2025-04-07 05:52:28,770 - __main__ - INFO - Backup created: backups/startups_20250407_055228.json_backup_202504070552
2025-04-07 05:52:28,772 - __main__ - ERROR - Backup failed: No columns to parse from file
2025-04-07 05:52:28,856 - __main__ - INFO - Scheduler started with 24 hour interval
2025-04-07 06:00:53,993 - WDM - INFO - ====== WebDriver manager ======
2025-04-07 06:00:54,146 - WDM - INFO - Get LATEST chromedriver version for google-chrome
2025-04-07 06:00:54,189 - WDM - INFO - Get LATEST chromedriver version for google-chrome
2025-04-07 06:00:54,222 - WDM - INFO - Driver [/Users/hk/.wdm/drivers/chromedriver/mac64/134.0.6998.165/chromedriver-mac-arm64/chromedriver] found in cache
2025-04-07 06:00:56,094 - __main__ - INFO - Chrome WebDriver initialized successfully
2025-04-07 06:01:07,509 - __main__ - INFO - Scrolled to bottom (attempt 1)
2025-04-07 06:01:19,709 - __main__ - INFO - No new content detected, stopping scroll
2025-04-07 06:01:49,750 - __main__ - ERROR - Update check failed: Message: 

2025-04-07 06:01:49,751 - __main__ - INFO - No updates found
2025-04-07 06:01:49,753 - __main__ - INFO - Scheduler started with 24 hour interval
2025-04-07 06:06:39,688 - WDM - INFO - ====== WebDriver manager ======
2025-04-07 06:06:39,788 - WDM - INFO - Get LATEST chromedriver version for google-chrome
2025-04-07 06:06:39,828 - WDM - INFO - Get LATEST chromedriver version for google-chrome
2025-04-07 06:06:39,860 - WDM - INFO - Driver [/Users/hk/.wdm/drivers/chromedriver/mac64/134.0.6998.165/chromedriver-mac-arm64/chromedriver] found in cache
2025-04-07 06:06:41,452 - __main__ - INFO - Chrome WebDriver initialized successfully
2025-04-07 06:06:41,452 - __main__ - INFO - Navigating to https://topstartups.io/?hq_location=San+Francisco+Bay+Area&sort=funding
2025-04-07 06:06:57,764 - __main__ - INFO - No cookie dialog found
2025-04-07 06:06:57,765 - __main__ - INFO - Loading all startups...
2025-04-07 06:06:57,776 - __main__ - INFO - Scrolled to bottom (attempt 1)
2025-04-07 06:07:10,078 - __main__ - INFO - No new content detected, stopping scroll
2025-04-07 06:07:10,219 - __main__ - INFO - Extracting startup data...
2025-04-07 06:07:10,222 - __main__ - INFO - Found 0 startup cards
2025-04-07 06:07:10,222 - __main__ - INFO - Saving data for 0 startups...
2025-04-07 06:07:10,222 - __main__ - INFO - Data saved to data/json/bay_area_startups_20250407_060710.json
2025-04-07 06:07:10,228 - __main__ - INFO - Data saved to data/csv/bay_area_startups_20250407_060710.csv
2025-04-07 06:07:10,228 - __main__ - INFO - Scraping completed successfully
