2025-04-23 02:21:13,533 - funding_amount_forecast - INFO - Funding Amount Forecast initialized
2025-04-23 02:22:38,656 - funding_amount_forecast - INFO - Starting funding amount forecast analysis
2025-04-23 02:22:38,656 - funding_amount_forecast - INFO - Loading data from JSON files
2025-04-23 02:22:38,659 - funding_amount_forecast - INFO - Loaded 1103 records from fundraiser data
2025-04-23 02:22:38,660 - funding_amount_forecast - INFO - Loaded 100 records from growthlist data
2025-04-23 02:22:38,663 - funding_amount_forecast - INFO - Loaded 546 records from topstartup data
2025-04-23 02:22:38,670 - funding_amount_forecast - INFO - Created DataFrame with 1749 records and 27 columns
2025-04-23 02:22:38,670 - funding_amount_forecast - INFO - Standardizing DataFrame
2025-04-23 02:22:38,696 - funding_amount_forecast - INFO - DataFrame standardization complete with 1749 records
2025-04-23 02:22:38,697 - funding_amount_forecast - INFO - Creating features for funding amount forecasting
2025-04-23 02:22:38,699 - funding_amount_forecast - INFO - Kept 1727 records with valid funding amounts
2025-04-23 02:22:38,699 - funding_amount_forecast - INFO - Converting funding_date to datetime
2025-04-23 02:22:39,730 - funding_amount_forecast - INFO - Estimating next round amounts for 623 companies without actual next round data
2025-04-23 02:22:39,889 - funding_amount_forecast - INFO - Feature engineering complete. Created 47 features.
2025-04-23 02:22:39,890 - funding_amount_forecast - INFO - Preparing data for model training
2025-04-23 02:22:39,893 - funding_amount_forecast - WARNING - Column funding_usd contains all NaN values and will be excluded from features
2025-04-23 02:22:39,895 - funding_amount_forecast - WARNING - Column avg_time_between_rounds contains all NaN values and will be excluded from features
2025-04-23 02:22:39,898 - funding_amount_forecast - INFO - Filling missing values with median
2025-04-23 02:22:39,900 - funding_amount_forecast - INFO - Using 1104 records with actual next round data for validation
2025-04-23 02:22:39,903 - funding_amount_forecast - INFO - Training set: 1395 records (772 actual, 623 estimated)
2025-04-23 02:22:39,903 - funding_amount_forecast - INFO - Test set: 332 records (all actual data)
2025-04-23 02:22:39,908 - funding_amount_forecast - INFO - Training models...
2025-04-23 02:22:39,908 - funding_amount_forecast - INFO - Training quantile regression forest with quantiles: [0.1, 0.5, 0.9]
2025-04-23 02:22:39,908 - funding_amount_forecast - INFO - Training model for quantile 0.1
2025-04-23 02:22:40,369 - funding_amount_forecast - INFO - Trained model for quantile 0.1
2025-04-23 02:22:40,369 - funding_amount_forecast - INFO - Training model for quantile 0.5
2025-04-23 02:22:40,820 - funding_amount_forecast - INFO - Trained model for quantile 0.5
2025-04-23 02:22:40,820 - funding_amount_forecast - INFO - Training model for quantile 0.9
2025-04-23 02:22:41,260 - funding_amount_forecast - INFO - Trained model for quantile 0.9
2025-04-23 02:22:41,261 - funding_amount_forecast - INFO - Training ensemble model
2025-04-23 02:22:42,147 - funding_amount_forecast - INFO - Evaluating models...
2025-04-23 02:22:42,148 - funding_amount_forecast - INFO - Evaluating model performance
2025-04-23 02:22:42,151 - funding_amount_forecast - INFO - Quantile Regression Forest Metrics: RMSE=$112212273.43, MAE=$38205684.84, R2=-0.0105, Log-R2=-0.1624, Within 20%=0.09, Same order of magnitude=0.79
2025-04-23 02:22:42,154 - funding_amount_forecast - INFO - 80% Prediction Interval Coverage: 0.6566
2025-04-23 02:22:42,154 - funding_amount_forecast - INFO - Evaluating model performance
2025-04-23 02:22:42,180 - funding_amount_forecast - INFO - random_forest Metrics: RMSE=$269925057.16, MAE=$61995547.81, R2=-4.8472, Log-R2=-0.2713, Within 20%=0.1040, Same order=0.7416
2025-04-23 02:22:42,183 - funding_amount_forecast - INFO - gradient_boosting Metrics: RMSE=$695685827.42, MAE=$109786196.90, R2=-37.8410, Log-R2=-0.3714, Within 20%=0.0940, Same order=0.7282
2025-04-23 02:22:42,211 - funding_amount_forecast - INFO - extra_trees Metrics: RMSE=$140567883.89, MAE=$62539432.91, R2=-0.5858, Log-R2=-0.3561, Within 20%=0.0671, Same order=0.6812
2025-04-23 02:22:42,213 - funding_amount_forecast - INFO - Ensemble Metrics: RMSE=$285399187.99, MAE=$76402278.49, R2=-5.5369, Log-R2=-0.3418, Within 20%=0.0872, Same order=0.7081
2025-04-23 02:22:42,272 - funding_amount_forecast - INFO - Creating visualizations...
2025-04-23 02:22:42,272 - funding_amount_forecast - INFO - Creating funding by stage visualization
2025-04-23 02:22:42,874 - funding_amount_forecast - INFO - Saved funding by stage visualization to ../output_success_failure/amount_forecast/funding_by_stage.png
2025-04-23 02:22:42,874 - funding_amount_forecast - INFO - Creating funding by industry visualization
2025-04-23 02:22:44,513 - funding_amount_forecast - INFO - Saved funding by industry visualizations to ../output_success_failure/amount_forecast/funding_by_industry_average.png and ../output_success_failure/amount_forecast/funding_by_industry_distribution.png
2025-04-23 02:22:44,513 - funding_amount_forecast - INFO - Creating prediction accuracy visualization
2025-04-23 02:22:44,898 - funding_amount_forecast - INFO - Saved prediction accuracy visualization to ../output_success_failure/amount_forecast/prediction_accuracy.png
2025-04-23 02:22:44,898 - funding_amount_forecast - INFO - Creating feature importance visualization
2025-04-23 02:22:45,240 - funding_amount_forecast - INFO - Saved feature importance visualization to ../output_success_failure/amount_forecast/feature_importance.png
2025-04-23 02:22:45,240 - funding_amount_forecast - INFO - Creating model calibration visualization
2025-04-23 02:22:45,493 - funding_amount_forecast - INFO - Saved model calibration visualization to ../output_success_failure/amount_forecast/model_calibration.png
2025-04-23 02:22:45,493 - funding_amount_forecast - INFO - Creating error distribution visualization
2025-04-23 02:22:47,308 - funding_amount_forecast - INFO - Saved error distribution visualization to ../output_success_failure/amount_forecast/error_distribution.png
2025-04-23 02:22:47,308 - funding_amount_forecast - INFO - Creating prediction intervals visualization
2025-04-23 02:22:47,604 - funding_amount_forecast - INFO - Saved prediction intervals visualization to ../output_success_failure/amount_forecast/prediction_intervals.png
2025-04-23 02:22:47,604 - funding_amount_forecast - INFO - Generating report...
2025-04-23 02:22:47,604 - funding_amount_forecast - INFO - Generating funding amount forecast report
2025-04-23 02:22:47,643 - funding_amount_forecast - INFO - Funding amount forecast report saved to ../output_success_failure/amount_forecast/funding_amount_forecast_report.md
2025-04-23 02:22:47,644 - funding_amount_forecast - INFO - markdown2 package not available, skipping HTML conversion
2025-04-23 02:22:47,644 - funding_amount_forecast - INFO - Saving model...
2025-04-23 02:22:47,644 - funding_amount_forecast - INFO - Saving model to /Users/hk/Downloads/DSFinalYearProject/output_success_failure/amount_forecast/funding_amount_forecast_model.pkl
2025-04-23 02:22:47,740 - funding_amount_forecast - INFO - Model saved successfully to /Users/hk/Downloads/DSFinalYearProject/output_success_failure/amount_forecast/funding_amount_forecast_model.pkl
2025-04-23 02:22:47,740 - funding_amount_forecast - INFO - Funding amount forecast analysis completed successfully
